Archive member included to satisfy reference by file (symbol)

app/libapp.a(main.c.obj)      (--whole-archive)
zephyr/libzephyr.a(cbprintf.c.obj)
                              (--whole-archive)
zephyr/libzephyr.a(cbprintf_packaged.c.obj)
                              (--whole-archive)
zephyr/libzephyr.a(crc32c_sw.c.obj)
                              (--whole-archive)
zephyr/libzephyr.a(crc32_sw.c.obj)
                              (--whole-archive)
zephyr/libzephyr.a(crc16_sw.c.obj)
                              (--whole-archive)
zephyr/libzephyr.a(crc8_sw.c.obj)
                              (--whole-archive)
zephyr/libzephyr.a(crc7_sw.c.obj)
                              (--whole-archive)
zephyr/libzephyr.a(dec.c.obj)
                              (--whole-archive)
zephyr/libzephyr.a(fdtable.c.obj)
                              (--whole-archive)
zephyr/libzephyr.a(hex.c.obj)
                              (--whole-archive)
zephyr/libzephyr.a(notify.c.obj)
                              (--whole-archive)
zephyr/libzephyr.a(printk.c.obj)
                              (--whole-archive)
zephyr/libzephyr.a(onoff.c.obj)
                              (--whole-archive)
zephyr/libzephyr.a(rb.c.obj)  (--whole-archive)
zephyr/libzephyr.a(sem.c.obj)
                              (--whole-archive)
zephyr/libzephyr.a(thread_entry.c.obj)
                              (--whole-archive)
zephyr/libzephyr.a(timeutil.c.obj)
                              (--whole-archive)
zephyr/libzephyr.a(heap.c.obj)
                              (--whole-archive)
zephyr/libzephyr.a(heap-validate.c.obj)
                              (--whole-archive)
zephyr/libzephyr.a(cbprintf_complete.c.obj)
                              (--whole-archive)
zephyr/libzephyr.a(mpsc_pbuf.c.obj)
                              (--whole-archive)
zephyr/libzephyr.a(configs.c.obj)
                              (--whole-archive)
zephyr/libzephyr.a(soc.c.obj)
                              (--whole-archive)
zephyr/libzephyr.a(stm32cube_hal.c.obj)
                              (--whole-archive)
zephyr/libzephyr.a(log_list.c.obj)
                              (--whole-archive)
zephyr/libzephyr.a(log_core.c.obj)
                              (--whole-archive)
zephyr/libzephyr.a(log_msg.c.obj)
                              (--whole-archive)
zephyr/libzephyr.a(log_output.c.obj)
                              (--whole-archive)
zephyr/libzephyr.a(log_backend_uart.c.obj)
                              (--whole-archive)
zephyr/libzephyr.a(power.c.obj)
                              (--whole-archive)
zephyr/libzephyr.a(pm_ctrl.c.obj)
                              (--whole-archive)
zephyr/libzephyr.a(device.c.obj)
                              (--whole-archive)
zephyr/libzephyr.a(policy_residency.c.obj)
                              (--whole-archive)
zephyr/libzephyr.a(uart_console.c.obj)
                              (--whole-archive)
zephyr/libzephyr.a(intc_exti_stm32.c.obj)
                              (--whole-archive)
zephyr/libzephyr.a(clock_stm32_ll_common.c.obj)
                              (--whole-archive)
zephyr/libzephyr.a(clock_stm32l4_l5_wb_wl.c.obj)
                              (--whole-archive)
zephyr/libzephyr.a(pinmux_stm32.c.obj)
                              (--whole-archive)
zephyr/libzephyr.a(sys_clock_init.c.obj)
                              (--whole-archive)
zephyr/libzephyr.a(stm32_lptim_timer.c.obj)
                              (--whole-archive)
zephyr/libzephyr.a(ipm_stm32_ipcc.c.obj)
                              (--whole-archive)
zephyr/libzephyr.a(systime.c.obj)
                              (--whole-archive)
zephyr/libzephyr.a(timer.c.obj)
                              (--whole-archive)
zephyr/libzephyr.a(rtctime.c.obj)
                              (--whole-archive)
zephyr/libzephyr.a(utilities.c.obj)
                              (--whole-archive)
zephyr/libzephyr.a(subghz.c.obj)
                              (--whole-archive)
zephyr/libzephyr.a(lora_info.c.obj)
                              (--whole-archive)
zephyr/libzephyr.a(lorawan_aes.c.obj)
                              (--whole-archive)
zephyr/libzephyr.a(cmac.c.obj)
                              (--whole-archive)
zephyr/libzephyr.a(soft-se.c.obj)
                              (--whole-archive)
zephyr/libzephyr.a(radio_driver.c.obj)
                              (--whole-archive)
zephyr/libzephyr.a(radio.c.obj)
                              (--whole-archive)
zephyr/libzephyr.a(LoRaMac.c.obj)
                              (--whole-archive)
zephyr/libzephyr.a(LoRaMacAdr.c.obj)
                              (--whole-archive)
zephyr/libzephyr.a(LoRaMacClassB.c.obj)
                              (--whole-archive)
zephyr/libzephyr.a(LoRaMacCommands.c.obj)
                              (--whole-archive)
zephyr/libzephyr.a(LoRaMacConfirmQueue.c.obj)
                              (--whole-archive)
zephyr/libzephyr.a(LoRaMacCrypto.c.obj)
                              (--whole-archive)
[...]
Memory Configuration

Name             Origin             Length             Attributes
FLASH            0x0000000008020000 0x0000000000020000 xr
SRAM             0x0000000020008000 0x0000000000008000 xw
IDT_LIST         0x0000000020010000 0x0000000000000800 xw
*default*        0x0000000000000000 0xffffffffffffffff

Linker script and memory map

LOAD zephyr/CMakeFiles/zephyr_prebuilt.dir/misc/empty_file.c.obj
                0x0000000000000100                _region_min_align = 0x100

.rel.plt        0x0000000008020000        0x0
 *(SORT_BY_ALIGNMENT(.rel.plt))
                [!provide]                        PROVIDE (__rel_iplt_start = .)
 *(SORT_BY_ALIGNMENT(.rel.iplt))
 .rel.iplt      0x0000000008020000        0x0 app/libapp.a(main.c.obj)
                [!provide]                        PROVIDE (__rel_iplt_end = .)

.rela.plt       0x0000000000000000        0x0
 *(SORT_BY_ALIGNMENT(.rela.plt))
                [!provide]                        PROVIDE (__rela_iplt_start = .)
 *(SORT_BY_ALIGNMENT(.rela.iplt))
                [!provide]                        PROVIDE (__rela_iplt_end = .)

.rel.dyn
 *(SORT_BY_ALIGNMENT(.rel.*))

.rela.dyn
 *(SORT_BY_ALIGNMENT(.rela.*))

/DISCARD/
 *(SORT_BY_ALIGNMENT(.plt))
 *(SORT_BY_ALIGNMENT(.iplt))
 *(SORT_BY_ALIGNMENT(.got.plt))
 *(SORT_BY_ALIGNMENT(.igot.plt))
 *(SORT_BY_ALIGNMENT(.got))
 *(SORT_BY_ALIGNMENT(.igot))
 *(SORT_BY_ALIGNMENT(.note.GNU-stack))
                0x0000000008020000                _image_rom_start = 0x8020000

rom_start       0x0000000008020000       0xc0
                0x0000000000000000                . = 0x0
                0x0000000000000000                . = ALIGN (0x4)
                0x0000000000000000                . = ALIGN (0x80)
                0x0000000000000000                . = ALIGN (0x100)
                0x0000000008020000                _vector_start = .
 *(SORT_BY_ALIGNMENT(.exc_vector_table))
 *(SORT_BY_ALIGNMENT(.exc_vector_table.*))
 .exc_vector_table._vector_table_section
                0x0000000008020000       0x40 zephyr/arch/arch/arm/core/aarch32/cortex_m/libarch__arm__core__aarch32__cortex_m.a(vector_table.S.obj)
                0x0000000008020000                _vector_table
 *(SORT_BY_ALIGNMENT(.gnu.linkonce.irq_vector_table*))
 .gnu.linkonce.irq_vector_table
                0x0000000008020040       0x80 zephyr/arch/common/libisr_tables.a(isr_tables.c.obj)
                0x0000000008020040                _irq_vector_table
 *(SORT_BY_ALIGNMENT(.vectors))
                0x00000000080200c0                _vector_end = .

text            0x00000000080200c0    0x10f2a
                0x00000000080200c0                _image_text_start = .
 *(SORT_BY_ALIGNMENT(.text))
 .text          0x00000000080200c0       0x14 /usr/local/bin/../lib/gcc/arm-none-eabi/10.2.1/thumb/v6-m/nofp/libgcc.a(_thumb1_case_sqi.o)
                0x00000000080200c0                __gnu_thumb1_case_sqi
 .text          0x00000000080200d4       0x14 /usr/local/bin/../lib/gcc/arm-none-eabi/10.2.1/thumb/v6-m/nofp/libgcc.a(_thumb1_case_uqi.o)
                0x00000000080200d4                __gnu_thumb1_case_uqi
 .text          0x00000000080200e8       0x14 /usr/local/bin/../lib/gcc/arm-none-eabi/10.2.1/thumb/v6-m/nofp/libgcc.a(_thumb1_case_shi.o)
                0x00000000080200e8                __gnu_thumb1_case_shi
 .text          0x00000000080200fc       0x14 /usr/local/bin/../lib/gcc/arm-none-eabi/10.2.1/thumb/v6-m/nofp/libgcc.a(_thumb1_case_uhi.o)
                0x00000000080200fc                __gnu_thumb1_case_uhi
 .text          0x0000000008020110      0x114 /usr/local/bin/../lib/gcc/arm-none-eabi/10.2.1/thumb/v6-m/nofp/libgcc.a(_udivsi3.o)
                0x0000000008020110                __udivsi3
                0x0000000008020110                __aeabi_uidiv
                0x000000000802021c                __aeabi_uidivmod
 .text          0x0000000008020224      0x1d4 /usr/local/bin/../lib/gcc/arm-none-eabi/10.2.1/thumb/v6-m/nofp/libgcc.a(_divsi3.o)
                0x0000000008020224                __aeabi_idiv
                0x0000000008020224                __divsi3
                0x00000000080203f0                __aeabi_idivmod
 .text          0x00000000080203f8        0x4 /usr/local/bin/../lib/gcc/arm-none-eabi/10.2.1/thumb/v6-m/nofp/libgcc.a(_dvmd_tls.o)
                0x00000000080203f8                __aeabi_ldiv0
                0x00000000080203f8                __aeabi_idiv0
 .text          0x00000000080203fc       0x74 /usr/local/bin/../lib/gcc/arm-none-eabi/10.2.1/thumb/v6-m/nofp/libgcc.a(_arm_cmpsf2.o)
                0x00000000080203fc                __aeabi_cfrcmple
                0x0000000008020404                __aeabi_cfcmple
                0x0000000008020404                __aeabi_cfcmpeq
                0x0000000008020414                __aeabi_fcmpeq
                0x0000000008020420                __aeabi_fcmplt
                0x0000000008020434                __aeabi_fcmple
                0x0000000008020448                __aeabi_fcmpgt
                0x000000000802045c                __aeabi_fcmpge
 .text          0x0000000008020470       0x3c /usr/local/bin/../lib/gcc/arm-none-eabi/10.2.1/thumb/v6-m/nofp/libgcc.a(_clzsi2.o)
                0x0000000008020470                __clzsi2
 .text          0x00000000080204ac       0x40 /usr/local/bin/../lib/gcc/arm-none-eabi/10.2.1/thumb/v6-m/nofp/libgcc.a(_aeabi_uldivmod.o)
                0x00000000080204ac                __aeabi_uldivmod
 .text          0x00000000080204ec       0x5c /usr/local/bin/../lib/gcc/arm-none-eabi/10.2.1/thumb/v6-m/nofp/libgcc.a(_muldi3.o)
                0x00000000080204ec                __aeabi_lmul
                0x00000000080204ec                __muldi3
 .text          0x0000000008020548       0x30 /usr/local/bin/../lib/gcc/arm-none-eabi/10.2.1/thumb/v6-m/nofp/libgcc.a(_fixunssfsi.o)
                0x0000000008020548                __aeabi_f2uiz
                0x0000000008020548                __fixunssfsi
 .text          0x0000000008020578      0x198 /usr/local/bin/../lib/gcc/arm-none-eabi/10.2.1/thumb/v6-m/nofp/libgcc.a(_udivmoddi4.o)
                0x0000000008020578                __udivmoddi4
 .text          0x0000000008020710      0x33c /usr/local/bin/../lib/gcc/arm-none-eabi/10.2.1/thumb/v6-m/nofp/libgcc.a(addsf3.o)
                0x0000000008020710                __aeabi_fadd
 .text          0x0000000008020a4c      0x230 /usr/local/bin/../lib/gcc/arm-none-eabi/10.2.1/thumb/v6-m/nofp/libgcc.a(divsf3.o)
                0x0000000008020a4c                __aeabi_fdiv
 .text          0x0000000008020c7c       0x4c /usr/local/bin/../lib/gcc/arm-none-eabi/10.2.1/thumb/v6-m/nofp/libgcc.a(eqsf2.o)
                0x0000000008020c7c                __nesf2
                0x0000000008020c7c                __eqsf2
 .text          0x0000000008020cc8       0x8c /usr/local/bin/../lib/gcc/arm-none-eabi/10.2.1/thumb/v6-m/nofp/libgcc.a(gesf2.o)
                0x0000000008020cc8                __gtsf2
                0x0000000008020cc8                __gesf2
 .text          0x0000000008020d54       0x88 /usr/local/bin/../lib/gcc/arm-none-eabi/10.2.1/thumb/v6-m/nofp/libgcc.a(lesf2.o)
                0x0000000008020d54                __lesf2
                0x0000000008020d54                __ltsf2
 .text          0x0000000008020ddc      0x24c /usr/local/bin/../lib/gcc/arm-none-eabi/10.2.1/thumb/v6-m/nofp/libgcc.a(mulsf3.o)
                0x0000000008020ddc                __aeabi_fmul
 .text          0x0000000008021028      0x35c /usr/local/bin/../lib/gcc/arm-none-eabi/10.2.1/thumb/v6-m/nofp/libgcc.a(subsf3.o)
                0x0000000008021028                __aeabi_fsub
 .text          0x0000000008021384       0x40 /usr/local/bin/../lib/gcc/arm-none-eabi/10.2.1/thumb/v6-m/nofp/libgcc.a(fixsfsi.o)
                0x0000000008021384                __aeabi_f2iz
 .text          0x00000000080213c4       0x84 /usr/local/bin/../lib/gcc/arm-none-eabi/10.2.1/thumb/v6-m/nofp/libgcc.a(floatunsisf.o)
                0x00000000080213c4                __aeabi_ui2f
 .text          0x0000000008021448      0x678 /usr/local/bin/../lib/gcc/arm-none-eabi/10.2.1/thumb/v6-m/nofp/libgcc.a(adddf3.o)
                0x0000000008021448                __aeabi_dadd
 .text          0x0000000008021ac0       0x6c /usr/local/bin/../lib/gcc/arm-none-eabi/10.2.1/thumb/v6-m/nofp/libgcc.a(fixdfsi.o)
                0x0000000008021ac0                __aeabi_d2iz
 .text          0x0000000008021b2c       0x90 /usr/local/bin/../lib/gcc/arm-none-eabi/10.2.1/thumb/v6-m/nofp/libgcc.a(extendsfdf2.o)
                0x0000000008021b2c                __aeabi_f2d
 .text          0x0000000008021bbc      0x110 /usr/local/bin/../lib/gcc/arm-none-eabi/10.2.1/thumb/v6-m/nofp/libgcc.a(truncdfsf2.o)
                0x0000000008021bbc                __aeabi_d2f
 .text          0x0000000008021ccc       0x7c /usr/local/bin/../lib/gcc/arm-none-eabi/10.2.1/thumb/v6-m/nofp/libgcc.a(_arm_cmpdf2.o)
                0x0000000008021ccc                __aeabi_cdrcmple
                0x0000000008021cdc                __aeabi_cdcmple
                0x0000000008021cdc                __aeabi_cdcmpeq
                0x0000000008021cec                __aeabi_dcmpeq
                0x0000000008021cf8                __aeabi_dcmplt
                0x0000000008021d0c                __aeabi_dcmple
                0x0000000008021d20                __aeabi_dcmpgt
                0x0000000008021d34                __aeabi_dcmpge
 .text          0x0000000008021d48       0x18 /usr/local/bin/../lib/gcc/arm-none-eabi/10.2.1/thumb/v6-m/nofp/libgcc.a(_clzdi2.o)
                0x0000000008021d48                __clzdi2
 .text          0x0000000008021d60       0x84 /usr/local/bin/../lib/gcc/arm-none-eabi/10.2.1/thumb/v6-m/nofp/libgcc.a(eqdf2.o)
                0x0000000008021d60                __eqdf2
                0x0000000008021d60                __nedf2
 .text          0x0000000008021de4       0xcc /usr/local/bin/../lib/gcc/arm-none-eabi/10.2.1/thumb/v6-m/nofp/libgcc.a(gedf2.o)
                0x0000000008021de4                __gtdf2
                0x0000000008021de4                __gedf2
 .text          0x0000000008021eb0       0xc8 /usr/local/bin/../lib/gcc/arm-none-eabi/10.2.1/thumb/v6-m/nofp/libgcc.a(ledf2.o)
                0x0000000008021eb0                __ltdf2
                0x0000000008021eb0                __ledf2
 .text          0x0000000008021f78       0x14 /usr/local/arm-none-eabi/lib/thumb/v6-m/nofp/libc_nano.a(lib_a-strcmp.o)
                0x0000000008021f78                strcmp
 .text          0x0000000008021f8c        0xe /usr/local/arm-none-eabi/lib/thumb/v6-m/nofp/libc_nano.a(lib_a-strlen.o)
                0x0000000008021f8c                strlen
 *(SORT_BY_ALIGNMENT(.text.*))
 *fill*         0x0000000008021f9a        0x2 
 .text.beacon_status_changed_cb
                0x0000000008021f9c       0x28 app/libapp.a(main.c.obj)
 .text.class_changed_cb
                0x0000000008021fc4       0x2c app/libapp.a(main.c.obj)
 .text.data_received_cb
                0x0000000008021ff0       0x44 app/libapp.a(main.c.obj)
 .text.data_sent_cb
                0x0000000008022034       0x44 app/libapp.a(main.c.obj)
 .text.join_request_cb
                0x0000000008022078       0x40 app/libapp.a(main.c.obj)
 .text.mac_process_cb
                0x00000000080220b8       0x10 app/libapp.a(main.c.obj)
 .text.main     0x00000000080220c8       0xf4 app/libapp.a(main.c.obj)
                0x00000000080220c8                main
 .text.char_out
                0x00000000080221bc       0x14 zephyr/libzephyr.a(printk.c.obj)
 .text.__printk_hook_install
                0x00000000080221d0        0xc zephyr/libzephyr.a(printk.c.obj)
                0x00000000080221d0                __printk_hook_install
 .text.vprintk  0x00000000080221dc       0x18 zephyr/libzephyr.a(printk.c.obj)
                0x00000000080221dc                vprintk
 .text.vsnprintk
                0x00000000080221f4       0x28 zephyr/libzephyr.a(printk.c.obj)
                0x00000000080221f4                vsnprintk
 .text.extract_decimal
                0x000000000802221c       0x28 zephyr/libzephyr.a(cbprintf_complete.c.obj)
 .text.encode_uint
                0x0000000008022244       0xa0 zephyr/libzephyr.a(cbprintf_complete.c.obj)
 .text.cbvprintf
                0x00000000080222e4      0x6b0 zephyr/libzephyr.a(cbprintf_complete.c.obj)
                0x00000000080222e4                cbvprintf
 .text.stm32wl_init
                0x0000000008022994       0x24 zephyr/libzephyr.a(soc.c.obj)
 .text.HAL_Delay
                0x00000000080229b8       0x34 zephyr/libzephyr.a(stm32cube_hal.c.obj)
                0x00000000080229b8                HAL_Delay
 .text.enable_logger
                0x00000000080229ec       0x5c zephyr/libzephyr.a(log_core.c.obj)
 .text.log_process_thread_timer_expiry_fn
                0x0000000008022a48       0x10 zephyr/libzephyr.a(log_core.c.obj)
 .text.z_log_get_s_mask
                0x0000000008022a58       0x48 zephyr/libzephyr.a(log_core.c.obj)
                0x0000000008022a58                z_log_get_s_mask
 .text.log_core_init
                0x0000000008022aa0       0x3c zephyr/libzephyr.a(log_core.c.obj)
                0x0000000008022aa0                log_core_init
 .text.get_msg  0x0000000008022adc       0x20 zephyr/libzephyr.a(log_core.c.obj)
                0x0000000008022adc                get_msg
 .text.z_log_dropped
                0x0000000008022afc       0x10 zephyr/libzephyr.a(log_core.c.obj)
                0x0000000008022afc                z_log_dropped
 .text.z_log_dropped_read_and_clear
                0x0000000008022b0c       0x10 zephyr/libzephyr.a(log_core.c.obj)
                0x0000000008022b0c                z_log_dropped_read_and_clear
 .text.dropped_notify
                0x0000000008022b1c       0x3c zephyr/libzephyr.a(log_core.c.obj)
                0x0000000008022b1c                dropped_notify
 .text.log_source_name_get
                0x0000000008022b58       0x1c zephyr/libzephyr.a(log_core.c.obj)
                0x0000000008022b58                log_source_name_get
 .text.log_backend_enable
                0x0000000008022b74       0x34 zephyr/libzephyr.a(log_core.c.obj)
                0x0000000008022b74                log_backend_enable
 .text.log_init
                0x0000000008022ba8       0x4c zephyr/libzephyr.a(log_core.c.obj)
                0x0000000008022ba8                log_init
 .text.z_log_strdup
                0x0000000008022bf4       0x58 zephyr/libzephyr.a(log_core.c.obj)
                0x0000000008022bf4                z_log_strdup
 .text.log_is_strdup
                0x0000000008022c4c       0x20 zephyr/libzephyr.a(log_core.c.obj)
                0x0000000008022c4c                log_is_strdup
 .text.z_impl_log_process
                0x0000000008022c6c      0x150 zephyr/libzephyr.a(log_core.c.obj)
                0x0000000008022c6c                z_impl_log_process
 .text.log_process_thread_func
                0x0000000008022dbc       0x48 zephyr/libzephyr.a(log_core.c.obj)
 .text.msg_finalize
                0x0000000008022e04       0xa4 zephyr/libzephyr.a(log_core.c.obj)
 .text.z_impl_log_panic
                0x0000000008022ea8       0x4c zephyr/libzephyr.a(log_core.c.obj)
                0x0000000008022ea8                z_impl_log_panic
 .text.log_free
                0x0000000008022ef4       0x20 zephyr/libzephyr.a(log_core.c.obj)
                0x0000000008022ef4                log_free
 .text.log_msg_pool_init
                0x0000000008022f14       0x18 zephyr/libzephyr.a(log_msg.c.obj)
                0x0000000008022f14                log_msg_pool_init
 .text.log_msg_no_space_handle
                0x0000000008022f2c       0x30 zephyr/libzephyr.a(log_msg.c.obj)
                0x0000000008022f2c                log_msg_no_space_handle
 .text.log_msg_chunk_alloc
                0x0000000008022f5c       0x24 zephyr/libzephyr.a(log_msg.c.obj)
                0x0000000008022f5c                log_msg_chunk_alloc
 .text.msg_free
                0x0000000008022f80       0x84 zephyr/libzephyr.a(log_msg.c.obj)
 .text.print_formatted
                0x0000000008023004       0x20 zephyr/libzephyr.a(log_output.c.obj)
 .text.hexdump_line_print
                0x0000000008023024       0xcc zephyr/libzephyr.a(log_output.c.obj)
 .text.prefix_print
                0x00000000080230f0      0x158 zephyr/libzephyr.a(log_output.c.obj)
 .text.postfix_print
                0x0000000008023248       0x38 zephyr/libzephyr.a(log_output.c.obj)
 .text.log_output_msg_process
                0x0000000008023280       0xec zephyr/libzephyr.a(log_output.c.obj)
                0x0000000008023280                log_output_msg_process
 .text.log_output_dropped_process
                0x000000000802336c       0x58 zephyr/libzephyr.a(log_output.c.obj)
                0x000000000802336c                log_output_dropped_process
 .text.log_output_timestamp_freq_set
                0x00000000080233c4       0x34 zephyr/libzephyr.a(log_output.c.obj)
                0x00000000080233c4                log_output_timestamp_freq_set
 .text.char_out
                0x00000000080233f8       0x24 zephyr/libzephyr.a(log_backend_uart.c.obj)
 .text.panic    0x000000000802341c       0x10 zephyr/libzephyr.a(log_backend_uart.c.obj)
 .text.dropped  0x000000000802342c       0x10 zephyr/libzephyr.a(log_backend_uart.c.obj)
 .text.log_backend_uart_init
                0x000000000802343c       0x18 zephyr/libzephyr.a(log_backend_uart.c.obj)
 .text.put      0x0000000008023454       0x20 zephyr/libzephyr.a(log_backend_uart.c.obj)
 .text.pm_state_notify
                0x0000000008023474       0x40 zephyr/libzephyr.a(power.c.obj)
 .text.pm_system_resume
                0x00000000080234b4       0x28 zephyr/libzephyr.a(power.c.obj)
                0x00000000080234b4                pm_system_resume
 .text.pm_system_suspend
                0x00000000080234dc       0xac zephyr/libzephyr.a(power.c.obj)
                0x00000000080234dc                pm_system_suspend
 .text.pm_create_device_list
                0x0000000008023588       0x6c zephyr/libzephyr.a(device.c.obj)
                0x0000000008023588                pm_create_device_list
 .text._pm_devices
                0x00000000080235f4       0x54 zephyr/libzephyr.a(device.c.obj)
 .text.pm_resume_devices
                0x0000000008023648       0x48 zephyr/libzephyr.a(device.c.obj)
                0x0000000008023648                pm_resume_devices
 .text.uart_console_init
                0x0000000008023690       0x2c zephyr/libzephyr.a(uart_console.c.obj)
 .text.console_out
                0x00000000080236bc       0x28 zephyr/libzephyr.a(uart_console.c.obj)
 .text.__stm32_exti_isr.isra.0
                0x00000000080236e4       0x38 zephyr/libzephyr.a(intc_exti_stm32.c.obj)
 .text.stm32_exti_enable
                0x000000000802371c       0x24 zephyr/libzephyr.a(intc_exti_stm32.c.obj)
                0x000000000802371c                stm32_exti_enable
 .text.stm32_exti_disable
                0x0000000008023740       0x18 zephyr/libzephyr.a(intc_exti_stm32.c.obj)
                0x0000000008023740                stm32_exti_disable
 .text.stm32_exti_trigger
                0x0000000008023758       0x54 zephyr/libzephyr.a(intc_exti_stm32.c.obj)
                0x0000000008023758                stm32_exti_trigger
 .text.stm32_exti_set_callback
                0x00000000080237ac       0x20 zephyr/libzephyr.a(intc_exti_stm32.c.obj)
                0x00000000080237ac                stm32_exti_set_callback
 .text.stm32_exti_unset_callback
                0x00000000080237cc       0x14 zephyr/libzephyr.a(intc_exti_stm32.c.obj)
                0x00000000080237cc                stm32_exti_unset_callback
 .text.stm32_clock_control_get_subsys_rate
                0x00000000080237e0       0x20 zephyr/libzephyr.a(clock_stm32_ll_common.c.obj)
 .text.stm32_clock_control_init
                0x0000000008023800       0x98 zephyr/libzephyr.a(clock_stm32_ll_common.c.obj)
                0x0000000008023800                stm32_clock_control_init
 .text.stm32_dt_pinctrl_configure
                0x0000000008023898       0x80 zephyr/libzephyr.a(pinmux_stm32.c.obj)
                0x0000000008023898                stm32_dt_pinctrl_configure
 .text.z_clock_lptim_getcounter
                0x0000000008023918       0x18 zephyr/libzephyr.a(stm32_lptim_timer.c.obj)
 .text.lptim_irq_handler
                0x0000000008023930       0x48 zephyr/libzephyr.a(stm32_lptim_timer.c.obj)
 .text.sys_clock_driver_init
                0x0000000008023978      0x11c zephyr/libzephyr.a(stm32_lptim_timer.c.obj)
                0x0000000008023978                sys_clock_driver_init
 .text.sys_clock_set_timeout
                0x0000000008023a94       0xb0 zephyr/libzephyr.a(stm32_lptim_timer.c.obj)
                0x0000000008023a94                sys_clock_set_timeout
 .text.sys_clock_elapsed
                0x0000000008023b44       0x40 zephyr/libzephyr.a(stm32_lptim_timer.c.obj)
                0x0000000008023b44                sys_clock_elapsed
 .text.stm32_ipcc_mailbox_ipm_set_enabled
                0x0000000008023b84       0x60 zephyr/libzephyr.a(ipm_stm32_ipcc.c.obj)
 .text.stm32_ipcc_mailbox_ipm_send
                0x0000000008023be4       0xb0 zephyr/libzephyr.a(ipm_stm32_ipcc.c.obj)
 .text.stm32_ipcc_mailbox_init
                0x0000000008023c94       0x70 zephyr/libzephyr.a(ipm_stm32_ipcc.c.obj)
 .text.SysTimeAdd
                0x0000000008023d04       0x30 zephyr/libzephyr.a(systime.c.obj)
                0x0000000008023d04                SysTimeAdd
 .text.SysTimeGet
                0x0000000008023d34       0x50 zephyr/libzephyr.a(systime.c.obj)
                0x0000000008023d34                SysTimeGet
 .text.SysTimeFromMs
                0x0000000008023d84       0x50 zephyr/libzephyr.a(systime.c.obj)
                0x0000000008023d84                SysTimeFromMs
 .text.TimerInsertNewHeadTimer
                0x0000000008023dd4       0x1c zephyr/libzephyr.a(timer.c.obj)
 .text.TimerStart
                0x0000000008023df0       0x78 zephyr/libzephyr.a(timer.c.obj)
                0x0000000008023df0                TimerStart
 .text.TimerIrqHandler
                0x0000000008023e68       0x7c zephyr/libzephyr.a(timer.c.obj)
                0x0000000008023e68                TimerIrqHandler
 .text.TimerStop
                0x0000000008023ee4       0x60 zephyr/libzephyr.a(timer.c.obj)
                0x0000000008023ee4                TimerStop
 .text.RtcBkupWrite
                0x0000000008023f44        0xc zephyr/libzephyr.a(rtctime.c.obj)
                0x0000000008023f44                RtcBkupWrite
 .text.RtcBkupRead
                0x0000000008023f50       0x10 zephyr/libzephyr.a(rtctime.c.obj)
                0x0000000008023f50                RtcBkupRead
 .text.RtcGetTimerElapsedTime
                0x0000000008023f60       0x14 zephyr/libzephyr.a(rtctime.c.obj)
                0x0000000008023f60                RtcGetTimerElapsedTime
 .text.RtcStopAlarm
                0x0000000008023f74       0x10 zephyr/libzephyr.a(rtctime.c.obj)
                0x0000000008023f74                RtcStopAlarm
 .text.RtcSetAlarm
                0x0000000008023f84       0x34 zephyr/libzephyr.a(rtctime.c.obj)
                0x0000000008023f84                RtcSetAlarm
 .text.RtcSetTimerContext
                0x0000000008023fb8       0x10 zephyr/libzephyr.a(rtctime.c.obj)
                0x0000000008023fb8                RtcSetTimerContext
 .text.RtcGetTimerContext
                0x0000000008023fc8        0xc zephyr/libzephyr.a(rtctime.c.obj)
                0x0000000008023fc8                RtcGetTimerContext
 .text.srand1   0x0000000008023fd4        0xc zephyr/libzephyr.a(utilities.c.obj)
                0x0000000008023fd4                srand1
 .text.randr    0x0000000008023fe0       0x38 zephyr/libzephyr.a(utilities.c.obj)
                0x0000000008023fe0                randr
 .text.memset1  0x0000000008024018       0x18 zephyr/libzephyr.a(utilities.c.obj)
                0x0000000008024018                memset1
 .text.UTIL_MEM_set_8
                0x0000000008024030       0x18 zephyr/libzephyr.a(utilities.c.obj)
                0x0000000008024030                UTIL_MEM_set_8
 .text.MX_SUBGHZ_Init
                0x0000000008024048       0x30 zephyr/libzephyr.a(subghz.c.obj)
                0x0000000008024048                MX_SUBGHZ_Init
 .text.HAL_SUBGHZ_MspInit
                0x0000000008024078       0x2c zephyr/libzephyr.a(subghz.c.obj)
                0x0000000008024078                HAL_SUBGHZ_MspInit
 .text.RBI_Init
                0x00000000080240a4       0x90 zephyr/libzephyr.a(subghz.c.obj)
                0x00000000080240a4                RBI_Init
 .text.RBI_ConfigRFSwitch
                0x0000000008024134       0x6c zephyr/libzephyr.a(subghz.c.obj)
                0x0000000008024134                RBI_ConfigRFSwitch
 .text.dbg_gpio_radio_rx
                0x00000000080241a0       0x14 zephyr/libzephyr.a(subghz.c.obj)
                0x00000000080241a0                dbg_gpio_radio_rx
 .text.dbg_gpio_radio_tx
                0x00000000080241b4       0x14 zephyr/libzephyr.a(subghz.c.obj)
                0x00000000080241b4                dbg_gpio_radio_tx
 .text.LoraInfo_Init
                0x00000000080241c8       0x18 zephyr/libzephyr.a(lora_info.c.obj)
                0x00000000080241c8                LoraInfo_Init
 .text.LoraInfo_GetPtr
                0x00000000080241e0        0x8 zephyr/libzephyr.a(lora_info.c.obj)
                0x00000000080241e0                LoraInfo_GetPtr
 .text.lorawan_aes_set_key
                0x00000000080241e8      0x110 zephyr/libzephyr.a(lorawan_aes.c.obj)
                0x00000000080241e8                lorawan_aes_set_key
 .text.lorawan_aes_encrypt
                0x00000000080242f8      0x28c zephyr/libzephyr.a(lorawan_aes.c.obj)
                0x00000000080242f8                lorawan_aes_encrypt
 .text.GetKeyByID
                0x0000000008024584       0x2c zephyr/libzephyr.a(soft-se.c.obj)
 .text.SecureElementInit
                0x00000000080245b0       0x50 zephyr/libzephyr.a(soft-se.c.obj)
                0x00000000080245b0                SecureElementInit
 .text.SecureElementRestoreNvmCtx
                0x0000000008024600       0x1c zephyr/libzephyr.a(soft-se.c.obj)
                0x0000000008024600                SecureElementRestoreNvmCtx
 .text.SecureElementGetNvmCtx
                0x000000000802461c        0xc zephyr/libzephyr.a(soft-se.c.obj)
                0x000000000802461c                SecureElementGetNvmCtx
 .text.SecureElementSetKey.part.0
                0x0000000008024628       0x70 zephyr/libzephyr.a(soft-se.c.obj)
 .text.SecureElementRandomNumber
                0x0000000008024698       0x1c zephyr/libzephyr.a(soft-se.c.obj)
                0x0000000008024698                SecureElementRandomNumber
 .text.SecureElementSetDevEui
                0x00000000080246b4       0x24 zephyr/libzephyr.a(soft-se.c.obj)
                0x00000000080246b4                SecureElementSetDevEui
 .text.SecureElementGetDevEui
                0x00000000080246d8        0x8 zephyr/libzephyr.a(soft-se.c.obj)
                0x00000000080246d8                SecureElementGetDevEui
 .text.SecureElementSetJoinEui
                0x00000000080246e0       0x24 zephyr/libzephyr.a(soft-se.c.obj)
                0x00000000080246e0                SecureElementSetJoinEui
 .text.SecureElementGetJoinEui
                0x0000000008024704        0x8 zephyr/libzephyr.a(soft-se.c.obj)
                0x0000000008024704                SecureElementGetJoinEui
 .text.SUBGRF_GetOperatingMode
                0x000000000802470c        0xc zephyr/libzephyr.a(radio_driver.c.obj)
                0x000000000802470c                SUBGRF_GetOperatingMode
 .text.SUBGRF_SetStandby
                0x0000000008024718       0x2c zephyr/libzephyr.a(radio_driver.c.obj)
                0x0000000008024718                SUBGRF_SetStandby
 .text.SUBGRF_SetTx
                0x0000000008024744       0x28 zephyr/libzephyr.a(radio_driver.c.obj)
                0x0000000008024744                SUBGRF_SetTx
 .text.SUBGRF_SetRx
                0x000000000802476c       0x28 zephyr/libzephyr.a(radio_driver.c.obj)
                0x000000000802476c                SUBGRF_SetRx
 .text.SUBGRF_SetRxDutyCycle
                0x0000000008024794       0x34 zephyr/libzephyr.a(radio_driver.c.obj)
                0x0000000008024794                SUBGRF_SetRxDutyCycle
 .text.SUBGRF_SetCad
                0x00000000080247c8       0x20 zephyr/libzephyr.a(radio_driver.c.obj)
                0x00000000080247c8                SUBGRF_SetCad
 .text.SUBGRF_SetTxContinuousWave
                0x00000000080247e8       0x14 zephyr/libzephyr.a(radio_driver.c.obj)
                0x00000000080247e8                SUBGRF_SetTxContinuousWave
 .text.SUBGRF_SetTxInfinitePreamble
                0x00000000080247fc       0x14 zephyr/libzephyr.a(radio_driver.c.obj)
                0x00000000080247fc                SUBGRF_SetTxInfinitePreamble
 .text.SUBGRF_SetStopRxTimerOnPreambleDetect
                0x0000000008024810       0x18 zephyr/libzephyr.a(radio_driver.c.obj)
                0x0000000008024810                SUBGRF_SetStopRxTimerOnPreambleDetect
 .text.SUBGRF_SetRegulatorMode
                0x0000000008024828       0x24 zephyr/libzephyr.a(radio_driver.c.obj)
                0x0000000008024828                SUBGRF_SetRegulatorMode
 .text.SUBGRF_Calibrate
                0x000000000802484c       0x3c zephyr/libzephyr.a(radio_driver.c.obj)
                0x000000000802484c                SUBGRF_Calibrate
 .text.SUBGRF_CalibrateImage
                0x0000000008024888       0x68 zephyr/libzephyr.a(radio_driver.c.obj)
                0x0000000008024888                SUBGRF_CalibrateImage
 .text.SUBGRF_SetPaConfig
                0x00000000080248f0       0x20 zephyr/libzephyr.a(radio_driver.c.obj)
                0x00000000080248f0                SUBGRF_SetPaConfig
 .text.SUBGRF_SetDioIrqParams
                0x0000000008024910       0x30 zephyr/libzephyr.a(radio_driver.c.obj)
                0x0000000008024910                SUBGRF_SetDioIrqParams
 .text.SUBGRF_SetTcxoMode
                0x0000000008024940       0x24 zephyr/libzephyr.a(radio_driver.c.obj)
                0x0000000008024940                SUBGRF_SetTcxoMode
 .text.SUBGRF_SetRfFrequency
                0x0000000008024964       0x48 zephyr/libzephyr.a(radio_driver.c.obj)
                0x0000000008024964                SUBGRF_SetRfFrequency
 .text.SUBGRF_SetBufferBaseAddress
                0x00000000080249ac       0x1c zephyr/libzephyr.a(radio_driver.c.obj)
                0x00000000080249ac                SUBGRF_SetBufferBaseAddress
 .text.SUBGRF_GetRssiInst
                0x00000000080249c8       0x1c zephyr/libzephyr.a(radio_driver.c.obj)
                0x00000000080249c8                SUBGRF_GetRssiInst
 .text.SUBGRF_GetPacketStatus
                0x00000000080249e4       0x78 zephyr/libzephyr.a(radio_driver.c.obj)
                0x00000000080249e4                SUBGRF_GetPacketStatus
 .text.SUBGRF_WriteRegister
                0x0000000008024a5c       0x18 zephyr/libzephyr.a(radio_driver.c.obj)
                0x0000000008024a5c                SUBGRF_WriteRegister
 .text.SUBGRF_SetRxBoosted
                0x0000000008024a74       0x38 zephyr/libzephyr.a(radio_driver.c.obj)
                0x0000000008024a74                SUBGRF_SetRxBoosted
 .text.SUBGRF_SetLoRaSymbNumTimeout
                0x0000000008024aac       0x34 zephyr/libzephyr.a(radio_driver.c.obj)
                0x0000000008024aac                SUBGRF_SetLoRaSymbNumTimeout
 .text.SUBGRF_SetPacketType
                0x0000000008024ae0       0x30 zephyr/libzephyr.a(radio_driver.c.obj)
                0x0000000008024ae0                SUBGRF_SetPacketType
 .text.SUBGRF_SetModulationParams
                0x0000000008024b10       0xd0 zephyr/libzephyr.a(radio_driver.c.obj)
                0x0000000008024b10                SUBGRF_SetModulationParams
 .text.SUBGRF_ReadRegister
                0x0000000008024be0       0x1c zephyr/libzephyr.a(radio_driver.c.obj)
                0x0000000008024be0                SUBGRF_ReadRegister
 .text.Radio_SMPS_Set
                0x0000000008024bfc       0x28 zephyr/libzephyr.a(radio_driver.c.obj)
 .text.SUBGRF_Init
                0x0000000008024c24       0x78 zephyr/libzephyr.a(radio_driver.c.obj)
                0x0000000008024c24                SUBGRF_Init
 .text.SUBGRF_SetSleep
                0x0000000008024c9c       0x3c zephyr/libzephyr.a(radio_driver.c.obj)
                0x0000000008024c9c                SUBGRF_SetSleep
 .text.SUBGRF_SetWhiteningSeed
                0x0000000008024cd8       0x3c zephyr/libzephyr.a(radio_driver.c.obj)
                0x0000000008024cd8                SUBGRF_SetWhiteningSeed
 .text.SUBGRF_SetTxParams
                0x0000000008024d14       0xa0 zephyr/libzephyr.a(radio_driver.c.obj)
                0x0000000008024d14                SUBGRF_SetTxParams
 .text.SUBGRF_GetRxBufferStatus
                0x0000000008024db4       0x4c zephyr/libzephyr.a(radio_driver.c.obj)
                0x0000000008024db4                SUBGRF_GetRxBufferStatus
 .text.SUBGRF_WriteRegisters
                0x0000000008024e00       0x14 zephyr/libzephyr.a(radio_driver.c.obj)
                0x0000000008024e00                SUBGRF_WriteRegisters
 .text.SUBGRF_SetCrcSeed
                0x0000000008024e14       0x28 zephyr/libzephyr.a(radio_driver.c.obj)
                0x0000000008024e14                SUBGRF_SetCrcSeed
 .text.SUBGRF_SetCrcPolynomial
                0x0000000008024e3c       0x28 zephyr/libzephyr.a(radio_driver.c.obj)
                0x0000000008024e3c                SUBGRF_SetCrcPolynomial
 .text.SUBGRF_SetPacketParams
                0x0000000008024e64       0xd4 zephyr/libzephyr.a(radio_driver.c.obj)
                0x0000000008024e64                SUBGRF_SetPacketParams
 .text.SUBGRF_ReadRegisters
                0x0000000008024f38       0x14 zephyr/libzephyr.a(radio_driver.c.obj)
                0x0000000008024f38                SUBGRF_ReadRegisters
 .text.SUBGRF_GetRandom
                0x0000000008024f4c       0x6c zephyr/libzephyr.a(radio_driver.c.obj)
                0x0000000008024f4c                SUBGRF_GetRandom
 .text.SUBGRF_WriteBuffer
                0x0000000008024fb8       0x14 zephyr/libzephyr.a(radio_driver.c.obj)
                0x0000000008024fb8                SUBGRF_WriteBuffer
 .text.SUBGRF_ReadBuffer
                0x0000000008024fcc       0x14 zephyr/libzephyr.a(radio_driver.c.obj)
                0x0000000008024fcc                SUBGRF_ReadBuffer
 .text.HAL_SUBGHZ_TxCpltCallback
                0x0000000008024fe0       0x10 zephyr/libzephyr.a(radio_driver.c.obj)
                0x0000000008024fe0                HAL_SUBGHZ_TxCpltCallback
 .text.HAL_SUBGHZ_RxCpltCallback
                0x0000000008024ff0       0x10 zephyr/libzephyr.a(radio_driver.c.obj)
                0x0000000008024ff0                HAL_SUBGHZ_RxCpltCallback
 .text.HAL_SUBGHZ_CRCErrorCallback
                0x0000000008025000       0x10 zephyr/libzephyr.a(radio_driver.c.obj)
                0x0000000008025000                HAL_SUBGHZ_CRCErrorCallback
 .text.HAL_SUBGHZ_CADStatusCallback
                0x0000000008025010       0x24 zephyr/libzephyr.a(radio_driver.c.obj)
                0x0000000008025010                HAL_SUBGHZ_CADStatusCallback
 .text.HAL_SUBGHZ_RxTxTimeoutCallback
                0x0000000008025034       0x14 zephyr/libzephyr.a(radio_driver.c.obj)
                0x0000000008025034                HAL_SUBGHZ_RxTxTimeoutCallback
 .text.HAL_SUBGHZ_HeaderErrorCallback
                0x0000000008025048       0x10 zephyr/libzephyr.a(radio_driver.c.obj)
                0x0000000008025048                HAL_SUBGHZ_HeaderErrorCallback
 .text.HAL_SUBGHZ_PreambleDetectedCallback
                0x0000000008025058       0x10 zephyr/libzephyr.a(radio_driver.c.obj)
                0x0000000008025058                HAL_SUBGHZ_PreambleDetectedCallback
 .text.HAL_SUBGHZ_SyncWordValidCallback
                0x0000000008025068       0x10 zephyr/libzephyr.a(radio_driver.c.obj)
                0x0000000008025068                HAL_SUBGHZ_SyncWordValidCallback
 .text.HAL_SUBGHZ_HeaderValidCallback
                0x0000000008025078       0x10 zephyr/libzephyr.a(radio_driver.c.obj)
                0x0000000008025078                HAL_SUBGHZ_HeaderValidCallback
 .text.RadioSetRxDutyCycle
                0x0000000008025088       0x20 zephyr/libzephyr.a(radio.c.obj)
 .text.RadioOnTxTimeoutIrq
                0x00000000080250a8       0x20 zephyr/libzephyr.a(radio.c.obj)
 .text.RadioOnRxTimeoutIrq
                0x00000000080250c8       0x20 zephyr/libzephyr.a(radio.c.obj)
 .text.RadioIrqProcess
                0x00000000080250e8      0x1a0 zephyr/libzephyr.a(radio.c.obj)
 .text.RadioOnDioIrq
                0x0000000008025288       0x14 zephyr/libzephyr.a(radio.c.obj)
 .text.RadioGetStatus
                0x000000000802529c       0x1c zephyr/libzephyr.a(radio.c.obj)
 .text.RadioSetTxContinuousWave
                0x00000000080252b8       0x34 zephyr/libzephyr.a(radio.c.obj)
 .text.RadioRx  0x00000000080252ec       0x5c zephyr/libzephyr.a(radio.c.obj)
 .text.RadioSend
                0x0000000008025348      0x158 zephyr/libzephyr.a(radio.c.obj)
 .text.RadioGetFskBandwidthRegValue
                0x00000000080254a0       0x28 zephyr/libzephyr.a(radio.c.obj)
 .text.RadioSetMaxPayloadLength
                0x00000000080254c8       0x30 zephyr/libzephyr.a(radio.c.obj)
 .text.RadioRxBoosted
                0x00000000080254f8       0x58 zephyr/libzephyr.a(radio.c.obj)
 .text.RadioSetPublicNetwork
                0x0000000008025550       0x40 zephyr/libzephyr.a(radio.c.obj)
 .text.RadioSetModem.part.0
                0x0000000008025590       0x20 zephyr/libzephyr.a(radio.c.obj)
 .text.RadioSetModem
                0x00000000080255b0       0x34 zephyr/libzephyr.a(radio.c.obj)
 .text.RadioSetTxConfig
                0x00000000080255e4      0x1b8 zephyr/libzephyr.a(radio.c.obj)
 .text.RadioSetRxConfig
                0x000000000802579c      0x2d8 zephyr/libzephyr.a(radio.c.obj)
 .text.RadioSetTxGenericConfig
                0x0000000008025a74      0x1a0 zephyr/libzephyr.a(radio.c.obj)
 .text.RadioSetRxGenericConfig
                0x0000000008025c14      0x1e8 zephyr/libzephyr.a(radio.c.obj)
 .text.RadioRandom
                0x0000000008025dfc       0x24 zephyr/libzephyr.a(radio.c.obj)
 .text.RadioTimeOnAir
                0x0000000008025e20       0xf8 zephyr/libzephyr.a(radio.c.obj)
 .text.RadioIsChannelFree
                0x0000000008025f18       0xa4 zephyr/libzephyr.a(radio.c.obj)
 .text.RadioTxPrbs
                0x0000000008025fbc       0x2c zephyr/libzephyr.a(radio.c.obj)
 .text.RadioInit
                0x0000000008025fe8       0x84 zephyr/libzephyr.a(radio.c.obj)
 .text.OnRadioTxTimeout
                0x000000000802606c       0x2c zephyr/libzephyr.a(LoRaMac.c.obj)
 .text.OnRadioRxError
                0x0000000008026098       0x2c zephyr/libzephyr.a(LoRaMac.c.obj)
 .text.OnRadioRxTimeout
                0x00000000080260c4       0x2c zephyr/libzephyr.a(LoRaMac.c.obj)
 .text.UpdateRxSlotIdleState
                0x00000000080260f0       0x20 zephyr/libzephyr.a(LoRaMac.c.obj)
 .text.CallNvmCtxCallback
                0x0000000008026110       0x1c zephyr/libzephyr.a(LoRaMac.c.obj)
 .text.GetMaxAppPayloadWithoutFOptsLength
                0x000000000802612c       0x3c zephyr/libzephyr.a(LoRaMac.c.obj)
 .text.OnAckTimeoutTimerEvent
                0x0000000008026168       0x5c zephyr/libzephyr.a(LoRaMac.c.obj)
 .text.PrepareRxDoneAbort
                0x00000000080261c4       0x3c zephyr/libzephyr.a(LoRaMac.c.obj)
 .text.HandleRadioRxErrorTimeout
                0x0000000008026200       0xec zephyr/libzephyr.a(LoRaMac.c.obj)
 .text.ResetMacParameters
                0x00000000080262ec       0xe4 zephyr/libzephyr.a(LoRaMac.c.obj)
 .text.OpenContinuousRxCWindow
                0x00000000080263d0       0x74 zephyr/libzephyr.a(LoRaMac.c.obj)
 .text.OnRadioRxDone
                0x0000000008026444       0x48 zephyr/libzephyr.a(LoRaMac.c.obj)
 .text.OnRadioTxDone
                0x000000000802648c       0x48 zephyr/libzephyr.a(LoRaMac.c.obj)
 .text.SwitchClass
                0x00000000080264d4       0xf8 zephyr/libzephyr.a(LoRaMac.c.obj)
 .text.ScheduleTx
                0x00000000080265cc      0x3a0 zephyr/libzephyr.a(LoRaMac.c.obj)
 .text.RxWindowSetup.constprop.0
                0x000000000802696c       0x4c zephyr/libzephyr.a(LoRaMac.c.obj)
 .text.OnRxWindow1TimerEvent
                0x00000000080269b8       0x60 zephyr/libzephyr.a(LoRaMac.c.obj)
 .text.OnRxWindow2TimerEvent
                0x0000000008026a18       0x68 zephyr/libzephyr.a(LoRaMac.c.obj)
 .text.ProcessMacCommands.constprop.0
                0x0000000008026a80      0x580 zephyr/libzephyr.a(LoRaMac.c.obj)
 .text.StopRetransmission.isra.0
                0x0000000008027000       0x5c zephyr/libzephyr.a(LoRaMac.c.obj)
 .text.OnTxDelayedTimerEvent
                0x000000000802705c       0x64 zephyr/libzephyr.a(LoRaMac.c.obj)
 .text.LoRaMacIsBusy
                0x00000000080270c0       0x24 zephyr/libzephyr.a(LoRaMac.c.obj)
                0x00000000080270c0                LoRaMacIsBusy
 .text.LoRaMacProcess
                0x00000000080270e4      0x9f4 zephyr/libzephyr.a(LoRaMac.c.obj)
                0x00000000080270e4                LoRaMacProcess
 .text.LoRaMacInitialization
                0x0000000008027ad8      0x3e8 zephyr/libzephyr.a(LoRaMac.c.obj)
                0x0000000008027ad8                LoRaMacInitialization
 .text.LoRaMacStart
                0x0000000008027ec0       0x10 zephyr/libzephyr.a(LoRaMac.c.obj)
                0x0000000008027ec0                LoRaMacStart
 .text.LoRaMacQueryTxPossible
                0x0000000008027ed0       0xb8 zephyr/libzephyr.a(LoRaMac.c.obj)
                0x0000000008027ed0                LoRaMacQueryTxPossible
 .text.LoRaMacMibGetRequestConfirm
                0x0000000008027f88      0x238 zephyr/libzephyr.a(LoRaMac.c.obj)
                0x0000000008027f88                LoRaMacMibGetRequestConfirm
 .text.LoRaMacMibSetRequestConfirm
                0x00000000080281c0      0x458 zephyr/libzephyr.a(LoRaMac.c.obj)
                0x00000000080281c0                LoRaMacMibSetRequestConfirm
 .text.LoRaMacMlmeRequest
                0x0000000008028618      0x210 zephyr/libzephyr.a(LoRaMac.c.obj)
                0x0000000008028618                LoRaMacMlmeRequest
 .text.LoRaMacMcpsRequest
                0x0000000008028828      0x380 zephyr/libzephyr.a(LoRaMac.c.obj)
                0x0000000008028828                LoRaMacMcpsRequest
 .text.LoRaMacTestSetDutyCycleOn
                0x0000000008028ba8       0x2c zephyr/libzephyr.a(LoRaMac.c.obj)
                0x0000000008028ba8                LoRaMacTestSetDutyCycleOn
 .text.NvmContextChange
                0x0000000008028bd4       0x14 zephyr/libzephyr.a(LoRaMacClassB.c.obj)
 .text.LoRaMacClassBPingSlotTimerEvent
                0x0000000008028be8       0x24 zephyr/libzephyr.a(LoRaMacClassB.c.obj)
                0x0000000008028be8                LoRaMacClassBPingSlotTimerEvent
 .text.LoRaMacClassBMulticastSlotTimerEvent
                0x0000000008028c0c       0x24 zephyr/libzephyr.a(LoRaMacClassB.c.obj)
                0x0000000008028c0c                LoRaMacClassBMulticastSlotTimerEvent
 .text.CalcDownlinkFrequency
                0x0000000008028c30       0x28 zephyr/libzephyr.a(LoRaMacClassB.c.obj)
 .text.LoRaMacClassBBeaconTimerEvent
                0x0000000008028c58       0x34 zephyr/libzephyr.a(LoRaMacClassB.c.obj)
                0x0000000008028c58                LoRaMacClassBBeaconTimerEvent
 .text.TimerTempCompensation
                0x0000000008028c8c       0x68 zephyr/libzephyr.a(LoRaMacClassB.c.obj)
 .text.CalcNextSlotTime
                0x0000000008028cf4       0x98 zephyr/libzephyr.a(LoRaMacClassB.c.obj)
 .text.BeaconCrc
                0x0000000008028d8c       0x40 zephyr/libzephyr.a(LoRaMacClassB.c.obj)
 .text.CalcDownlinkChannelAndFrequency.constprop.0
                0x0000000008028dcc       0x48 zephyr/libzephyr.a(LoRaMacClassB.c.obj)
 .text.RxBeaconSetup
                0x0000000008028e14       0xb8 zephyr/libzephyr.a(LoRaMacClassB.c.obj)
 .text.InitClassB
                0x0000000008028ecc       0x80 zephyr/libzephyr.a(LoRaMacClassB.c.obj)
 .text.InitClassBDefaults
                0x0000000008028f4c       0x4c zephyr/libzephyr.a(LoRaMacClassB.c.obj)
 .text.LoRaMacClassBInit
                0x0000000008028f98       0x68 zephyr/libzephyr.a(LoRaMacClassB.c.obj)
                0x0000000008028f98                LoRaMacClassBInit
 .text.LoRaMacClassBRestoreNvmCtx
                0x0000000008029000       0x1c zephyr/libzephyr.a(LoRaMacClassB.c.obj)
                0x0000000008029000                LoRaMacClassBRestoreNvmCtx
 .text.LoRaMacClassBGetNvmCtx
                0x000000000802901c        0xc zephyr/libzephyr.a(LoRaMacClassB.c.obj)
                0x000000000802901c                LoRaMacClassBGetNvmCtx
 .text.LoRaMacClassBSetPingSlotState
                0x0000000008029028        0xc zephyr/libzephyr.a(LoRaMacClassB.c.obj)
                0x0000000008029028                LoRaMacClassBSetPingSlotState
 .text.LoRaMacClassBSetMulticastSlotState
                0x0000000008029034        0xc zephyr/libzephyr.a(LoRaMacClassB.c.obj)
                0x0000000008029034                LoRaMacClassBSetMulticastSlotState
 .text.LoRaMacClassBRxBeacon
                0x0000000008029040      0x1c8 zephyr/libzephyr.a(LoRaMacClassB.c.obj)
                0x0000000008029040                LoRaMacClassBRxBeacon
 .text.LoRaMacClassBIsBeaconExpected
                0x0000000008029208       0x1c zephyr/libzephyr.a(LoRaMacClassB.c.obj)
                0x0000000008029208                LoRaMacClassBIsBeaconExpected
 .text.LoRaMacClassBIsPingExpected
                0x0000000008029224       0x14 zephyr/libzephyr.a(LoRaMacClassB.c.obj)
                0x0000000008029224                LoRaMacClassBIsPingExpected
 .text.LoRaMacClassBIsMulticastExpected
                0x0000000008029238       0x14 zephyr/libzephyr.a(LoRaMacClassB.c.obj)
                0x0000000008029238                LoRaMacClassBIsMulticastExpected
 .text.LoRaMacClassBIsAcquisitionPending
                0x000000000802924c       0x10 zephyr/libzephyr.a(LoRaMacClassB.c.obj)
                0x000000000802924c                LoRaMacClassBIsAcquisitionPending
 .text.LoRaMacClassBSetBeaconState
                0x000000000802925c       0x48 zephyr/libzephyr.a(LoRaMacClassB.c.obj)
                0x000000000802925c                LoRaMacClassBSetBeaconState
 .text.LoRaMacClassBIsAcquisitionInProgress
                0x00000000080292a4       0x18 zephyr/libzephyr.a(LoRaMacClassB.c.obj)
                0x00000000080292a4                LoRaMacClassBIsAcquisitionInProgress
 .text.LoRaMacClassBIsBeaconModeActive
                0x00000000080292bc       0x20 zephyr/libzephyr.a(LoRaMacClassB.c.obj)
                0x00000000080292bc                LoRaMacClassBIsBeaconModeActive
 .text.LoRaMacClassBSetPingSlotInfo
                0x00000000080292dc       0x24 zephyr/libzephyr.a(LoRaMacClassB.c.obj)
                0x00000000080292dc                LoRaMacClassBSetPingSlotInfo
 .text.LoRaMacClassBResumeBeaconing
                0x0000000008029300       0x3c zephyr/libzephyr.a(LoRaMacClassB.c.obj)
                0x0000000008029300                LoRaMacClassBResumeBeaconing
 .text.LoRaMacClassBMibGetRequestConfirm
                0x000000000802933c       0x18 zephyr/libzephyr.a(LoRaMacClassB.c.obj)
                0x000000000802933c                LoRaMacClassBMibGetRequestConfirm
 .text.LoRaMacMibClassBSetRequestConfirm
                0x0000000008029354       0x20 zephyr/libzephyr.a(LoRaMacClassB.c.obj)
                0x0000000008029354                LoRaMacMibClassBSetRequestConfirm
 .text.LoRaMacClassBPingSlotInfoAns
                0x0000000008029374       0x2c zephyr/libzephyr.a(LoRaMacClassB.c.obj)
                0x0000000008029374                LoRaMacClassBPingSlotInfoAns
 .text.LoRaMacClassBPingSlotChannelReq
                0x00000000080293a0       0x94 zephyr/libzephyr.a(LoRaMacClassB.c.obj)
                0x00000000080293a0                LoRaMacClassBPingSlotChannelReq
 .text.LoRaMacClassBBeaconTimingAns
                0x0000000008029434       0x6c zephyr/libzephyr.a(LoRaMacClassB.c.obj)
                0x0000000008029434                LoRaMacClassBBeaconTimingAns
 .text.LoRaMacClassBDeviceTimeAns
                0x00000000080294a0       0xa8 zephyr/libzephyr.a(LoRaMacClassB.c.obj)
                0x00000000080294a0                LoRaMacClassBDeviceTimeAns
 .text.LoRaMacClassBBeaconFreqReq
                0x0000000008029548       0x48 zephyr/libzephyr.a(LoRaMacClassB.c.obj)
                0x0000000008029548                LoRaMacClassBBeaconFreqReq
 .text.LoRaMacClassBIsUplinkCollision
                0x0000000008029590       0x50 zephyr/libzephyr.a(LoRaMacClassB.c.obj)
                0x0000000008029590                LoRaMacClassBIsUplinkCollision
 .text.LoRaMacClassBStopRxSlots
                0x00000000080295e0       0x38 zephyr/libzephyr.a(LoRaMacClassB.c.obj)
                0x00000000080295e0                LoRaMacClassBStopRxSlots
 .text.LoRaMacClassBHaltBeaconing
                0x0000000008029618       0x60 zephyr/libzephyr.a(LoRaMacClassB.c.obj)
                0x0000000008029618                LoRaMacClassBHaltBeaconing
 .text.LoRaMacClassBSwitchClass
                0x0000000008029678       0x38 zephyr/libzephyr.a(LoRaMacClassB.c.obj)
                0x0000000008029678                LoRaMacClassBSwitchClass
 .text.LoRaMacClassBStartRxSlots
                0x00000000080296b0       0x4c zephyr/libzephyr.a(LoRaMacClassB.c.obj)
                0x00000000080296b0                LoRaMacClassBStartRxSlots
 .text.UpdateBeaconState
                0x00000000080296fc       0x98 zephyr/libzephyr.a(LoRaMacClassB.c.obj)
 .text.LoRaMacClassBProcess
                0x0000000008029794      0x53c zephyr/libzephyr.a(LoRaMacClassB.c.obj)
                0x0000000008029794                LoRaMacClassBProcess
 .text.NvmCtxCallback
                0x0000000008029cd0       0x14 zephyr/libzephyr.a(LoRaMacCommands.c.obj)
 .text.LoRaMacCommandsInit
                0x0000000008029ce4       0x24 zephyr/libzephyr.a(LoRaMacCommands.c.obj)
                0x0000000008029ce4                LoRaMacCommandsInit
 .text.LoRaMacCommandsRestoreNvmCtx
                0x0000000008029d08       0x1c zephyr/libzephyr.a(LoRaMacCommands.c.obj)
                0x0000000008029d08                LoRaMacCommandsRestoreNvmCtx
 .text.LoRaMacCommandsGetNvmCtx
                0x0000000008029d24        0xc zephyr/libzephyr.a(LoRaMacCommands.c.obj)
                0x0000000008029d24                LoRaMacCommandsGetNvmCtx
 .text.LoRaMacCommandsAddCmd
                0x0000000008029d30       0x9c zephyr/libzephyr.a(LoRaMacCommands.c.obj)
                0x0000000008029d30                LoRaMacCommandsAddCmd
 .text.LoRaMacCommandsRemoveCmd
                0x0000000008029dcc       0x58 zephyr/libzephyr.a(LoRaMacCommands.c.obj)
                0x0000000008029dcc                LoRaMacCommandsRemoveCmd
 .text.LoRaMacCommandsRemoveNoneStickyCmds
                0x0000000008029e24       0x28 zephyr/libzephyr.a(LoRaMacCommands.c.obj)
                0x0000000008029e24                LoRaMacCommandsRemoveNoneStickyCmds
 .text.LoRaMacCommandsRemoveStickyAnsCmds
                0x0000000008029e4c       0x30 zephyr/libzephyr.a(LoRaMacCommands.c.obj)
                0x0000000008029e4c                LoRaMacCommandsRemoveStickyAnsCmds
 .text.LoRaMacCommandsGetSizeSerializedCmds
                0x0000000008029e7c       0x18 zephyr/libzephyr.a(LoRaMacCommands.c.obj)
                0x0000000008029e7c                LoRaMacCommandsGetSizeSerializedCmds
 .text.LoRaMacCommandsSerializeCmds
                0x0000000008029e94       0x64 zephyr/libzephyr.a(LoRaMacCommands.c.obj)
                0x0000000008029e94                LoRaMacCommandsSerializeCmds
 .text.LoRaMacCommandsStickyCmdsPending
                0x0000000008029ef8       0x2c zephyr/libzephyr.a(LoRaMacCommands.c.obj)
                0x0000000008029ef8                LoRaMacCommandsStickyCmdsPending
 .text.LoRaMacCommandsGetCmdSize
                0x0000000008029f24       0x14 zephyr/libzephyr.a(LoRaMacCommands.c.obj)
                0x0000000008029f24                LoRaMacCommandsGetCmdSize
 .text.GetElement.constprop.0
                0x0000000008029f38       0x3c zephyr/libzephyr.a(LoRaMacConfirmQueue.c.obj)
 .text.LoRaMacConfirmQueueInit
                0x0000000008029f74       0x30 zephyr/libzephyr.a(LoRaMacConfirmQueue.c.obj)
                0x0000000008029f74                LoRaMacConfirmQueueInit
 .text.LoRaMacConfirmQueueRestoreNvmCtx
                0x0000000008029fa4       0x1c zephyr/libzephyr.a(LoRaMacConfirmQueue.c.obj)
                0x0000000008029fa4                LoRaMacConfirmQueueRestoreNvmCtx
 .text.LoRaMacConfirmQueueGetNvmCtx
                0x0000000008029fc0        0xc zephyr/libzephyr.a(LoRaMacConfirmQueue.c.obj)
                0x0000000008029fc0                LoRaMacConfirmQueueGetNvmCtx
 .text.LoRaMacConfirmQueueAdd
                0x0000000008029fcc       0x3c zephyr/libzephyr.a(LoRaMacConfirmQueue.c.obj)
                0x0000000008029fcc                LoRaMacConfirmQueueAdd
 .text.LoRaMacConfirmQueueRemoveFirst
                0x000000000802a008       0x28 zephyr/libzephyr.a(LoRaMacConfirmQueue.c.obj)
                0x000000000802a008                LoRaMacConfirmQueueRemoveFirst
 .text.LoRaMacConfirmQueueSetStatus
                0x000000000802a030       0x28 zephyr/libzephyr.a(LoRaMacConfirmQueue.c.obj)
                0x000000000802a030                LoRaMacConfirmQueueSetStatus
 .text.LoRaMacConfirmQueueGetStatus
                0x000000000802a058       0x24 zephyr/libzephyr.a(LoRaMacConfirmQueue.c.obj)
                0x000000000802a058                LoRaMacConfirmQueueGetStatus
 .text.LoRaMacConfirmQueueSetStatusCmn
                0x000000000802a07c       0x38 zephyr/libzephyr.a(LoRaMacConfirmQueue.c.obj)
                0x000000000802a07c                LoRaMacConfirmQueueSetStatusCmn
 .text.LoRaMacConfirmQueueIsCmdActive
                0x000000000802a0b4       0x18 zephyr/libzephyr.a(LoRaMacConfirmQueue.c.obj)
                0x000000000802a0b4                LoRaMacConfirmQueueIsCmdActive
 .text.LoRaMacConfirmQueueHandleCb
                0x000000000802a0cc       0x58 zephyr/libzephyr.a(LoRaMacConfirmQueue.c.obj)
                0x000000000802a0cc                LoRaMacConfirmQueueHandleCb
 .text.LoRaMacConfirmQueueGetCnt
                0x000000000802a124        0xc zephyr/libzephyr.a(LoRaMacConfirmQueue.c.obj)
                0x000000000802a124                LoRaMacConfirmQueueGetCnt
 .text.LoRaMacConfirmQueueIsFull
                0x000000000802a130       0x14 zephyr/libzephyr.a(LoRaMacConfirmQueue.c.obj)
                0x000000000802a130                LoRaMacConfirmQueueIsFull
 .text.DeriveSessionKey10x
                0x000000000802a144       0x6c zephyr/libzephyr.a(LoRaMacCrypto.c.obj)
 .text.LoRaMacCryptoDeriveMcKEKey.part.0
                0x000000000802a1b0       0x2c zephyr/libzephyr.a(LoRaMacCrypto.c.obj)
 .text.GetLastFcntDown.constprop.0
                0x000000000802a1dc       0x44 zephyr/libzephyr.a(LoRaMacCrypto.c.obj)
 .text.LoRaMacCryptoInit
                0x000000000802a220       0x4c zephyr/libzephyr.a(LoRaMacCrypto.c.obj)
                0x000000000802a220                LoRaMacCryptoInit
 .text.LoRaMacCryptoSetLrWanVersion
                0x000000000802a26c       0x10 zephyr/libzephyr.a(LoRaMacCrypto.c.obj)
                0x000000000802a26c                LoRaMacCryptoSetLrWanVersion
 .text.LoRaMacCryptoRestoreNvmCtx
                0x000000000802a27c       0x1c zephyr/libzephyr.a(LoRaMacCrypto.c.obj)
                0x000000000802a27c                LoRaMacCryptoRestoreNvmCtx
 .text.LoRaMacCryptoGetNvmCtx
                0x000000000802a298        0xc zephyr/libzephyr.a(LoRaMacCrypto.c.obj)
                0x000000000802a298                LoRaMacCryptoGetNvmCtx
 .text.LoRaMacCryptoGetFCntUp
                0x000000000802a2a4       0x1c zephyr/libzephyr.a(LoRaMacCrypto.c.obj)
                0x000000000802a2a4                LoRaMacCryptoGetFCntUp
 .text.LoRaMacCryptoGetFCntDown
                0x000000000802a2c0       0x7c zephyr/libzephyr.a(LoRaMacCrypto.c.obj)
                0x000000000802a2c0                LoRaMacCryptoGetFCntDown
 .text.LoRaMacCryptoSetMulticastReference
                0x000000000802a33c       0x18 zephyr/libzephyr.a(LoRaMacCrypto.c.obj)
                0x000000000802a33c                LoRaMacCryptoSetMulticastReference
 .text.LoRaMacCryptoPrepareJoinRequest
                0x000000000802a354       0x60 zephyr/libzephyr.a(LoRaMacCrypto.c.obj)
                0x000000000802a354                LoRaMacCryptoPrepareJoinRequest
 .text.LoRaMacCryptoSecureMessage
                0x000000000802a3b4       0xdc zephyr/libzephyr.a(LoRaMacCrypto.c.obj)
                0x000000000802a3b4                LoRaMacCryptoSecureMessage
 .text.LoRaMacCryptoUnsecureMessage
                0x000000000802a490       0xd8 zephyr/libzephyr.a(LoRaMacCrypto.c.obj)
                0x000000000802a490                LoRaMacCryptoUnsecureMessage
 .text.LoRaMacCryptoDeriveMcRootKey
                0x000000000802a568       0x40 zephyr/libzephyr.a(LoRaMacCrypto.c.obj)
                0x000000000802a568                LoRaMacCryptoDeriveMcRootKey
 .text.LoRaMacCryptoHandleJoinAccept
                0x000000000802a5a8       0xbc zephyr/libzephyr.a(LoRaMacCrypto.c.obj)
                0x000000000802a5a8                LoRaMacCryptoHandleJoinAccept
 .text.RegionGetVersion
                0x000000000802a664        0x8 zephyr/libzephyr.a(Region.c.obj)
                0x000000000802a664                RegionGetVersion
 .text.RegionCommonSetBandTxDone
                0x000000000802a66c       0x5c zephyr/libzephyr.a(RegionCommon.c.obj)
                0x000000000802a66c                RegionCommonSetBandTxDone
 .text.RegionCommonUpdateBandTimeOff
                0x000000000802a6c8      0x100 zephyr/libzephyr.a(RegionCommon.c.obj)
                0x000000000802a6c8                RegionCommonUpdateBandTimeOff
 .text.RegionCommonComputeSymbolTimeLoRa
                0x000000000802a7c8       0x14 zephyr/libzephyr.a(RegionCommon.c.obj)
                0x000000000802a7c8                RegionCommonComputeSymbolTimeLoRa
 .text.RegionCommonComputeRxWindowParameters
                0x000000000802a7dc       0x54 zephyr/libzephyr.a(RegionCommon.c.obj)
                0x000000000802a7dc                RegionCommonComputeRxWindowParameters
 .text.RegionCommonRxBeaconSetup
                0x000000000802a830       0x5c zephyr/libzephyr.a(RegionCommon.c.obj)
                0x000000000802a830                RegionCommonRxBeaconSetup
 .text.GetBandwidth
                0x000000000802a88c       0x28 zephyr/libzephyr.a(RegionCN470.c.obj)
 .text.GetTimeOnAir
                0x000000000802a8b4       0x38 zephyr/libzephyr.a(RegionCN470.c.obj)
 .text.VerifyRfFreq
                0x000000000802a8ec       0x3c zephyr/libzephyr.a(RegionCN470.c.obj)
 .text.RegionCN470GetPhyParam
                0x000000000802a928      0x134 zephyr/libzephyr.a(RegionCN470.c.obj)
                0x000000000802a928                RegionCN470GetPhyParam
 .text.RegionCN470SetBandTxDone
                0x000000000802aa5c       0x30 zephyr/libzephyr.a(RegionCN470.c.obj)
                0x000000000802aa5c                RegionCN470SetBandTxDone
 .text.RegionCN470InitDefaults
                0x000000000802aa8c       0xa0 zephyr/libzephyr.a(RegionCN470.c.obj)
                0x000000000802aa8c                RegionCN470InitDefaults
 .text.RegionCN470GetNvmCtx
                0x000000000802ab2c       0x10 zephyr/libzephyr.a(RegionCN470.c.obj)
                0x000000000802ab2c                RegionCN470GetNvmCtx
 .text.RegionCN470ApplyCFList
                0x000000000802ab3c       0x30 zephyr/libzephyr.a(RegionCN470.c.obj)
                0x000000000802ab3c                RegionCN470ApplyCFList
 .text.RegionCN470ChanMaskSet
                0x000000000802ab6c       0x34 zephyr/libzephyr.a(RegionCN470.c.obj)
                0x000000000802ab6c                RegionCN470ChanMaskSet
 .text.RegionCN470ComputeRxWindowParameters
                0x000000000802aba0       0x5c zephyr/libzephyr.a(RegionCN470.c.obj)
                0x000000000802aba0                RegionCN470ComputeRxWindowParameters
 .text.RegionCN470RxConfig
                0x000000000802abfc       0xbc zephyr/libzephyr.a(RegionCN470.c.obj)
                0x000000000802abfc                RegionCN470RxConfig
 .text.RegionCN470TxConfig
                0x000000000802acb8       0xd0 zephyr/libzephyr.a(RegionCN470.c.obj)
                0x000000000802acb8                RegionCN470TxConfig
 .text.RegionCN470LinkAdrReq
                0x000000000802ad88      0x138 zephyr/libzephyr.a(RegionCN470.c.obj)
                0x000000000802ad88                RegionCN470LinkAdrReq
 .text.RegionCN470NextChannel
                0x000000000802aec0       0xdc zephyr/libzephyr.a(RegionCN470.c.obj)
                0x000000000802aec0                RegionCN470NextChannel
 .text.RegionCN470SetContinuousWave
                0x000000000802af9c       0x54 zephyr/libzephyr.a(RegionCN470.c.obj)
                0x000000000802af9c                RegionCN470SetContinuousWave
 .text.RegionCN470RxBeaconSetup
                0x000000000802aff0       0x38 zephyr/libzephyr.a(RegionCN470.c.obj)
                0x000000000802aff0                RegionCN470RxBeaconSetup
 .text.MlmeIndication
                0x000000000802b028       0x80 zephyr/libzephyr.a(LmHandler.c.obj)
 .text.McpsConfirm
                0x000000000802b0a8       0x54 zephyr/libzephyr.a(LmHandler.c.obj)
 .text.LmHandlerConfigure
                0x000000000802b0fc       0xe8 zephyr/libzephyr.a(LmHandler.c.obj)
                0x000000000802b0fc                LmHandlerConfigure
 .text.LmHandlerProcess
                0x000000000802b1e4       0x3c zephyr/libzephyr.a(LmHandler.c.obj)
                0x000000000802b1e4                LmHandlerProcess
 .text.LmHandlerRequestClass
                0x000000000802b220       0x8c zephyr/libzephyr.a(LmHandler.c.obj)
                0x000000000802b220                LmHandlerRequestClass
 .text.LmHandlerJoin
                0x000000000802b2ac       0x9c zephyr/libzephyr.a(LmHandler.c.obj)
                0x000000000802b2ac                LmHandlerJoin
 .text.LmHandlerIsBusy
                0x000000000802b348       0x30 zephyr/libzephyr.a(LmHandler.c.obj)
                0x000000000802b348                LmHandlerIsBusy
 .text.LmHandlerSend
                0x000000000802b378       0xd0 zephyr/libzephyr.a(LmHandler.c.obj)
                0x000000000802b378                LmHandlerSend
 .text.LmHandlerPingSlotReq
                0x000000000802b448       0x3c zephyr/libzephyr.a(LmHandler.c.obj)
 .text.LmHandlerPackageRegister
                0x000000000802b484       0x4c zephyr/libzephyr.a(LmHandler.c.obj)
                0x000000000802b484                LmHandlerPackageRegister
 .text.LmHandlerInit
                0x000000000802b4d0       0x68 zephyr/libzephyr.a(LmHandler.c.obj)
                0x000000000802b4d0                LmHandlerInit
 .text.McpsIndication
                0x000000000802b538       0xb0 zephyr/libzephyr.a(LmHandler.c.obj)
 .text.LmHandlerGetTxDatarate
                0x000000000802b5e8       0x34 zephyr/libzephyr.a(LmHandler.c.obj)
                0x000000000802b5e8                LmHandlerGetTxDatarate
 .text.MlmeConfirm
                0x000000000802b61c       0xe8 zephyr/libzephyr.a(LmHandler.c.obj)
 .text.LmhpComplianceInit
                0x000000000802b704       0x28 zephyr/libzephyr.a(LmhpCompliance.c.obj)
 .text.LmhpComplianceIsInitialized
                0x000000000802b72c        0xc zephyr/libzephyr.a(LmhpCompliance.c.obj)
 .text.LmhpComplianceIsRunning
                0x000000000802b738       0x10 zephyr/libzephyr.a(LmhpCompliance.c.obj)
 .text.LmhpComplianceOnMcpsConfirm
                0x000000000802b748       0x28 zephyr/libzephyr.a(LmhpCompliance.c.obj)
 .text.LmhpComplianceOnMlmeConfirm
                0x000000000802b770       0x20 zephyr/libzephyr.a(LmhpCompliance.c.obj)
 .text.LmhpComplianceTxProcess.isra.0
                0x000000000802b790       0x78 zephyr/libzephyr.a(LmhpCompliance.c.obj)
 .text.LmhpComplianceOnMcpsIndication
                0x000000000802b808      0x200 zephyr/libzephyr.a(LmhpCompliance.c.obj)
 .text.LmphCompliancePackageFactory
                0x000000000802ba08        0x8 zephyr/libzephyr.a(LmhpCompliance.c.obj)
                0x000000000802ba08                LmphCompliancePackageFactory
 .text.arch_swap
                0x000000000802ba10       0x30 zephyr/arch/arch/arm/core/aarch32/libarch__arm__core__aarch32.a(swap.c.obj)
                0x000000000802ba10                arch_swap
 .text.z_arm_pendsv
                0x000000000802ba40       0x60 zephyr/arch/arch/arm/core/aarch32/libarch__arm__core__aarch32.a(swap_helper.S.obj)
                0x000000000802ba40                z_arm_pendsv
 .text.z_arm_svc
                0x000000000802baa0       0x24 zephyr/arch/arch/arm/core/aarch32/libarch__arm__core__aarch32.a(swap_helper.S.obj)
                0x000000000802baa0                z_arm_svc
 .text.arch_irq_enable
                0x000000000802bac4       0x18 zephyr/arch/arch/arm/core/aarch32/libarch__arm__core__aarch32.a(irq_manage.c.obj)
                0x000000000802bac4                arch_irq_enable
 .text.z_arm_irq_priority_set
                0x000000000802badc       0x54 zephyr/arch/arch/arm/core/aarch32/libarch__arm__core__aarch32.a(irq_manage.c.obj)
                0x000000000802badc                z_arm_irq_priority_set
 .text.arch_new_thread
                0x000000000802bb30       0x2c zephyr/arch/arch/arm/core/aarch32/libarch__arm__core__aarch32.a(thread.c.obj)
                0x000000000802bb30                arch_new_thread
 .text.arch_switch_to_main_thread
                0x000000000802bb5c       0x20 zephyr/arch/arch/arm/core/aarch32/libarch__arm__core__aarch32.a(thread.c.obj)
                0x000000000802bb5c                arch_switch_to_main_thread
 .text.z_arm_cpu_idle_init
                0x000000000802bb7c        0xc zephyr/arch/arch/arm/core/aarch32/libarch__arm__core__aarch32.a(cpu_idle.S.obj)
                0x000000000802bb7c                z_arm_cpu_idle_init
 .text.arch_cpu_idle
                0x000000000802bb88       0x10 zephyr/arch/arch/arm/core/aarch32/libarch__arm__core__aarch32.a(cpu_idle.S.obj)
                0x000000000802bb88                arch_cpu_idle
 .text.z_arm_fatal_error
                0x000000000802bb98       0x6c zephyr/arch/arch/arm/core/aarch32/libarch__arm__core__aarch32.a(fatal.c.obj)
                0x000000000802bb98                z_arm_fatal_error
 .text.z_SysNmiOnReset
                0x000000000802bc04        0x4 zephyr/arch/arch/arm/core/aarch32/libarch__arm__core__aarch32.a(nmi_on_reset.S.obj)
                0x000000000802bc04                z_SysNmiOnReset
 .text.z_arm_prep_c
                0x000000000802bc08       0x2c zephyr/arch/arch/arm/core/aarch32/libarch__arm__core__aarch32.a(prep_c.c.obj)
                0x000000000802bc08                z_arm_prep_c
 .text._isr_wrapper
                0x000000000802bc34       0x40 zephyr/arch/arch/arm/core/aarch32/libarch__arm__core__aarch32.a(isr_wrapper.S.obj)
                0x000000000802bc34                _isr_wrapper
 .text._reset_section
                0x000000000802bc74       0x28 zephyr/arch/arch/arm/core/aarch32/cortex_m/libarch__arm__core__aarch32__cortex_m.a(reset.S.obj)
                0x000000000802bc74                z_arm_reset
                0x000000000802bc74                __start
 .text.__fault  0x000000000802bc9c       0x14 zephyr/arch/arch/arm/core/aarch32/cortex_m/libarch__arm__core__aarch32__cortex_m.a(fault_s.S.obj)
                0x000000000802bc9c                z_arm_exc_spurious
                0x000000000802bc9c                z_arm_hard_fault
 .text.z_arm_fault
                0x000000000802bcb0       0xe8 zephyr/arch/arch/arm/core/aarch32/cortex_m/libarch__arm__core__aarch32__cortex_m.a(fault.c.obj)
                0x000000000802bcb0                z_arm_fault
 .text._HandlerModeExit
                0x000000000802bd98       0x20 zephyr/arch/arch/arm/core/aarch32/cortex_m/libarch__arm__core__aarch32__cortex_m.a(exc_exit.S.obj)
                0x000000000802bd98                z_arm_exc_exit
                0x000000000802bd98                z_arm_int_exit
 .text.z_arm_interrupt_init
                0x000000000802bdb8       0x30 zephyr/arch/arch/arm/core/aarch32/cortex_m/libarch__arm__core__aarch32__cortex_m.a(irq_init.c.obj)
                0x000000000802bdb8                z_arm_interrupt_init
 .text.z_impl_k_thread_abort
                0x000000000802bde8       0x2c zephyr/arch/arch/arm/core/aarch32/cortex_m/libarch__arm__core__aarch32__cortex_m.a(thread_abort.c.obj)
                0x000000000802bde8                z_impl_k_thread_abort
 .text.z_arm_configure_static_mpu_regions
                0x000000000802be14       0x1c zephyr/arch/arch/arm/core/aarch32/cortex_m/mpu/libarch__arm__core__aarch32__cortex_m__mpu.a(arm_core_mpu.c.obj)
                0x000000000802be14                z_arm_configure_static_mpu_regions
 .text.mpu_configure_regions
                0x000000000802be30       0xc8 zephyr/arch/arch/arm/core/aarch32/cortex_m/mpu/libarch__arm__core__aarch32__cortex_m__mpu.a(arm_mpu.c.obj)
 .text.arm_core_mpu_enable
                0x000000000802bef8       0x14 zephyr/arch/arch/arm/core/aarch32/cortex_m/mpu/libarch__arm__core__aarch32__cortex_m__mpu.a(arm_mpu.c.obj)
                0x000000000802bef8                arm_core_mpu_enable
 .text.arm_core_mpu_disable
                0x000000000802bf0c       0x10 zephyr/arch/arch/arm/core/aarch32/cortex_m/mpu/libarch__arm__core__aarch32__cortex_m__mpu.a(arm_mpu.c.obj)
                0x000000000802bf0c                arm_core_mpu_disable
 .text.arm_core_mpu_configure_static_mpu_regions
                0x000000000802bf1c       0x14 zephyr/arch/arch/arm/core/aarch32/cortex_m/mpu/libarch__arm__core__aarch32__cortex_m__mpu.a(arm_mpu.c.obj)
                0x000000000802bf1c                arm_core_mpu_configure_static_mpu_regions
 .text.z_arm_mpu_init
                0x000000000802bf30       0x54 zephyr/arch/arch/arm/core/aarch32/cortex_m/mpu/libarch__arm__core__aarch32__cortex_m__mpu.a(arm_mpu.c.obj)
                0x000000000802bf30                z_arm_mpu_init
 .text.__stdout_hook_install
                0x000000000802bf84        0xc zephyr/lib/libc/newlib/liblib__libc__newlib.a(libc-hooks.c.obj)
                0x000000000802bf84                __stdout_hook_install
 .text.z_impl_zephyr_read_stdin
                0x000000000802bf90       0x28 zephyr/lib/libc/newlib/liblib__libc__newlib.a(libc-hooks.c.obj)
                0x000000000802bf90                z_impl_zephyr_read_stdin
 .text.z_impl_zephyr_write_stdout
                0x000000000802bfb8       0x2c zephyr/lib/libc/newlib/liblib__libc__newlib.a(libc-hooks.c.obj)
                0x000000000802bfb8                z_impl_zephyr_write_stdout
 .text._exit    0x000000000802bfe4       0x10 zephyr/lib/libc/newlib/liblib__libc__newlib.a(libc-hooks.c.obj)
                0x000000000802bfe4                _exit
 .text._sbrk    0x000000000802bff4       0x48 zephyr/lib/libc/newlib/liblib__libc__newlib.a(libc-hooks.c.obj)
                0x000000000802bff4                _sbrk
                0x000000000802bff4                sbrk
 .text.gpio_stm32_pin_interrupt_configure
                0x000000000802c03c       0xf4 zephyr/drivers/gpio/libdrivers__gpio.a(gpio_stm32.c.obj)
 .text.gpio_stm32_clock_request
                0x000000000802c130       0x3c zephyr/drivers/gpio/libdrivers__gpio.a(gpio_stm32.c.obj)
                0x000000000802c130                gpio_stm32_clock_request
 .text.uart_stm32_set_baudrate
                0x000000000802c16c       0x94 zephyr/drivers/serial/libdrivers__serial.a(uart_stm32.c.obj)
 .text.uart_stm32_init
                0x000000000802c200      0x100 zephyr/drivers/serial/libdrivers__serial.a(uart_stm32.c.obj)
 .text.uart_stm32_configure
                0x000000000802c300      0x164 zephyr/drivers/serial/libdrivers__serial.a(uart_stm32.c.obj)
 .text.uart_stm32_config_get
                0x000000000802c464       0xa4 zephyr/drivers/serial/libdrivers__serial.a(uart_stm32.c.obj)
 .text.LL_PWR_UnselectSUBGHZSPI_NSS
                0x000000000802c508       0x14 modules/stm32/stm32cube/lib..__modules__hal__stm32__stm32cube.a(stm32wlxx_hal_subghz.c.obj)
 .text.LL_PWR_SelectSUBGHZSPI_NSS
                0x000000000802c51c       0x14 modules/stm32/stm32cube/lib..__modules__hal__stm32__stm32cube.a(stm32wlxx_hal_subghz.c.obj)
 .text.SUBGHZSPI_Init
                0x000000000802c530       0x28 modules/stm32/stm32cube/lib..__modules__hal__stm32__stm32cube.a(stm32wlxx_hal_subghz.c.obj)
                0x000000000802c530                SUBGHZSPI_Init
 .text.HAL_SUBGHZ_Init
                0x000000000802c558       0xa8 modules/stm32/stm32cube/lib..__modules__hal__stm32__stm32cube.a(stm32wlxx_hal_subghz.c.obj)
                0x000000000802c558                HAL_SUBGHZ_Init
 .text.SUBGHZSPI_Transmit
                0x000000000802c600       0x70 modules/stm32/stm32cube/lib..__modules__hal__stm32__stm32cube.a(stm32wlxx_hal_subghz.c.obj)
                0x000000000802c600                SUBGHZSPI_Transmit
 .text.SUBGHZSPI_Receive
                0x000000000802c670       0x74 modules/stm32/stm32cube/lib..__modules__hal__stm32__stm32cube.a(stm32wlxx_hal_subghz.c.obj)
                0x000000000802c670                SUBGHZSPI_Receive
 .text.SUBGHZ_WaitOnBusy
                0x000000000802c6e4       0x4c modules/stm32/stm32cube/lib..__modules__hal__stm32__stm32cube.a(stm32wlxx_hal_subghz.c.obj)
                0x000000000802c6e4                SUBGHZ_WaitOnBusy
 .text.LL_SetFlashLatency
                0x000000000802c730       0xa4 modules/stm32/stm32cube/lib..__modules__hal__stm32__stm32cube.a(stm32wlxx_ll_utils.c.obj)
                0x000000000802c730                LL_SetFlashLatency
 .text.UTILS_EnablePLLAndSwitchSystem
                0x000000000802c7d4      0x108 modules/stm32/stm32cube/lib..__modules__hal__stm32__stm32cube.a(stm32wlxx_ll_utils.c.obj)
 .text.LL_PLL_ConfigSystemClock_HSE
                0x000000000802c8dc       0x8c modules/stm32/stm32cube/lib..__modules__hal__stm32__stm32cube.a(stm32wlxx_ll_utils.c.obj)
                0x000000000802c8dc                LL_PLL_ConfigSystemClock_HSE
 .text.z_device_state_init
                0x000000000802c968       0x40 zephyr/kernel/libkernel.a(device.c.obj)
                0x000000000802c968                z_device_state_init
 .text.z_sys_init_run_level
                0x000000000802c9a8       0x44 zephyr/kernel/libkernel.a(device.c.obj)
                0x000000000802c9a8                z_sys_init_run_level
 .text.z_device_get_all_static
                0x000000000802c9ec       0x14 zephyr/kernel/libkernel.a(device.c.obj)
                0x000000000802c9ec                z_device_get_all_static
 .text.z_impl_device_get_binding
                0x000000000802ca00       0x5c zephyr/kernel/libkernel.a(device.c.obj)
                0x000000000802ca00                z_impl_device_get_binding
 .text.k_sys_fatal_error_handler
                0x000000000802ca5c       0x30 zephyr/kernel/libkernel.a(fatal.c.obj)
                0x000000000802ca5c                k_sys_fatal_error_handler
 .text.z_fatal_error
                0x000000000802ca8c       0xc0 zephyr/kernel/libkernel.a(fatal.c.obj)
                0x000000000802ca8c                z_fatal_error
 .text.z_bss_zero
                0x000000000802cb4c       0x18 zephyr/kernel/libkernel.a(init.c.obj)
                0x000000000802cb4c                z_bss_zero
 .text.bg_thread_main
                0x000000000802cb64       0x34 zephyr/kernel/libkernel.a(init.c.obj)
 .text.z_cstart
                0x000000000802cb98      0x100 zephyr/kernel/libkernel.a(init.c.obj)
                0x000000000802cb98                z_cstart
 .text.init_mem_slab_module
                0x000000000802cc98       0x48 zephyr/kernel/libkernel.a(mem_slab.c.obj)
 .text.k_mem_slab_alloc
                0x000000000802cce0       0x58 zephyr/kernel/libkernel.a(mem_slab.c.obj)
                0x000000000802cce0                k_mem_slab_alloc
 .text.z_setup_new_thread
                0x000000000802cd38       0x5c zephyr/kernel/libkernel.a(thread.c.obj)
                0x000000000802cd38                z_setup_new_thread
 .text.z_impl_k_thread_create
                0x000000000802cd94       0x58 zephyr/kernel/libkernel.a(thread.c.obj)
                0x000000000802cd94                z_impl_k_thread_create
 .text.z_init_static_threads
                0x000000000802cdec       0xac zephyr/kernel/libkernel.a(thread.c.obj)
                0x000000000802cdec                z_init_static_threads
 .text.idle     0x000000000802ce98       0x24 zephyr/kernel/libkernel.a(idle.c.obj)
                0x000000000802ce98                idle
 .text.z_impl_k_sem_give
                0x000000000802cebc       0x38 zephyr/kernel/libkernel.a(sem.c.obj)
                0x000000000802cebc                z_impl_k_sem_give
 .text.z_impl_k_sem_take
                0x000000000802cef4       0x54 zephyr/kernel/libkernel.a(sem.c.obj)
                0x000000000802cef4                z_impl_k_sem_take
 .text.z_reschedule
                0x000000000802cf48       0x2c zephyr/kernel/libkernel.a(sched.c.obj)
                0x000000000802cf48                z_reschedule
 .text.k_sched_lock
                0x000000000802cf74       0x20 zephyr/kernel/libkernel.a(sched.c.obj)
                0x000000000802cf74                k_sched_lock
 .text.update_cache
                0x000000000802cf94       0x38 zephyr/kernel/libkernel.a(sched.c.obj)
 .text.unready_thread
                0x000000000802cfcc       0x2c zephyr/kernel/libkernel.a(sched.c.obj)
 .text.pend     0x000000000802cff8       0x3c zephyr/kernel/libkernel.a(sched.c.obj)
 .text.z_pend_curr
                0x000000000802d034       0x20 zephyr/kernel/libkernel.a(sched.c.obj)
                0x000000000802d034                z_pend_curr
 .text.z_impl_k_thread_suspend
                0x000000000802d054       0x58 zephyr/kernel/libkernel.a(sched.c.obj)
                0x000000000802d054                z_impl_k_thread_suspend
 .text.k_sched_unlock
                0x000000000802d0ac       0x2c zephyr/kernel/libkernel.a(sched.c.obj)
                0x000000000802d0ac                k_sched_unlock
 .text.ready_thread
                0x000000000802d0d8       0x6c zephyr/kernel/libkernel.a(sched.c.obj)
 .text.z_sched_start
                0x000000000802d144       0x34 zephyr/kernel/libkernel.a(sched.c.obj)
                0x000000000802d144                z_sched_start
 .text.z_sched_init
                0x000000000802d178       0x14 zephyr/kernel/libkernel.a(sched.c.obj)
                0x000000000802d178                z_sched_init
 .text.z_impl_k_yield
                0x000000000802d18c       0x90 zephyr/kernel/libkernel.a(sched.c.obj)
                0x000000000802d18c                z_impl_k_yield
 .text.z_tick_sleep
                0x000000000802d21c       0x6c zephyr/kernel/libkernel.a(sched.c.obj)
 .text.z_impl_k_sleep
                0x000000000802d288       0x38 zephyr/kernel/libkernel.a(sched.c.obj)
                0x000000000802d288                z_impl_k_sleep
 .text.z_impl_k_current_get
                0x000000000802d2c0        0xc zephyr/kernel/libkernel.a(sched.c.obj)
                0x000000000802d2c0                z_impl_k_current_get
 .text.z_thread_abort
                0x000000000802d2cc       0xa0 zephyr/kernel/libkernel.a(sched.c.obj)
                0x000000000802d2cc                z_thread_abort
 .text.z_data_copy
                0x000000000802d36c       0x34 zephyr/kernel/libkernel.a(xip.c.obj)
                0x000000000802d36c                z_data_copy
 .text.elapsed  0x000000000802d3a0       0x18 zephyr/kernel/libkernel.a(timeout.c.obj)
 .text.next_timeout
                0x000000000802d3b8       0x4c zephyr/kernel/libkernel.a(timeout.c.obj)
 .text.remove_timeout
                0x000000000802d404       0x38 zephyr/kernel/libkernel.a(timeout.c.obj)
 .text.z_add_timeout
                0x000000000802d43c       0xfc zephyr/kernel/libkernel.a(timeout.c.obj)
                0x000000000802d43c                z_add_timeout
 .text.sys_clock_announce
                0x000000000802d538       0xe0 zephyr/kernel/libkernel.a(timeout.c.obj)
                0x000000000802d538                sys_clock_announce
 .text.sys_clock_tick_get
                0x000000000802d618       0x2c zephyr/kernel/libkernel.a(timeout.c.obj)
                0x000000000802d618                sys_clock_tick_get
 .text.z_timer_expiration_handler
                0x000000000802d644       0x58 zephyr/kernel/libkernel.a(timer.c.obj)
                0x000000000802d644                z_timer_expiration_handler
 .text.z_impl_k_timer_start
                0x000000000802d69c       0xac zephyr/kernel/libkernel.a(timer.c.obj)
                0x000000000802d69c                z_impl_k_timer_start
 .text.boot_banner
                0x000000000802d748       0x1c zephyr/kernel/libkernel.a(banner.c.obj)
                0x000000000802d748                boot_banner
 .text.floor    0x000000000802d764      0x138 /usr/local/arm-none-eabi/lib/thumb/v6-m/nofp/libm.a(lib_a-s_floor.o)
                0x000000000802d764                floor
 .text.__assert_func
                0x000000000802d89c       0x3c /usr/local/arm-none-eabi/lib/thumb/v6-m/nofp/libc_nano.a(lib_a-assert.o)
                0x000000000802d89c                __assert_func
 .text.fprintf  0x000000000802d8d8       0x20 /usr/local/arm-none-eabi/lib/thumb/v6-m/nofp/libc_nano.a(lib_a-fprintf.o)
                0x000000000802d8d8                fprintf
                0x000000000802d8d8                fiprintf
 .text._vfprintf_r
                0x000000000802d8f8      0x274 /usr/local/arm-none-eabi/lib/thumb/v6-m/nofp/libc_nano.a(lib_a-nano-vfprintf.o)
                0x000000000802d8f8                _vfiprintf_r
                0x000000000802d8f8                _vfprintf_r
 .text._printf_i
                0x000000000802db6c      0x224 /usr/local/arm-none-eabi/lib/thumb/v6-m/nofp/libc_nano.a(lib_a-nano-vfprintf_i.o)
                0x000000000802db6c                _printf_i
 .text.__swbuf_r
                0x000000000802dd90       0xac /usr/local/arm-none-eabi/lib/thumb/v6-m/nofp/libc_nano.a(lib_a-wbuf.o)
                0x000000000802dd90                __swbuf_r
 .text.__swsetup_r
                0x000000000802de3c       0xf0 /usr/local/arm-none-eabi/lib/thumb/v6-m/nofp/libc_nano.a(lib_a-wsetup.o)
                0x000000000802de3c                __swsetup_r
 .text.__sflush_r
                0x000000000802df2c      0x118 /usr/local/arm-none-eabi/lib/thumb/v6-m/nofp/libc_nano.a(lib_a-fflush.o)
                0x000000000802df2c                __sflush_r
 .text._fflush_r
                0x000000000802e044       0x80 /usr/local/arm-none-eabi/lib/thumb/v6-m/nofp/libc_nano.a(lib_a-fflush.o)
                0x000000000802e044                _fflush_r
 .text.std      0x000000000802e0c4       0x48 /usr/local/arm-none-eabi/lib/thumb/v6-m/nofp/libc_nano.a(lib_a-findfp.o)
 .text._cleanup_r
                0x000000000802e10c       0x10 /usr/local/arm-none-eabi/lib/thumb/v6-m/nofp/libc_nano.a(lib_a-findfp.o)
                0x000000000802e10c                _cleanup_r
 .text.__sfp_lock_acquire
                0x000000000802e11c       0x10 /usr/local/arm-none-eabi/lib/thumb/v6-m/nofp/libc_nano.a(lib_a-findfp.o)
                0x000000000802e11c                __sfp_lock_acquire
 .text.__sfp_lock_release
                0x000000000802e12c       0x10 /usr/local/arm-none-eabi/lib/thumb/v6-m/nofp/libc_nano.a(lib_a-findfp.o)
                0x000000000802e12c                __sfp_lock_release
 .text.__sinit_lock_acquire
                0x000000000802e13c       0x10 /usr/local/arm-none-eabi/lib/thumb/v6-m/nofp/libc_nano.a(lib_a-findfp.o)
                0x000000000802e13c                __sinit_lock_acquire
 .text.__sinit_lock_release
                0x000000000802e14c       0x10 /usr/local/arm-none-eabi/lib/thumb/v6-m/nofp/libc_nano.a(lib_a-findfp.o)
                0x000000000802e14c                __sinit_lock_release
 .text.__sinit  0x000000000802e15c       0x70 /usr/local/arm-none-eabi/lib/thumb/v6-m/nofp/libc_nano.a(lib_a-findfp.o)
                0x000000000802e15c                __sinit
 .text.__sfp    0x000000000802e1cc       0x90 /usr/local/arm-none-eabi/lib/thumb/v6-m/nofp/libc_nano.a(lib_a-findfp.o)
                0x000000000802e1cc                __sfp
 .text.__swhatbuf_r
                0x000000000802e25c       0x50 /usr/local/arm-none-eabi/lib/thumb/v6-m/nofp/libc_nano.a(lib_a-makebuf.o)
                0x000000000802e25c                __swhatbuf_r
 .text.__smakebuf_r
                0x000000000802e2ac       0x88 /usr/local/arm-none-eabi/lib/thumb/v6-m/nofp/libc_nano.a(lib_a-makebuf.o)
                0x000000000802e2ac                __smakebuf_r
 .text._free_r  0x000000000802e334       0x94 /usr/local/arm-none-eabi/lib/thumb/v6-m/nofp/libc_nano.a(lib_a-nano-freer.o)
                0x000000000802e334                _free_r
 .text._malloc_r
                0x000000000802e3c8       0xbc /usr/local/arm-none-eabi/lib/thumb/v6-m/nofp/libc_nano.a(lib_a-nano-mallocr.o)
                0x000000000802e3c8                _malloc_r
 .text._sbrk_r  0x000000000802e484       0x24 /usr/local/arm-none-eabi/lib/thumb/v6-m/nofp/libc_nano.a(lib_a-sbrkr.o)
                0x000000000802e484                _sbrk_r
 .text.raise    0x000000000802e4a8       0x14 /usr/local/arm-none-eabi/lib/thumb/v6-m/nofp/libc_nano.a(lib_a-signal.o)
                0x000000000802e4a8                raise
 .text._kill_r  0x000000000802e4bc       0x24 /usr/local/arm-none-eabi/lib/thumb/v6-m/nofp/libc_nano.a(lib_a-signalr.o)
                0x000000000802e4bc                _kill_r
 .text.__sread  0x000000000802e4e0       0x28 /usr/local/arm-none-eabi/lib/thumb/v6-m/nofp/libc_nano.a(lib_a-stdio.o)
                0x000000000802e4e0                __sread
 .text.__swrite
                0x000000000802e508       0x38 /usr/local/arm-none-eabi/lib/thumb/v6-m/nofp/libc_nano.a(lib_a-stdio.o)
                0x000000000802e508                __swrite
 .text.__sseek  0x000000000802e540       0x2c /usr/local/arm-none-eabi/lib/thumb/v6-m/nofp/libc_nano.a(lib_a-stdio.o)
                0x000000000802e540                __sseek
 .text._write_r
                0x000000000802e56c       0x28 /usr/local/arm-none-eabi/lib/thumb/v6-m/nofp/libc_nano.a(lib_a-writer.o)
                0x000000000802e56c                _write_r
 .text._close_r
                0x000000000802e594       0x24 /usr/local/arm-none-eabi/lib/thumb/v6-m/nofp/libc_nano.a(lib_a-closer.o)
                0x000000000802e594                _close_r
 .text._fstat_r
                0x000000000802e5b8       0x24 /usr/local/arm-none-eabi/lib/thumb/v6-m/nofp/libc_nano.a(lib_a-fstatr.o)
                0x000000000802e5b8                _fstat_r
 .text._isatty_r
                0x000000000802e5dc       0x24 /usr/local/arm-none-eabi/lib/thumb/v6-m/nofp/libc_nano.a(lib_a-isattyr.o)
                0x000000000802e5dc                _isatty_r
 .text._lseek_r
                0x000000000802e600       0x28 /usr/local/arm-none-eabi/lib/thumb/v6-m/nofp/libc_nano.a(lib_a-lseekr.o)
                0x000000000802e600                _lseek_r
 .text.__malloc_lock
                0x000000000802e628       0x10 /usr/local/arm-none-eabi/lib/thumb/v6-m/nofp/libc_nano.a(lib_a-mlock.o)
                0x000000000802e628                __malloc_lock
 .text.__malloc_unlock
                0x000000000802e638       0x10 /usr/local/arm-none-eabi/lib/thumb/v6-m/nofp/libc_nano.a(lib_a-mlock.o)
                0x000000000802e638                __malloc_unlock
 .text._read_r  0x000000000802e648       0x28 /usr/local/arm-none-eabi/lib/thumb/v6-m/nofp/libc_nano.a(lib_a-readr.o)
                0x000000000802e648                _read_r
 .text.battery_level_cb
                0x000000000802e670        0x4 app/libapp.a(main.c.obj)
 .text.arch_printk_char_out
                0x000000000802e674        0x4 zephyr/libzephyr.a(printk.c.obj)
                0x000000000802e674                arch_printk_char_out
 .text.str_out  0x000000000802e678       0x2a zephyr/libzephyr.a(printk.c.obj)
 .text.printk   0x000000000802e6a2       0x16 zephyr/libzephyr.a(printk.c.obj)
                0x000000000802e6a2                printk
 .text.snprintk
                0x000000000802e6b8       0x16 zephyr/libzephyr.a(printk.c.obj)
                0x000000000802e6b8                snprintk
 .text.sys_sem_give
                0x000000000802e6ce        0xa zephyr/libzephyr.a(sem.c.obj)
                0x000000000802e6ce                sys_sem_give
 .text.sys_sem_take
                0x000000000802e6d8       0x18 zephyr/libzephyr.a(sem.c.obj)
                0x000000000802e6d8                sys_sem_take
 .text.z_thread_entry
                0x000000000802e6f0       0x14 zephyr/libzephyr.a(thread_entry.c.obj)
                0x000000000802e6f0                z_thread_entry
 .text.outs     0x000000000802e704       0x2c zephyr/libzephyr.a(cbprintf_complete.c.obj)
 .text._ConfigAbsSyms
                0x000000000802e730        0x2 zephyr/libzephyr.a(configs.c.obj)
                0x000000000802e730                _ConfigAbsSyms
 .text.log_list_init
                0x000000000802e732        0x8 zephyr/libzephyr.a(log_list.c.obj)
                0x000000000802e732                log_list_init
 .text.log_list_add_tail
                0x000000000802e73a       0x16 zephyr/libzephyr.a(log_list.c.obj)
                0x000000000802e73a                log_list_add_tail
 .text.log_list_head_peek
                0x000000000802e750        0x4 zephyr/libzephyr.a(log_list.c.obj)
                0x000000000802e750                log_list_head_peek
 .text.log_list_head_get
                0x000000000802e754        0xe zephyr/libzephyr.a(log_list.c.obj)
                0x000000000802e754                log_list_head_get
 .text.z_log_msg_std_alloc
                0x000000000802e762       0x14 zephyr/libzephyr.a(log_core.c.obj)
 .text.default_lf_get_timestamp
                0x000000000802e776       0x18 zephyr/libzephyr.a(log_core.c.obj)
 .text.dummy_timestamp
                0x000000000802e78e        0x4 zephyr/libzephyr.a(log_core.c.obj)
 .text.log_0    0x000000000802e792       0x18 zephyr/libzephyr.a(log_core.c.obj)
                0x000000000802e792                log_0
 .text.log_1    0x000000000802e7aa       0x28 zephyr/libzephyr.a(log_core.c.obj)
                0x000000000802e7aa                log_1
 .text.log_2    0x000000000802e7d2       0x2c zephyr/libzephyr.a(log_core.c.obj)
                0x000000000802e7d2                log_2
 .text.log_3    0x000000000802e7fe       0x36 zephyr/libzephyr.a(log_core.c.obj)
                0x000000000802e7fe                log_3
 .text.log_n    0x000000000802e834       0x14 zephyr/libzephyr.a(log_core.c.obj)
                0x000000000802e834                log_n
 .text.log_msg_hexdump_data_op
                0x000000000802e848       0xaa zephyr/libzephyr.a(log_msg.c.obj)
 .text.log_msg_get
                0x000000000802e8f2        0xc zephyr/libzephyr.a(log_msg.c.obj)
                0x000000000802e8f2                log_msg_get
 .text.log_msg_nargs_get
                0x000000000802e8fe        0x6 zephyr/libzephyr.a(log_msg.c.obj)
                0x000000000802e8fe                log_msg_nargs_get
 .text.log_msg_arg_get
                0x000000000802e904       0x36 zephyr/libzephyr.a(log_msg.c.obj)
                0x000000000802e904                log_msg_arg_get
 .text.log_msg_put
                0x000000000802e93a       0x1a zephyr/libzephyr.a(log_msg.c.obj)
                0x000000000802e93a                log_msg_put
 .text.log_msg_str_get
                0x000000000802e954        0x4 zephyr/libzephyr.a(log_msg.c.obj)
                0x000000000802e954                log_msg_str_get
 .text.log_msg_create_n
                0x000000000802e958       0xbe zephyr/libzephyr.a(log_msg.c.obj)
                0x000000000802e958                log_msg_create_n
 .text.log_msg_hexdump_data_get
                0x000000000802ea16        0xc zephyr/libzephyr.a(log_msg.c.obj)
                0x000000000802ea16                log_msg_hexdump_data_get
 .text.buffer_write
                0x000000000802ea22       0x1c zephyr/libzephyr.a(log_output.c.obj)
 .text.std_print
                0x000000000802ea3e      0x2a4 zephyr/libzephyr.a(log_output.c.obj)
 .text.log_output_flush
                0x000000000802ece2       0x18 zephyr/libzephyr.a(log_output.c.obj)
                0x000000000802ece2                log_output_flush
 .text.out_func
                0x000000000802ecfa       0x26 zephyr/libzephyr.a(log_output.c.obj)
 .text.pm_init  0x000000000802ed20        0xa zephyr/libzephyr.a(power.c.obj)
 .text.pm_power_state_exit_post_ops
                0x000000000802ed2a       0x12 zephyr/libzephyr.a(power.c.obj)
                0x000000000802ed2a                pm_power_state_exit_post_ops
 .text.pm_power_state_set
                0x000000000802ed3c        0x6 zephyr/libzephyr.a(power.c.obj)
                0x000000000802ed3c                pm_power_state_set
 .text.pm_device_state_set
                0x000000000802ed42       0x1e zephyr/libzephyr.a(device.c.obj)
                0x000000000802ed42                pm_device_state_set
 .text.pm_suspend_devices
                0x000000000802ed60        0xa zephyr/libzephyr.a(device.c.obj)
                0x000000000802ed60                pm_suspend_devices
 .text.pm_low_power_devices
                0x000000000802ed6a        0xa zephyr/libzephyr.a(device.c.obj)
                0x000000000802ed6a                pm_low_power_devices
 .text.pm_policy_next_state
                0x000000000802ed74       0x10 zephyr/libzephyr.a(policy_residency.c.obj)