Archive member included to satisfy reference by file (symbol)

app/libapp.a(main.c.obj)      (--whole-archive)
zephyr/libzephyr.a(cbprintf.c.obj)
                              (--whole-archive)
zephyr/libzephyr.a(cbprintf_packaged.c.obj)
                              (--whole-archive)
zephyr/libzephyr.a(crc32c_sw.c.obj)
                              (--whole-archive)
zephyr/libzephyr.a(crc32_sw.c.obj)
                              (--whole-archive)
zephyr/libzephyr.a(crc16_sw.c.obj)
                              (--whole-archive)
zephyr/libzephyr.a(crc8_sw.c.obj)
                              (--whole-archive)
zephyr/libzephyr.a(crc7_sw.c.obj)
                              (--whole-archive)
zephyr/libzephyr.a(dec.c.obj)
                              (--whole-archive)
zephyr/libzephyr.a(fdtable.c.obj)
                              (--whole-archive)
zephyr/libzephyr.a(hex.c.obj)
                              (--whole-archive)
zephyr/libzephyr.a(notify.c.obj)
                              (--whole-archive)
zephyr/libzephyr.a(printk.c.obj)
                              (--whole-archive)
zephyr/libzephyr.a(onoff.c.obj)
                              (--whole-archive)
zephyr/libzephyr.a(rb.c.obj)  (--whole-archive)
zephyr/libzephyr.a(sem.c.obj)
                              (--whole-archive)
zephyr/libzephyr.a(thread_entry.c.obj)
                              (--whole-archive)
zephyr/libzephyr.a(timeutil.c.obj)
                              (--whole-archive)
zephyr/libzephyr.a(heap.c.obj)
                              (--whole-archive)
zephyr/libzephyr.a(heap-validate.c.obj)
                              (--whole-archive)
zephyr/libzephyr.a(cbprintf_complete.c.obj)
                              (--whole-archive)
zephyr/libzephyr.a(mpsc_pbuf.c.obj)
                              (--whole-archive)
zephyr/libzephyr.a(configs.c.obj)
                              (--whole-archive)
zephyr/libzephyr.a(soc.c.obj)
                              (--whole-archive)
zephyr/libzephyr.a(stm32cube_hal.c.obj)
                              (--whole-archive)
zephyr/libzephyr.a(log_list.c.obj)
                              (--whole-archive)
zephyr/libzephyr.a(log_core.c.obj)
                              (--whole-archive)
zephyr/libzephyr.a(log_msg.c.obj)
                              (--whole-archive)
zephyr/libzephyr.a(log_output.c.obj)
                              (--whole-archive)
zephyr/libzephyr.a(log_backend_uart.c.obj)
                              (--whole-archive)
zephyr/libzephyr.a(uart_console.c.obj)
                              (--whole-archive)
zephyr/libzephyr.a(intc_exti_stm32.c.obj)
                              (--whole-archive)
zephyr/libzephyr.a(clock_stm32_ll_common.c.obj)
                              (--whole-archive)
zephyr/libzephyr.a(clock_stm32l4_l5_wb_wl.c.obj)
                              (--whole-archive)
zephyr/libzephyr.a(pinmux_stm32.c.obj)
                              (--whole-archive)
zephyr/libzephyr.a(sys_clock_init.c.obj)
                              (--whole-archive)
zephyr/libzephyr.a(cortex_m_systick.c.obj)
                              (--whole-archive)
zephyr/libzephyr.a(ipm_stm32_ipcc.c.obj)
                              (--whole-archive)
zephyr/arch/common/libarch__common.a(sw_isr_common.c.obj)
                              (--whole-archive)
zephyr/arch/arch/arm/core/aarch32/libarch__arm__core__aarch32.a(swap.c.obj)
                              (--whole-archive)
zephyr/arch/arch/arm/core/aarch32/libarch__arm__core__aarch32.a(swap_helper.S.obj)
                              (--whole-archive)
zephyr/arch/arch/arm/core/aarch32/libarch__arm__core__aarch32.a(irq_manage.c.obj)
                              (--whole-archive)
zephyr/arch/arch/arm/core/aarch32/libarch__arm__core__aarch32.a(thread.c.obj)
                              (--whole-archive)
zephyr/arch/arch/arm/core/aarch32/libarch__arm__core__aarch32.a(cpu_idle.S.obj)
                              (--whole-archive)
zephyr/arch/arch/arm/core/aarch32/libarch__arm__core__aarch32.a(fatal.c.obj)
                              (--whole-archive)
zephyr/arch/arch/arm/core/aarch32/libarch__arm__core__aarch32.a(nmi.c.obj)
                              (--whole-archive)
zephyr/arch/arch/arm/core/aarch32/libarch__arm__core__aarch32.a(nmi_on_reset.S.obj)
                              (--whole-archive)
zephyr/arch/arch/arm/core/aarch32/libarch__arm__core__aarch32.a(prep_c.c.obj)
                              (--whole-archive)
zephyr/arch/arch/arm/core/aarch32/libarch__arm__core__aarch32.a(isr_wrapper.S.obj)
                              (--whole-archive)
zephyr/arch/arch/arm/core/aarch32/cortex_m/libarch__arm__core__aarch32__cortex_m.a(vector_table.S.obj)
                              (--whole-archive)
zephyr/arch/arch/arm/core/aarch32/cortex_m/libarch__arm__core__aarch32__cortex_m.a(reset.S.obj)
                              (--whole-archive)
zephyr/arch/arch/arm/core/aarch32/cortex_m/libarch__arm__core__aarch32__cortex_m.a(fault_s.S.obj)
[...]
Memory Configuration

Name             Origin             Length             Attributes
FLASH            0x0000000008000000 0x0000000000020000 xr
SRAM             0x0000000020000000 0x0000000000008000 xw
IDT_LIST         0x0000000020008000 0x0000000000000800 xw
*default*        0x0000000000000000 0xffffffffffffffff

Linker script and memory map

LOAD zephyr/CMakeFiles/zephyr_final.dir/misc/empty_file.c.obj
LOAD zephyr/CMakeFiles/zephyr_final.dir/isr_tables.c.obj
LOAD zephyr/CMakeFiles/zephyr_final.dir/dev_handles.c.obj
                0x0000000000000020                _region_min_align = 0x20

.rel.plt        0x0000000008000000        0x0
 *(SORT_BY_ALIGNMENT(.rel.plt))
                [!provide]                        PROVIDE (__rel_iplt_start = .)
 *(SORT_BY_ALIGNMENT(.rel.iplt))
 .rel.iplt      0x0000000008000000        0x0 zephyr/CMakeFiles/zephyr_final.dir/isr_tables.c.obj
                [!provide]                        PROVIDE (__rel_iplt_end = .)

.rela.plt       0x0000000000000000        0x0
 *(SORT_BY_ALIGNMENT(.rela.plt))
                [!provide]                        PROVIDE (__rela_iplt_start = .)
 *(SORT_BY_ALIGNMENT(.rela.iplt))
                [!provide]                        PROVIDE (__rela_iplt_end = .)

.rel.dyn
 *(SORT_BY_ALIGNMENT(.rel.*))

.rela.dyn
 *(SORT_BY_ALIGNMENT(.rela.*))

/DISCARD/
 *(SORT_BY_ALIGNMENT(.plt))
 *(SORT_BY_ALIGNMENT(.iplt))
 *(SORT_BY_ALIGNMENT(.got.plt))
 *(SORT_BY_ALIGNMENT(.igot.plt))
 *(SORT_BY_ALIGNMENT(.got))
 *(SORT_BY_ALIGNMENT(.igot))
 *(SORT_BY_ALIGNMENT(.irq_info*))
 *(SORT_BY_ALIGNMENT(.intList*))
 *(SORT_BY_ALIGNMENT(.note.GNU-stack))
                0x0000000008000000                _image_rom_start = 0x8000000

rom_start       0x0000000008000000      0x138
                0x0000000000000000                . = 0x0
                0x0000000000000000                . = ALIGN (0x4)
                0x0000000000000000                . = ALIGN (0x80)
                0x0000000000000000                . = ALIGN (0x200)
                0x0000000008000000                _vector_start = .
 *(SORT_BY_ALIGNMENT(.exc_vector_table))
 *(SORT_BY_ALIGNMENT(.exc_vector_table.*))
 .exc_vector_table._vector_table_section
                0x0000000008000000       0x40 zephyr/arch/arch/arm/core/aarch32/cortex_m/libarch__arm__core__aarch32__cortex_m.a(vector_table.S.obj)
                0x0000000008000000                _vector_table
 *(SORT_BY_ALIGNMENT(.gnu.linkonce.irq_vector_table*))
 .gnu.linkonce.irq_vector_table
                0x0000000008000040       0xf8 zephyr/CMakeFiles/zephyr_final.dir/isr_tables.c.obj
                0x0000000008000040                _irq_vector_table
 *(SORT_BY_ALIGNMENT(.vectors))
                0x0000000008000138                _vector_end = .

text            0x0000000008000138     0x48de
                0x0000000008000138                _image_text_start = .
 *(SORT_BY_ALIGNMENT(.text))
 .text          0x0000000008000138       0x30 /usr/local/bin/../lib/gcc/arm-none-eabi/10.2.1/thumb/v7e-m/nofp/libgcc.a(_aeabi_uldivmod.o)
                0x0000000008000138                __aeabi_uldivmod
 .text          0x0000000008000168      0x2d0 /usr/local/bin/../lib/gcc/arm-none-eabi/10.2.1/thumb/v7e-m/nofp/libgcc.a(_udivmoddi4.o)
                0x0000000008000168                __udivmoddi4
 .text          0x0000000008000438        0x4 /usr/local/bin/../lib/gcc/arm-none-eabi/10.2.1/thumb/v7e-m/nofp/libgcc.a(_dvmd_tls.o)
                0x0000000008000438                __aeabi_ldiv0
                0x0000000008000438                __aeabi_idiv0
 .text          0x000000000800043c       0x14 /usr/local/arm-none-eabi/lib/thumb/v7e-m/nofp/libc_nano.a(lib_a-strcmp.o)
                0x000000000800043c                strcmp
 .text          0x0000000008000450       0x10 /usr/local/arm-none-eabi/lib/thumb/v7e-m/nofp/libc_nano.a(lib_a-strlen.o)
                0x0000000008000450                strlen
 *(SORT_BY_ALIGNMENT(.text.*))
 .text.main     0x0000000008000460       0x48 app/libapp.a(main.c.obj)
                0x0000000008000460                main
 .text.char_out
                0x00000000080004a8       0x10 zephyr/libzephyr.a(printk.c.obj)
 .text.__printk_hook_install
                0x00000000080004b8        0xc zephyr/libzephyr.a(printk.c.obj)
                0x00000000080004b8                __printk_hook_install
 .text.vprintk  0x00000000080004c4       0x1c zephyr/libzephyr.a(printk.c.obj)
                0x00000000080004c4                vprintk
 .text.vsnprintk
                0x00000000080004e0       0x28 zephyr/libzephyr.a(printk.c.obj)
                0x00000000080004e0                vsnprintk
 .text.extract_decimal
                0x0000000008000508       0x28 zephyr/libzephyr.a(cbprintf_complete.c.obj)
 .text.encode_uint
                0x0000000008000530       0x98 zephyr/libzephyr.a(cbprintf_complete.c.obj)
 .text.cbvprintf
                0x00000000080005c8      0x734 zephyr/libzephyr.a(cbprintf_complete.c.obj)
                0x00000000080005c8                cbvprintf
 .text.stm32wl_init
                0x0000000008000cfc       0x2c zephyr/libzephyr.a(soc.c.obj)
 .text.enable_logger
                0x0000000008000d28       0x5c zephyr/libzephyr.a(log_core.c.obj)
 .text.log_process_thread_timer_expiry_fn
                0x0000000008000d84        0xc zephyr/libzephyr.a(log_core.c.obj)
 .text.z_log_get_s_mask
                0x0000000008000d90       0x48 zephyr/libzephyr.a(log_core.c.obj)
                0x0000000008000d90                z_log_get_s_mask
 .text.log_core_init
                0x0000000008000dd8       0x40 zephyr/libzephyr.a(log_core.c.obj)
                0x0000000008000dd8                log_core_init
 .text.get_msg  0x0000000008000e18       0x28 zephyr/libzephyr.a(log_core.c.obj)
                0x0000000008000e18                get_msg
 .text.z_log_dropped
                0x0000000008000e40       0x20 zephyr/libzephyr.a(log_core.c.obj)
                0x0000000008000e40                z_log_dropped
 .text.z_log_dropped_read_and_clear
                0x0000000008000e60       0x20 zephyr/libzephyr.a(log_core.c.obj)
                0x0000000008000e60                z_log_dropped_read_and_clear
 .text.dropped_notify
                0x0000000008000e80       0x38 zephyr/libzephyr.a(log_core.c.obj)
                0x0000000008000e80                dropped_notify
 .text.log_source_name_get
                0x0000000008000eb8       0x1c zephyr/libzephyr.a(log_core.c.obj)
                0x0000000008000eb8                log_source_name_get
 .text.log_backend_enable
                0x0000000008000ed4       0x34 zephyr/libzephyr.a(log_core.c.obj)
                0x0000000008000ed4                log_backend_enable
 .text.log_init
                0x0000000008000f08       0x54 zephyr/libzephyr.a(log_core.c.obj)
                0x0000000008000f08                log_init
 .text.z_log_strdup
                0x0000000008000f5c       0x70 zephyr/libzephyr.a(log_core.c.obj)
                0x0000000008000f5c                z_log_strdup
 .text.log_is_strdup
                0x0000000008000fcc       0x1c zephyr/libzephyr.a(log_core.c.obj)
                0x0000000008000fcc                log_is_strdup
 .text.z_impl_log_process
                0x0000000008000fe8      0x15c zephyr/libzephyr.a(log_core.c.obj)
                0x0000000008000fe8                z_impl_log_process
 .text.log_process_thread_func
                0x0000000008001144       0x48 zephyr/libzephyr.a(log_core.c.obj)
 .text.msg_finalize
                0x000000000800118c       0xc4 zephyr/libzephyr.a(log_core.c.obj)
 .text.z_impl_log_panic
                0x0000000008001250       0x48 zephyr/libzephyr.a(log_core.c.obj)
                0x0000000008001250                z_impl_log_panic
 .text.log_free
                0x0000000008001298       0x34 zephyr/libzephyr.a(log_core.c.obj)
                0x0000000008001298                log_free
 .text.log_msg_pool_init
                0x00000000080012cc       0x14 zephyr/libzephyr.a(log_msg.c.obj)
                0x00000000080012cc                log_msg_pool_init
 .text.log_msg_no_space_handle
                0x00000000080012e0       0x30 zephyr/libzephyr.a(log_msg.c.obj)
                0x00000000080012e0                log_msg_no_space_handle
 .text.log_msg_chunk_alloc
                0x0000000008001310       0x28 zephyr/libzephyr.a(log_msg.c.obj)
                0x0000000008001310                log_msg_chunk_alloc
 .text.msg_free
                0x0000000008001338       0x7c zephyr/libzephyr.a(log_msg.c.obj)
 .text.print_formatted
                0x00000000080013b4       0x24 zephyr/libzephyr.a(log_output.c.obj)
 .text.hexdump_line_print
                0x00000000080013d8       0xe4 zephyr/libzephyr.a(log_output.c.obj)
 .text.prefix_print
                0x00000000080014bc      0x124 zephyr/libzephyr.a(log_output.c.obj)
 .text.postfix_print
                0x00000000080015e0       0x3c zephyr/libzephyr.a(log_output.c.obj)
 .text.log_output_msg_process
                0x000000000800161c       0xf8 zephyr/libzephyr.a(log_output.c.obj)
                0x000000000800161c                log_output_msg_process
 .text.log_output_dropped_process
                0x0000000008001714       0x58 zephyr/libzephyr.a(log_output.c.obj)
                0x0000000008001714                log_output_dropped_process
 .text.log_output_timestamp_freq_set
                0x000000000800176c       0x30 zephyr/libzephyr.a(log_output.c.obj)
                0x000000000800176c                log_output_timestamp_freq_set
 .text.char_out
                0x000000000800179c       0x24 zephyr/libzephyr.a(log_backend_uart.c.obj)
 .text.panic    0x00000000080017c0        0xc zephyr/libzephyr.a(log_backend_uart.c.obj)
 .text.dropped  0x00000000080017cc        0xc zephyr/libzephyr.a(log_backend_uart.c.obj)
 .text.log_backend_uart_init
                0x00000000080017d8       0x18 zephyr/libzephyr.a(log_backend_uart.c.obj)
 .text.put      0x00000000080017f0       0x24 zephyr/libzephyr.a(log_backend_uart.c.obj)
 .text.uart_console_init
                0x0000000008001814       0x2c zephyr/libzephyr.a(uart_console.c.obj)
 .text.console_out
                0x0000000008001840       0x28 zephyr/libzephyr.a(uart_console.c.obj)
 .text.__stm32_exti_isr.isra.0
                0x0000000008001868       0x40 zephyr/libzephyr.a(intc_exti_stm32.c.obj)
 .text.stm32_exti_enable
                0x00000000080018a8       0x20 zephyr/libzephyr.a(intc_exti_stm32.c.obj)
                0x00000000080018a8                stm32_exti_enable
 .text.stm32_exti_disable
                0x00000000080018c8       0x20 zephyr/libzephyr.a(intc_exti_stm32.c.obj)
                0x00000000080018c8                stm32_exti_disable
 .text.stm32_exti_trigger
                0x00000000080018e8       0x68 zephyr/libzephyr.a(intc_exti_stm32.c.obj)
                0x00000000080018e8                stm32_exti_trigger
 .text.stm32_exti_set_callback
                0x0000000008001950       0x24 zephyr/libzephyr.a(intc_exti_stm32.c.obj)
                0x0000000008001950                stm32_exti_set_callback
 .text.stm32_exti_unset_callback
                0x0000000008001974       0x14 zephyr/libzephyr.a(intc_exti_stm32.c.obj)
                0x0000000008001974                stm32_exti_unset_callback
 .text.stm32_clock_control_get_subsys_rate
                0x0000000008001988       0x20 zephyr/libzephyr.a(clock_stm32_ll_common.c.obj)
 .text.stm32_dt_pinctrl_configure
                0x00000000080019a8       0x70 zephyr/libzephyr.a(pinmux_stm32.c.obj)
                0x00000000080019a8                stm32_dt_pinctrl_configure
 .text.elapsed  0x0000000008001a18       0x3c zephyr/libzephyr.a(cortex_m_systick.c.obj)
 .text.sys_clock_isr
                0x0000000008001a54       0x44 zephyr/libzephyr.a(cortex_m_systick.c.obj)
                0x0000000008001a54                sys_clock_isr
 .text.sys_clock_driver_init
                0x0000000008001a98       0x34 zephyr/libzephyr.a(cortex_m_systick.c.obj)
                0x0000000008001a98                sys_clock_driver_init
 .text.sys_clock_set_timeout
                0x0000000008001acc       0xc8 zephyr/libzephyr.a(cortex_m_systick.c.obj)
                0x0000000008001acc                sys_clock_set_timeout
 .text.sys_clock_elapsed
                0x0000000008001b94       0x3c zephyr/libzephyr.a(cortex_m_systick.c.obj)
                0x0000000008001b94                sys_clock_elapsed
 .text.stm32_ipcc_mailbox_ipm_send
                0x0000000008001bd0       0xa8 zephyr/libzephyr.a(ipm_stm32_ipcc.c.obj)
 .text.stm32_ipcc_mailbox_init
                0x0000000008001c78       0x74 zephyr/libzephyr.a(ipm_stm32_ipcc.c.obj)
 .text.arch_swap
                0x0000000008001cec       0x34 zephyr/arch/arch/arm/core/aarch32/libarch__arm__core__aarch32.a(swap.c.obj)
                0x0000000008001cec                arch_swap
 .text.z_arm_pendsv
                0x0000000008001d20       0x54 zephyr/arch/arch/arm/core/aarch32/libarch__arm__core__aarch32.a(swap_helper.S.obj)
                0x0000000008001d20                z_arm_pendsv
 .text.z_arm_svc
                0x0000000008001d74       0x20 zephyr/arch/arch/arm/core/aarch32/libarch__arm__core__aarch32.a(swap_helper.S.obj)
                0x0000000008001d74                z_arm_svc
 .text.arch_irq_enable
                0x0000000008001d94       0x20 zephyr/arch/arch/arm/core/aarch32/libarch__arm__core__aarch32.a(irq_manage.c.obj)
                0x0000000008001d94                arch_irq_enable
 .text.z_arm_irq_priority_set
                0x0000000008001db4       0x30 zephyr/arch/arch/arm/core/aarch32/libarch__arm__core__aarch32.a(irq_manage.c.obj)
                0x0000000008001db4                z_arm_irq_priority_set
 .text.arch_new_thread
                0x0000000008001de4       0x38 zephyr/arch/arch/arm/core/aarch32/libarch__arm__core__aarch32.a(thread.c.obj)
                0x0000000008001de4                arch_new_thread
 .text.z_check_thread_stack_fail
                0x0000000008001e1c       0x2c zephyr/arch/arch/arm/core/aarch32/libarch__arm__core__aarch32.a(thread.c.obj)
                0x0000000008001e1c                z_check_thread_stack_fail
 .text.arch_switch_to_main_thread
                0x0000000008001e48       0x2c zephyr/arch/arch/arm/core/aarch32/libarch__arm__core__aarch32.a(thread.c.obj)
                0x0000000008001e48                arch_switch_to_main_thread
 .text.z_arm_cpu_idle_init
                0x0000000008001e74        0xc zephyr/arch/arch/arm/core/aarch32/libarch__arm__core__aarch32.a(cpu_idle.S.obj)
                0x0000000008001e74                z_arm_cpu_idle_init
 .text.arch_cpu_idle
                0x0000000008001e80       0x1c zephyr/arch/arch/arm/core/aarch32/libarch__arm__core__aarch32.a(cpu_idle.S.obj)
                0x0000000008001e80                arch_cpu_idle
 .text.z_arm_fatal_error
                0x0000000008001e9c       0x70 zephyr/arch/arch/arm/core/aarch32/libarch__arm__core__aarch32.a(fatal.c.obj)
                0x0000000008001e9c                z_arm_fatal_error
 .text.z_SysNmiOnReset
                0x0000000008001f0c        0x8 zephyr/arch/arch/arm/core/aarch32/libarch__arm__core__aarch32.a(nmi_on_reset.S.obj)
                0x0000000008001f0c                z_SysNmiOnReset
 .text.z_arm_prep_c
                0x0000000008001f14       0x44 zephyr/arch/arch/arm/core/aarch32/libarch__arm__core__aarch32.a(prep_c.c.obj)
                0x0000000008001f14                z_arm_prep_c
 .text._isr_wrapper
                0x0000000008001f58       0x28 zephyr/arch/arch/arm/core/aarch32/libarch__arm__core__aarch32.a(isr_wrapper.S.obj)
                0x0000000008001f58                _isr_wrapper
 .text._reset_section
                0x0000000008001f80       0x2c zephyr/arch/arch/arm/core/aarch32/cortex_m/libarch__arm__core__aarch32__cortex_m.a(reset.S.obj)
                0x0000000008001f80                z_arm_reset
                0x0000000008001f80                __start
 .text.__fault  0x0000000008001fac       0x14 zephyr/arch/arch/arm/core/aarch32/cortex_m/libarch__arm__core__aarch32__cortex_m.a(fault_s.S.obj)
                0x0000000008001fac                z_arm_bus_fault
                0x0000000008001fac                z_arm_usage_fault
                0x0000000008001fac                z_arm_mpu_fault
                0x0000000008001fac                z_arm_exc_spurious
                0x0000000008001fac                z_arm_debug_monitor
                0x0000000008001fac                z_arm_hard_fault
 .text.mem_manage_fault
                0x0000000008001fc0      0x104 zephyr/arch/arch/arm/core/aarch32/cortex_m/libarch__arm__core__aarch32__cortex_m.a(fault.c.obj)
 .text.usage_fault.constprop.0
                0x00000000080020c4       0xb8 zephyr/arch/arch/arm/core/aarch32/cortex_m/libarch__arm__core__aarch32__cortex_m.a(fault.c.obj)
 .text.bus_fault.constprop.0
                0x000000000800217c       0xdc zephyr/arch/arch/arm/core/aarch32/cortex_m/libarch__arm__core__aarch32__cortex_m.a(fault.c.obj)
 .text.z_arm_fault
                0x0000000008002258      0x1a0 zephyr/arch/arch/arm/core/aarch32/cortex_m/libarch__arm__core__aarch32__cortex_m.a(fault.c.obj)
                0x0000000008002258                z_arm_fault
 .text.z_arm_fault_init
                0x00000000080023f8       0x10 zephyr/arch/arch/arm/core/aarch32/cortex_m/libarch__arm__core__aarch32__cortex_m.a(fault.c.obj)
                0x00000000080023f8                z_arm_fault_init
 .text._HandlerModeExit
                0x0000000008002408       0x1c zephyr/arch/arch/arm/core/aarch32/cortex_m/libarch__arm__core__aarch32__cortex_m.a(exc_exit.S.obj)
                0x0000000008002408                z_arm_exc_exit
                0x0000000008002408                z_arm_int_exit
 .text.z_arm_interrupt_init
                0x0000000008002424       0x18 zephyr/arch/arch/arm/core/aarch32/cortex_m/libarch__arm__core__aarch32__cortex_m.a(irq_init.c.obj)
                0x0000000008002424                z_arm_interrupt_init
 .text.z_impl_k_thread_abort
                0x000000000800243c       0x24 zephyr/arch/arch/arm/core/aarch32/cortex_m/libarch__arm__core__aarch32__cortex_m.a(thread_abort.c.obj)
                0x000000000800243c                z_impl_k_thread_abort
 .text.z_arm_configure_static_mpu_regions
                0x0000000008002460       0x18 zephyr/arch/arch/arm/core/aarch32/cortex_m/mpu/libarch__arm__core__aarch32__cortex_m__mpu.a(arm_core_mpu.c.obj)
                0x0000000008002460                z_arm_configure_static_mpu_regions
 .text.z_arm_configure_dynamic_mpu_regions
                0x0000000008002478       0x20 zephyr/arch/arch/arm/core/aarch32/cortex_m/mpu/libarch__arm__core__aarch32__cortex_m__mpu.a(arm_core_mpu.c.obj)
                0x0000000008002478                z_arm_configure_dynamic_mpu_regions
 .text.mpu_configure_regions
                0x0000000008002498       0xc0 zephyr/arch/arch/arm/core/aarch32/cortex_m/mpu/libarch__arm__core__aarch32__cortex_m__mpu.a(arm_mpu.c.obj)
 .text.arm_core_mpu_enable
                0x0000000008002558       0x18 zephyr/arch/arch/arm/core/aarch32/cortex_m/mpu/libarch__arm__core__aarch32__cortex_m__mpu.a(arm_mpu.c.obj)
                0x0000000008002558                arm_core_mpu_enable
 .text.arm_core_mpu_disable
                0x0000000008002570       0x14 zephyr/arch/arch/arm/core/aarch32/cortex_m/mpu/libarch__arm__core__aarch32__cortex_m__mpu.a(arm_mpu.c.obj)
                0x0000000008002570                arm_core_mpu_disable
 .text.arm_core_mpu_configure_static_mpu_regions
                0x0000000008002584       0x14 zephyr/arch/arch/arm/core/aarch32/cortex_m/mpu/libarch__arm__core__aarch32__cortex_m__mpu.a(arm_mpu.c.obj)
                0x0000000008002584                arm_core_mpu_configure_static_mpu_regions
 .text.arm_core_mpu_configure_dynamic_mpu_regions
                0x0000000008002598       0x30 zephyr/arch/arch/arm/core/aarch32/cortex_m/mpu/libarch__arm__core__aarch32__cortex_m__mpu.a(arm_mpu.c.obj)
                0x0000000008002598                arm_core_mpu_configure_dynamic_mpu_regions
 .text.z_arm_mpu_init
                0x00000000080025c8       0x60 zephyr/arch/arch/arm/core/aarch32/cortex_m/mpu/libarch__arm__core__aarch32__cortex_m__mpu.a(arm_mpu.c.obj)
                0x00000000080025c8                z_arm_mpu_init
 .text.__stdout_hook_install
                0x0000000008002628        0xc zephyr/lib/libc/newlib/liblib__libc__newlib.a(libc-hooks.c.obj)
                0x0000000008002628                __stdout_hook_install
 .text.gpio_stm32_pin_interrupt_configure
                0x0000000008002634       0xf0 zephyr/drivers/gpio/libdrivers__gpio.a(gpio_stm32.c.obj)
 .text.gpio_stm32_clock_request
                0x0000000008002724       0x38 zephyr/drivers/gpio/libdrivers__gpio.a(gpio_stm32.c.obj)
                0x0000000008002724                gpio_stm32_clock_request
 .text.uart_stm32_set_baudrate
                0x000000000800275c       0x90 zephyr/drivers/serial/libdrivers__serial.a(uart_stm32.c.obj)
 .text.uart_stm32_init
                0x00000000080027ec       0xec zephyr/drivers/serial/libdrivers__serial.a(uart_stm32.c.obj)
 .text.uart_stm32_configure
                0x00000000080028d8      0x144 zephyr/drivers/serial/libdrivers__serial.a(uart_stm32.c.obj)
 .text.HAL_PWREx_ReleaseCore
                0x0000000008002a1c       0x10 modules/stm32/stm32cube/lib..__modules__hal__stm32__stm32cube.a(stm32wlxx_hal_pwr_ex.c.obj)
                0x0000000008002a1c                HAL_PWREx_ReleaseCore
 .text.LL_SetFlashLatency
                0x0000000008002a2c       0xa4 modules/stm32/stm32cube/lib..__modules__hal__stm32__stm32cube.a(stm32wlxx_ll_utils.c.obj)
                0x0000000008002a2c                LL_SetFlashLatency
 .text.UTILS_EnablePLLAndSwitchSystem
                0x0000000008002ad0       0xf8 modules/stm32/stm32cube/lib..__modules__hal__stm32__stm32cube.a(stm32wlxx_ll_utils.c.obj)
 .text.LL_PLL_ConfigSystemClock_HSE
                0x0000000008002bc8       0x80 modules/stm32/stm32cube/lib..__modules__hal__stm32__stm32cube.a(stm32wlxx_ll_utils.c.obj)
                0x0000000008002bc8                LL_PLL_ConfigSystemClock_HSE
 .text.z_sys_init_run_level
                0x0000000008002c48       0x40 zephyr/kernel/libkernel.a(device.c.obj)
                0x0000000008002c48                z_sys_init_run_level
 .text.z_impl_device_get_binding
                0x0000000008002c88       0x54 zephyr/kernel/libkernel.a(device.c.obj)
                0x0000000008002c88                z_impl_device_get_binding
 .text.k_sys_fatal_error_handler
                0x0000000008002cdc       0x30 zephyr/kernel/libkernel.a(fatal.c.obj)
                0x0000000008002cdc                k_sys_fatal_error_handler
 .text.z_fatal_error
                0x0000000008002d0c       0xbc zephyr/kernel/libkernel.a(fatal.c.obj)
                0x0000000008002d0c                z_fatal_error
 .text.z_bss_zero
                0x0000000008002dc8       0x14 zephyr/kernel/libkernel.a(init.c.obj)
                0x0000000008002dc8                z_bss_zero
 .text.bg_thread_main
                0x0000000008002ddc       0x34 zephyr/kernel/libkernel.a(init.c.obj)
 .text.z_cstart
                0x0000000008002e10      0x114 zephyr/kernel/libkernel.a(init.c.obj)
                0x0000000008002e10                z_cstart
 .text.init_mem_slab_module
                0x0000000008002f24       0x44 zephyr/kernel/libkernel.a(mem_slab.c.obj)
 .text.k_mem_slab_alloc
                0x0000000008002f68       0x5c zephyr/kernel/libkernel.a(mem_slab.c.obj)
                0x0000000008002f68                k_mem_slab_alloc
 .text.z_setup_new_thread
                0x0000000008002fc4       0x64 zephyr/kernel/libkernel.a(thread.c.obj)
                0x0000000008002fc4                z_setup_new_thread
 .text.z_impl_k_thread_create
                0x0000000008003028       0x58 zephyr/kernel/libkernel.a(thread.c.obj)
                0x0000000008003028                z_impl_k_thread_create
 .text.z_init_static_threads
                0x0000000008003080       0x98 zephyr/kernel/libkernel.a(thread.c.obj)
                0x0000000008003080                z_init_static_threads
 .text.z_impl_k_sem_give
                0x0000000008003118       0x40 zephyr/kernel/libkernel.a(sem.c.obj)
                0x0000000008003118                z_impl_k_sem_give
 .text.z_impl_k_sem_take
                0x0000000008003158       0x50 zephyr/kernel/libkernel.a(sem.c.obj)
                0x0000000008003158                z_impl_k_sem_take
 .text.z_reschedule
                0x00000000080031a8       0x24 zephyr/kernel/libkernel.a(sched.c.obj)
                0x00000000080031a8                z_reschedule
 .text.k_sched_lock
                0x00000000080031cc       0x28 zephyr/kernel/libkernel.a(sched.c.obj)
                0x00000000080031cc                k_sched_lock
 .text.update_cache
                0x00000000080031f4       0x34 zephyr/kernel/libkernel.a(sched.c.obj)
 .text.unready_thread
                0x0000000008003228       0x30 zephyr/kernel/libkernel.a(sched.c.obj)
 .text.pend     0x0000000008003258       0x4c zephyr/kernel/libkernel.a(sched.c.obj)
 .text.z_pend_curr
                0x00000000080032a4       0x20 zephyr/kernel/libkernel.a(sched.c.obj)
                0x00000000080032a4                z_pend_curr
 .text.z_impl_k_thread_suspend
                0x00000000080032c4       0x64 zephyr/kernel/libkernel.a(sched.c.obj)
                0x00000000080032c4                z_impl_k_thread_suspend
 .text.k_sched_unlock
                0x0000000008003328       0x38 zephyr/kernel/libkernel.a(sched.c.obj)
                0x0000000008003328                k_sched_unlock
 .text.ready_thread
                0x0000000008003360       0x6c zephyr/kernel/libkernel.a(sched.c.obj)
 .text.z_sched_start
                0x00000000080033cc       0x3c zephyr/kernel/libkernel.a(sched.c.obj)
                0x00000000080033cc                z_sched_start
 .text.z_sched_init
                0x0000000008003408       0x10 zephyr/kernel/libkernel.a(sched.c.obj)
                0x0000000008003408                z_sched_init
 .text.z_impl_k_yield
                0x0000000008003418       0xa0 zephyr/kernel/libkernel.a(sched.c.obj)
                0x0000000008003418                z_impl_k_yield
 .text.z_tick_sleep
                0x00000000080034b8       0x70 zephyr/kernel/libkernel.a(sched.c.obj)
 .text.z_impl_k_sleep
                0x0000000008003528       0x30 zephyr/kernel/libkernel.a(sched.c.obj)
                0x0000000008003528                z_impl_k_sleep
 .text.z_impl_k_current_get
                0x0000000008003558        0xc zephyr/kernel/libkernel.a(sched.c.obj)
                0x0000000008003558                z_impl_k_current_get
 .text.z_thread_abort
                0x0000000008003564       0xa4 zephyr/kernel/libkernel.a(sched.c.obj)
                0x0000000008003564                z_thread_abort
 .text.z_data_copy
                0x0000000008003608       0x34 zephyr/kernel/libkernel.a(xip.c.obj)
                0x0000000008003608                z_data_copy
 .text.elapsed  0x000000000800363c       0x14 zephyr/kernel/libkernel.a(timeout.c.obj)
 .text.next_timeout
                0x0000000008003650       0x40 zephyr/kernel/libkernel.a(timeout.c.obj)
 .text.remove_timeout
                0x0000000008003690       0x34 zephyr/kernel/libkernel.a(timeout.c.obj)
 .text.z_add_timeout
                0x00000000080036c4       0xfc zephyr/kernel/libkernel.a(timeout.c.obj)
                0x00000000080036c4                z_add_timeout
 .text.sys_clock_announce
                0x00000000080037c0       0xb0 zephyr/kernel/libkernel.a(timeout.c.obj)
                0x00000000080037c0                sys_clock_announce
 .text.sys_clock_tick_get
                0x0000000008003870       0x30 zephyr/kernel/libkernel.a(timeout.c.obj)
                0x0000000008003870                sys_clock_tick_get
 .text.z_timer_expiration_handler
                0x00000000080038a0       0x54 zephyr/kernel/libkernel.a(timer.c.obj)
                0x00000000080038a0                z_timer_expiration_handler
 .text.z_impl_k_timer_start
                0x00000000080038f4       0xa0 zephyr/kernel/libkernel.a(timer.c.obj)
                0x00000000080038f4                z_impl_k_timer_start
 .text.boot_banner
                0x0000000008003994       0x18 zephyr/kernel/libkernel.a(banner.c.obj)
                0x0000000008003994                boot_banner
 .text.arch_printk_char_out
                0x00000000080039ac        0x4 zephyr/libzephyr.a(printk.c.obj)
                0x00000000080039ac                arch_printk_char_out
 .text.str_out  0x00000000080039b0       0x26 zephyr/libzephyr.a(printk.c.obj)
 .text.printk   0x00000000080039d6       0x1a zephyr/libzephyr.a(printk.c.obj)
                0x00000000080039d6                printk
 .text.snprintk
                0x00000000080039f0       0x1a zephyr/libzephyr.a(printk.c.obj)
                0x00000000080039f0                snprintk
 .text.z_thread_entry
                0x0000000008003a0a       0x14 zephyr/libzephyr.a(thread_entry.c.obj)
                0x0000000008003a0a                z_thread_entry
 .text.outs     0x0000000008003a1e       0x2c zephyr/libzephyr.a(cbprintf_complete.c.obj)
 .text._ConfigAbsSyms
                0x0000000008003a4a        0x2 zephyr/libzephyr.a(configs.c.obj)
                0x0000000008003a4a                _ConfigAbsSyms
 .text.log_list_init
                0x0000000008003a4c        0x8 zephyr/libzephyr.a(log_list.c.obj)
                0x0000000008003a4c                log_list_init
 .text.log_list_add_tail
                0x0000000008003a54       0x14 zephyr/libzephyr.a(log_list.c.obj)
                0x0000000008003a54                log_list_add_tail
 .text.log_list_head_peek
                0x0000000008003a68        0x4 zephyr/libzephyr.a(log_list.c.obj)
                0x0000000008003a68                log_list_head_peek
 .text.log_list_head_get
                0x0000000008003a6c        0xc zephyr/libzephyr.a(log_list.c.obj)
                0x0000000008003a6c                log_list_head_get
 .text.z_log_msg_std_alloc
                0x0000000008003a78       0x12 zephyr/libzephyr.a(log_core.c.obj)
 .text.default_lf_get_timestamp
                0x0000000008003a8a       0x10 zephyr/libzephyr.a(log_core.c.obj)
 .text.dummy_timestamp
                0x0000000008003a9a        0x4 zephyr/libzephyr.a(log_core.c.obj)
 .text.log_0    0x0000000008003a9e       0x1a zephyr/libzephyr.a(log_core.c.obj)
                0x0000000008003a9e                log_0
 .text.log_1    0x0000000008003ab8       0x28 zephyr/libzephyr.a(log_core.c.obj)
                0x0000000008003ab8                log_1
 .text.log_2    0x0000000008003ae0       0x32 zephyr/libzephyr.a(log_core.c.obj)
                0x0000000008003ae0                log_2
 .text.log_3    0x0000000008003b12       0x38 zephyr/libzephyr.a(log_core.c.obj)
                0x0000000008003b12                log_3
 .text.log_msg_hexdump_data_op
                0x0000000008003b4a       0xac zephyr/libzephyr.a(log_msg.c.obj)
 .text.log_msg_get
                0x0000000008003bf6       0x1a zephyr/libzephyr.a(log_msg.c.obj)
                0x0000000008003bf6                log_msg_get
 .text.log_msg_nargs_get
                0x0000000008003c10        0x6 zephyr/libzephyr.a(log_msg.c.obj)
                0x0000000008003c10                log_msg_nargs_get
 .text.log_msg_arg_get
                0x0000000008003c16       0x3e zephyr/libzephyr.a(log_msg.c.obj)
                0x0000000008003c16                log_msg_arg_get
 .text.log_msg_put
                0x0000000008003c54       0x26 zephyr/libzephyr.a(log_msg.c.obj)
                0x0000000008003c54                log_msg_put
 .text.log_msg_str_get
                0x0000000008003c7a        0x4 zephyr/libzephyr.a(log_msg.c.obj)
                0x0000000008003c7a                log_msg_str_get
 .text.log_msg_hexdump_data_get
                0x0000000008003c7e        0xe zephyr/libzephyr.a(log_msg.c.obj)
                0x0000000008003c7e                log_msg_hexdump_data_get
 .text.buffer_write
                0x0000000008003c8c       0x1a zephyr/libzephyr.a(log_output.c.obj)
 .text.std_print
                0x0000000008003ca6      0x2ba zephyr/libzephyr.a(log_output.c.obj)
 .text.log_output_flush
                0x0000000008003f60       0x1a zephyr/libzephyr.a(log_output.c.obj)
                0x0000000008003f60                log_output_flush
 .text.out_func
                0x0000000008003f7a       0x36 zephyr/libzephyr.a(log_output.c.obj)
 .text.stm32_exti_init
                0x0000000008003fb0       0x4c zephyr/libzephyr.a(intc_exti_stm32.c.obj)
 .text.__stm32_exti_isr_15_10
                0x0000000008003ffc        0xa zephyr/libzephyr.a(intc_exti_stm32.c.obj)
 .text.__stm32_exti_isr_9_5
                0x0000000008004006        0xa zephyr/libzephyr.a(intc_exti_stm32.c.obj)
 .text.__stm32_exti_isr_4
                0x0000000008004010        0xa zephyr/libzephyr.a(intc_exti_stm32.c.obj)
 .text.__stm32_exti_isr_3
                0x000000000800401a        0xa zephyr/libzephyr.a(intc_exti_stm32.c.obj)
 .text.__stm32_exti_isr_2
                0x0000000008004024        0xa zephyr/libzephyr.a(intc_exti_stm32.c.obj)
 .text.__stm32_exti_isr_1
                0x000000000800402e        0xa zephyr/libzephyr.a(intc_exti_stm32.c.obj)
 .text.__stm32_exti_isr_0
                0x0000000008004038        0xa zephyr/libzephyr.a(intc_exti_stm32.c.obj)
 .text.stm32_clock_control_on
                0x0000000008004042       0xa2 zephyr/libzephyr.a(clock_stm32_ll_common.c.obj)
 .text.stm32_clock_control_init
                0x00000000080040e4       0x82 zephyr/libzephyr.a(clock_stm32_ll_common.c.obj)
                0x00000000080040e4                stm32_clock_control_init
 .text.stm32_clock_control_off
                0x0000000008004166       0x84 zephyr/libzephyr.a(clock_stm32_ll_common.c.obj)
 .text.config_pll_init
                0x00000000080041ea       0x10 zephyr/libzephyr.a(clock_stm32l4_l5_wb_wl.c.obj)
                0x00000000080041ea                config_pll_init
 .text.config_enable_default_clocks
                0x00000000080041fa        0x2 zephyr/libzephyr.a(clock_stm32l4_l5_wb_wl.c.obj)
                0x00000000080041fa                config_enable_default_clocks
 .text.stm32_ipcc_mailbox_rx_isr
                0x00000000080041fc       0x6c zephyr/libzephyr.a(ipm_stm32_ipcc.c.obj)
 .text.stm32_ipcc_mailbox_tx_isr
                0x0000000008004268       0x32 zephyr/libzephyr.a(ipm_stm32_ipcc.c.obj)
 .text.stm32_ipcc_mailbox_ipm_max_data_size_get
                0x000000000800429a        0x6 zephyr/libzephyr.a(ipm_stm32_ipcc.c.obj)
 .text.stm32_ipcc_mailbox_ipm_max_id_val_get
                0x00000000080042a0        0x8 zephyr/libzephyr.a(ipm_stm32_ipcc.c.obj)
 .text.stm32_ipcc_mailbox_ipm_register_callback
                0x00000000080042a8        0x8 zephyr/libzephyr.a(ipm_stm32_ipcc.c.obj)
 .text.stm32_ipcc_mailbox_ipm_set_enabled
                0x00000000080042b0       0x5a zephyr/libzephyr.a(ipm_stm32_ipcc.c.obj)
 .text.stm32_ipcc_mailbox_config_func
                0x000000000800430a       0x26 zephyr/libzephyr.a(ipm_stm32_ipcc.c.obj)
 .text.z_irq_spurious
                0x0000000008004330        0x8 zephyr/arch/arch/arm/core/aarch32/libarch__arm__core__aarch32.a(irq_manage.c.obj)
                0x0000000008004330                z_irq_spurious
 .text.z_do_kernel_oops
                0x0000000008004338        0x8 zephyr/arch/arch/arm/core/aarch32/libarch__arm__core__aarch32.a(fatal.c.obj)
                0x0000000008004338                z_do_kernel_oops
 .text.z_arm_nmi
                0x0000000008004340        0xe zephyr/arch/arch/arm/core/aarch32/libarch__arm__core__aarch32.a(nmi.c.obj)
                0x0000000008004340                z_arm_nmi
 .text._stdout_hook_default
                0x000000000800434e        0x6 zephyr/lib/libc/newlib/liblib__libc__newlib.a(libc-hooks.c.obj)
 .text.gpio_stm32_port_get_raw
                0x0000000008004354        0xc zephyr/drivers/gpio/libdrivers__gpio.a(gpio_stm32.c.obj)
 .text.gpio_stm32_port_set_masked_raw
                0x0000000008004360       0x12 zephyr/drivers/gpio/libdrivers__gpio.a(gpio_stm32.c.obj)
 .text.gpio_stm32_port_set_bits_raw
                0x0000000008004372        0xa zephyr/drivers/gpio/libdrivers__gpio.a(gpio_stm32.c.obj)
 .text.gpio_stm32_port_clear_bits_raw
                0x000000000800437c        0xa zephyr/drivers/gpio/libdrivers__gpio.a(gpio_stm32.c.obj)
 .text.gpio_stm32_port_toggle_bits
                0x0000000008004386        0xe zephyr/drivers/gpio/libdrivers__gpio.a(gpio_stm32.c.obj)
 .text.gpio_stm32_manage_callback
                0x0000000008004394       0x54 zephyr/drivers/gpio/libdrivers__gpio.a(gpio_stm32.c.obj)
 .text.gpio_stm32_isr
                0x00000000080043e8       0x26 zephyr/drivers/gpio/libdrivers__gpio.a(gpio_stm32.c.obj)
 .text.gpio_stm32_configure
                0x000000000800440e      0x108 zephyr/drivers/gpio/libdrivers__gpio.a(gpio_stm32.c.obj)
                0x000000000800440e                gpio_stm32_configure
 .text.gpio_stm32_config
                0x0000000008004516       0x74 zephyr/drivers/gpio/libdrivers__gpio.a(gpio_stm32.c.obj)
 .text.gpio_stm32_init
                0x000000000800458a        0xa zephyr/drivers/gpio/libdrivers__gpio.a(gpio_stm32.c.obj)
 .text.uart_stm32_poll_out
                0x0000000008004594       0x12 zephyr/drivers/serial/libdrivers__serial.a(uart_stm32.c.obj)
 .text.uart_stm32_err_check
                0x00000000080045a6       0x3c zephyr/drivers/serial/libdrivers__serial.a(uart_stm32.c.obj)
 .text.uart_stm32_poll_in
                0x00000000080045e2       0x20 zephyr/drivers/serial/libdrivers__serial.a(uart_stm32.c.obj)
 .text.uart_stm32_config_get
                0x0000000008004602       0x92 zephyr/drivers/serial/libdrivers__serial.a(uart_stm32.c.obj)
 .text.UTILS_GetPLLOutputFrequency
                0x0000000008004694       0x1e modules/stm32/stm32cube/lib..__modules__hal__stm32__stm32cube.a(stm32wlxx_ll_utils.c.obj)
 .text.UTILS_PLL_IsBusy
                0x00000000080046b2       0x10 modules/stm32/stm32cube/lib..__modules__hal__stm32__stm32cube.a(stm32wlxx_ll_utils.c.obj)
 .text.z_device_state_init
                0x00000000080046c2        0x2 zephyr/kernel/libkernel.a(device.c.obj)
                0x00000000080046c2                z_device_state_init
 .text.z_device_ready
                0x00000000080046c4       0x12 zephyr/kernel/libkernel.a(device.c.obj)
                0x00000000080046c4                z_device_ready
 .text.arch_system_halt
                0x00000000080046d6       0x12 zephyr/kernel/libkernel.a(fatal.c.obj)
                0x00000000080046d6                arch_system_halt
 .text.k_mem_slab_init
                0x00000000080046e8       0x36 zephyr/kernel/libkernel.a(mem_slab.c.obj)
                0x00000000080046e8                k_mem_slab_init
 .text.k_mem_slab_free
                0x000000000800471e       0x52 zephyr/kernel/libkernel.a(mem_slab.c.obj)
                0x000000000800471e                k_mem_slab_free
 .text.z_impl_k_thread_name_set
                0x0000000008004770        0x6 zephyr/kernel/libkernel.a(thread.c.obj)
                0x0000000008004770                z_impl_k_thread_name_set
 .text.k_thread_name_get
                0x0000000008004776        0x4 zephyr/kernel/libkernel.a(thread.c.obj)
                0x0000000008004776                k_thread_name_get
 .text.idle     0x000000000800477a       0x18 zephyr/kernel/libkernel.a(idle.c.obj)
                0x000000000800477a                idle
 .text.sys_dlist_remove
                0x0000000008004792       0x10 zephyr/kernel/libkernel.a(sched.c.obj)
 .text.unpend_thread_no_timeout
                0x00000000080047a2       0x14 zephyr/kernel/libkernel.a(sched.c.obj)
 .text.z_unpend_thread_no_timeout
                0x00000000080047b6       0x20 zephyr/kernel/libkernel.a(sched.c.obj)
                0x00000000080047b6                z_unpend_thread_no_timeout
 .text.z_reschedule_irqlock
                0x00000000080047d6       0x18 zephyr/kernel/libkernel.a(sched.c.obj)
                0x00000000080047d6                z_reschedule_irqlock
 .text.z_reschedule_unlocked
                0x00000000080047ee       0x14 zephyr/kernel/libkernel.a(sched.c.obj)
 .text.z_priq_dumb_best
                0x0000000008004802        0xc zephyr/kernel/libkernel.a(sched.c.obj)
                0x0000000008004802                z_priq_dumb_best
 .text.add_to_waitq_locked
                0x000000000800480e       0x54 zephyr/kernel/libkernel.a(sched.c.obj)
 .text.z_ready_thread
                0x0000000008004862       0x20 zephyr/kernel/libkernel.a(sched.c.obj)
                0x0000000008004862                z_ready_thread
 .text.z_thread_timeout
                0x0000000008004882       0x44 zephyr/kernel/libkernel.a(sched.c.obj)
                0x0000000008004882                z_thread_timeout
 .text.z_unpend1_no_timeout
                0x00000000080048c6       0x2a zephyr/kernel/libkernel.a(sched.c.obj)
                0x00000000080048c6                z_unpend1_no_timeout
 .text.z_unpend_first_thread
                0x00000000080048f0       0x30 zephyr/kernel/libkernel.a(sched.c.obj)
                0x00000000080048f0                z_unpend_first_thread
 .text.z_abort_timeout
                0x0000000008004920       0x2c zephyr/kernel/libkernel.a(timeout.c.obj)
                0x0000000008004920                z_abort_timeout
 .text.sys_clock_tick_get_32
                0x000000000800494c        0x8 zephyr/kernel/libkernel.a(timeout.c.obj)
                0x000000000800494c                sys_clock_tick_get_32
 .text.z_impl_k_uptime_ticks
                0x0000000008004954        0x4 zephyr/kernel/libkernel.a(timeout.c.obj)
                0x0000000008004954                z_impl_k_uptime_ticks
 .text.k_timer_init
                0x0000000008004958       0x18 zephyr/kernel/libkernel.a(timer.c.obj)
                0x0000000008004958                k_timer_init
 .text.z_impl_k_timer_stop
                0x0000000008004970       0x3a zephyr/kernel/libkernel.a(timer.c.obj)
                0x0000000008004970                z_impl_k_timer_stop
 .text._OffsetAbsSyms
                0x00000000080049aa        0x2 zephyr/CMakeFiles/offsets.dir/./arch/arm/core/offsets/offsets.c.obj
                0x00000000080049aa                _OffsetAbsSyms
 .text.memcpy   0x00000000080049ac       0x1c /usr/local/arm-none-eabi/lib/thumb/v7e-m/nofp/libc_nano.a(lib_a-memcpy-stub.o)
                0x00000000080049ac                memcpy
 .text.memset   0x00000000080049c8       0x10 /usr/local/arm-none-eabi/lib/thumb/v7e-m/nofp/libc_nano.a(lib_a-memset.o)
                0x00000000080049c8                memset
 .text.strncpy  0x00000000080049d8       0x26 /usr/local/arm-none-eabi/lib/thumb/v7e-m/nofp/libc_nano.a(lib_a-strncpy.o)
                0x00000000080049d8                strncpy
 .text.strnlen  0x00000000080049fe       0x18 /usr/local/arm-none-eabi/lib/thumb/v7e-m/nofp/libc_nano.a(lib_a-strnlen.o)
                0x00000000080049fe                strnlen
 *(SORT_BY_ALIGNMENT(.TEXT.*))
 *(SORT_BY_ALIGNMENT(.gnu.linkonce.t.*))
 *(SORT_BY_ALIGNMENT(.glue_7t))
 .glue_7t       0x0000000008004a16        0x0 linker stubs
 *(SORT_BY_ALIGNMENT(.glue_7))
 .glue_7        0x0000000008004a16        0x0 linker stubs
 *(SORT_BY_ALIGNMENT(.vfp11_veneer))
 .vfp11_veneer  0x0000000008004a16        0x0 linker stubs
 *(SORT_BY_ALIGNMENT(.v4_bx))
 .v4_bx         0x0000000008004a16        0x0 linker stubs
                0x0000000008004a16                _image_text_end = .

.ARM.exidx      0x0000000008004a18        0x8
                0x0000000008004a18                __exidx_start = .
 *(SORT_BY_ALIGNMENT(.ARM.exidx*) SORT_BY_ALIGNMENT(gnu.linkonce.armexidx.*))
 .ARM.exidx     0x0000000008004a18        0x8 /usr/local/bin/../lib/gcc/arm-none-eabi/10.2.1/thumb/v7e-m/nofp/libgcc.a(_udivmoddi4.o)
                0x0000000008004a20                __exidx_end = .
                0x0000000008004a20                _image_rodata_start = .

initlevel       0x0000000008004a20       0x68
                0x0000000008004a20                __init_start = .
                0x0000000008004a20                __init_PRE_KERNEL_1_start = .
 *(SORT_BY_NAME(SORT_BY_ALIGNMENT(.z_init_PRE_KERNEL_1[0-9]_*)))
 .z_init_PRE_KERNEL_10_
                0x0000000008004a20        0x8 zephyr/libzephyr.a(soc.c.obj)
 .z_init_PRE_KERNEL_11_
                0x0000000008004a28        0x8 zephyr/libzephyr.a(clock_stm32_ll_common.c.obj)
 *(SORT_BY_NAME(SORT_BY_ALIGNMENT(.z_init_PRE_KERNEL_1[1-9][0-9]_*)))
 .z_init_PRE_KERNEL_130_
                0x0000000008004a30        0x8 zephyr/kernel/libkernel.a(mem_slab.c.obj)
 .z_init_PRE_KERNEL_150_
                0x0000000008004a38        0x8 zephyr/libzephyr.a(intc_exti_stm32.c.obj)
 .z_init_PRE_KERNEL_150_
                0x0000000008004a40        0x8 zephyr/drivers/serial/libdrivers__serial.a(uart_stm32.c.obj)
 .z_init_PRE_KERNEL_160_
                0x0000000008004a48        0x8 zephyr/libzephyr.a(uart_console.c.obj)
                0x0000000008004a50                __init_PRE_KERNEL_2_start = .
 *(SORT_BY_NAME(SORT_BY_ALIGNMENT(.z_init_PRE_KERNEL_2[0-9]_*)))
 .z_init_PRE_KERNEL_20_
                0x0000000008004a50        0x8 zephyr/libzephyr.a(sys_clock_init.c.obj)
 *(SORT_BY_NAME(SORT_BY_ALIGNMENT(.z_init_PRE_KERNEL_2[1-9][0-9]_*)))
                0x0000000008004a58                __init_POST_KERNEL_start = .
 *(SORT_BY_NAME(SORT_BY_ALIGNMENT(.z_init_POST_KERNEL[0-9]_*)))
 .z_init_POST_KERNEL0_
                0x0000000008004a58        0x8 zephyr/libzephyr.a(log_core.c.obj)
 *(SORT_BY_NAME(SORT_BY_ALIGNMENT(.z_init_POST_KERNEL[1-9][0-9]_*)))
 .z_init_POST_KERNEL40_
                0x0000000008004a60        0x8 zephyr/libzephyr.a(ipm_stm32_ipcc.c.obj)
 .z_init_POST_KERNEL40_
                0x0000000008004a68       0x20 zephyr/drivers/gpio/libdrivers__gpio.a(gpio_stm32.c.obj)
                0x0000000008004a88                __init_APPLICATION_start = .
 *(SORT_BY_NAME(SORT_BY_ALIGNMENT(.z_init_APPLICATION[0-9]_*)))
 *(SORT_BY_NAME(SORT_BY_ALIGNMENT(.z_init_APPLICATION[1-9][0-9]_*)))
                0x0000000008004a88                __init_SMP_start = .
 *(SORT_BY_NAME(SORT_BY_ALIGNMENT(.z_init_SMP[0-9]_*)))
 *(SORT_BY_NAME(SORT_BY_ALIGNMENT(.z_init_SMP[1-9][0-9]_*)))
                0x0000000008004a88                __init_end = .

sw_isr_table    0x0000000008004a88      0x1f0
                0x0000000008004a88                . = ALIGN (0x0)
 *(SORT_BY_ALIGNMENT(.gnu.linkonce.sw_isr_table*))
 .gnu.linkonce.sw_isr_table
                0x0000000008004a88      0x1f0 zephyr/CMakeFiles/zephyr_final.dir/isr_tables.c.obj
                0x0000000008004a88                _sw_isr_table

initlevel_error
                0x0000000008004a20        0x0
 *(SORT_BY_NAME(SORT_BY_ALIGNMENT(.z_init_[_A-Z0-9]*)))
                0x0000000000000001                ASSERT ((SIZEOF (initlevel_error) == 0x0), Undefined initialization levels used.)

app_shmem_regions
                0x0000000008004c78        0x0
                0x0000000008004c78                __app_shmem_regions_start = .
 *(SORT_BY_NAME(SORT_BY_ALIGNMENT(.app_regions.*)))
                0x0000000008004c78                __app_shmem_regions_end = .

bt_l2cap_fixed_chan_area
                0x0000000008004c78        0x0
                0x0000000008004c78                _bt_l2cap_fixed_chan_list_start = .
 *(SORT_BY_NAME(SORT_BY_ALIGNMENT(._bt_l2cap_fixed_chan.static.*)))
                0x0000000008004c78                _bt_l2cap_fixed_chan_list_end = .

bt_gatt_service_static_area
                0x0000000008004c78        0x0
                0x0000000008004c78                _bt_gatt_service_static_list_start = .
 *(SORT_BY_NAME(SORT_BY_ALIGNMENT(._bt_gatt_service_static.static.*)))
                0x0000000008004c78                _bt_gatt_service_static_list_end = .

k_p4wq_initparam_area
                0x0000000008004c78        0x0
                0x0000000008004c78                _k_p4wq_initparam_list_start = .
 *(SORT_BY_NAME(SORT_BY_ALIGNMENT(._k_p4wq_initparam.static.*)))
                0x0000000008004c78                _k_p4wq_initparam_list_end = .

log_strings_sections
                0x0000000008004c78        0x0
                0x0000000008004c78                __log_strings_start = .
 *(SORT_BY_NAME(SORT_BY_ALIGNMENT(.log_strings*)))
                0x0000000008004c78                __log_strings_end = .

log_const_sections
                0x0000000008004c78       0x30
                0x0000000008004c78                __log_const_start = .
 *(SORT_BY_NAME(SORT_BY_ALIGNMENT(.log_const_*)))
 .log_const_deamon
                0x0000000008004c78        0x8 app/libapp.a(main.c.obj)
                0x0000000008004c78                log_const_deamon
 .log_const_ipm_stm32_ipcc
                0x0000000008004c80        0x8 zephyr/libzephyr.a(ipm_stm32_ipcc.c.obj)
                0x0000000008004c80                log_const_ipm_stm32_ipcc
 .log_const_log
                0x0000000008004c88        0x8 zephyr/libzephyr.a(log_core.c.obj)
                0x0000000008004c88                log_const_log
 .log_const_mpu
                0x0000000008004c90        0x8 zephyr/arch/arch/arm/core/aarch32/cortex_m/mpu/libarch__arm__core__aarch32__cortex_m__mpu.a(arm_core_mpu.c.obj)
                0x0000000008004c90                log_const_mpu
 .log_const_os  0x0000000008004c98        0x8 zephyr/kernel/libkernel.a(init.c.obj)
                0x0000000008004c98                log_const_os
 .log_const_uart_stm32
                0x0000000008004ca0        0x8 zephyr/drivers/serial/libdrivers__serial.a(uart_stm32.c.obj)
                0x0000000008004ca0                log_const_uart_stm32
                0x0000000008004ca8                __log_const_end = .

log_backends_sections
                0x0000000008004ca8       0x10
                0x0000000008004ca8                __log_backends_start = .
 *(SORT_BY_ALIGNMENT(._log_backend.*))
 ._log_backend.static.log_backend_uart
                0x0000000008004ca8       0x10 zephyr/libzephyr.a(log_backend_uart.c.obj)
                0x0000000008004cb8                __log_backends_end = .

shell_area      0x0000000008004cb8        0x0
                0x0000000008004cb8                _shell_list_start = .
 *(SORT_BY_NAME(SORT_BY_ALIGNMENT(._shell.static.*)))
                0x0000000008004cb8                _shell_list_end = .

shell_root_cmds_sections
                0x0000000008004cb8        0x0
                0x0000000008004cb8                __shell_root_cmds_start = .
 *(SORT_BY_NAME(SORT_BY_ALIGNMENT(.shell_root_cmd_*)))
                0x0000000008004cb8                __shell_root_cmds_end = .

font_entry_sections
                0x0000000008004cb8        0x0
                0x0000000008004cb8                __font_entry_start = .
 *(SORT_BY_NAME(SORT_BY_ALIGNMENT(._cfb_font.*)))
                0x0000000008004cb8                __font_entry_end = .

tracing_backend_area
                0x0000000008004cb8        0x0
                0x0000000008004cb8                _tracing_backend_list_start = .
 *(SORT_BY_NAME(SORT_BY_ALIGNMENT(._tracing_backend.static.*)))
                0x0000000008004cb8                _tracing_backend_list_end = .

zephyr_dbg_info
 *(SORT_BY_ALIGNMENT(.dbg_thread_info))

device_handles  0x0000000008004cb8       0x5c
                0x0000000008004cb8                __device_handles_start = .
 *(SORT_BY_NAME(SORT_BY_ALIGNMENT(.__device_handles_pass2*)))
 .__device_handles_pass2
                0x0000000008004cb8       0x5c zephyr/CMakeFiles/zephyr_final.dir/dev_handles.c.obj
                0x0000000008004cb8                __devicehdl_DT_N_S_soc_S_pin_controller_48000000_S_gpio_48000000
                0x0000000008004cc2                __devicehdl_DT_N_S_soc_S_pin_controller_48000000_S_gpio_48000400
                0x0000000008004ccc                __devicehdl_DT_N_S_soc_S_pin_controller_48000000_S_gpio_48000800
                0x0000000008004cd6                __devicehdl_DT_N_S_soc_S_pin_controller_48000000_S_gpio_48001c00
                0x0000000008004ce0                __devicehdl_DT_N_S_soc_S_ipcc_58000c00
                0x0000000008004cec                __devicehdl_sys_init_sys_clock_driver_init0
                0x0000000008004cf2                __devicehdl_DT_N_S_soc_S_serial_40008000
                0x0000000008004d02                __devicehdl_DT_N_S_soc_S_interrupt_controller_58000800
                0x0000000008004d0a                __devicehdl_DT_N_S_soc_S_rcc_58000000
                0x0000000008004d14                __device_handles_end = .

rodata          0x0000000008004d14      0xa94
 *(SORT_BY_ALIGNMENT(.rodata))
 .rodata        0x0000000008004d14        0xc modules/stm32/stm32cube/lib..__modules__hal__stm32__stm32cube.a(stm32wlxx_ll_utils.c.obj)
 *(SORT_BY_ALIGNMENT(.rodata.*))
 .rodata.colors
                0x0000000008004d20       0x14 zephyr/libzephyr.a(log_output.c.obj)
 .rodata.severity
                0x0000000008004d34       0x14 zephyr/libzephyr.a(log_output.c.obj)
 .rodata.log_backend_uart_api
                0x0000000008004d48       0x1c zephyr/libzephyr.a(log_backend_uart.c.obj)
                0x0000000008004d48                log_backend_uart_api
 .rodata.log_output_uart
                0x0000000008004d64       0x10 zephyr/libzephyr.a(log_backend_uart.c.obj)
 .rodata.gpio_ports
                0x0000000008004d74       0x2c zephyr/libzephyr.a(pinmux_stm32.c.obj)
                0x0000000008004d74                gpio_ports
 .rodata.stm32_ipcc_mailbox_0_config
                0x0000000008004da0       0x18 zephyr/libzephyr.a(ipm_stm32_ipcc.c.obj)
 .rodata.stm32_ipcc_mailbox_driver_api
                0x0000000008004db8       0x14 zephyr/libzephyr.a(ipm_stm32_ipcc.c.obj)
 .rodata.static_regions
                0x0000000008004dcc        0xc zephyr/arch/arch/arm/core/aarch32/cortex_m/mpu/libarch__arm__core__aarch32__cortex_m__mpu.a(arm_core_mpu.c.obj)
 .rodata.mpu_config
                0x0000000008004dd8        0x8 zephyr/soc/arm/common/cortex_m/libsoc__arm__common__cortex_m.a(arm_mpu_regions.c.obj)
                0x0000000008004dd8                mpu_config
 .rodata.mpu_regions
                0x0000000008004de0       0x18 zephyr/soc/arm/common/cortex_m/libsoc__arm__common__cortex_m.a(arm_mpu_regions.c.obj)
 .rodata.gpio_stm32_cfg_a
                0x0000000008004df8       0x14 zephyr/drivers/gpio/libdrivers__gpio.a(gpio_stm32.c.obj)
 .rodata.gpio_stm32_cfg_b
                0x0000000008004e0c       0x14 zephyr/drivers/gpio/libdrivers__gpio.a(gpio_stm32.c.obj)
 .rodata.gpio_stm32_cfg_c
                0x0000000008004e20       0x14 zephyr/drivers/gpio/libdrivers__gpio.a(gpio_stm32.c.obj)
 .rodata.gpio_stm32_cfg_h
                0x0000000008004e34       0x14 zephyr/drivers/gpio/libdrivers__gpio.a(gpio_stm32.c.obj)
 .rodata.gpio_stm32_driver
                0x0000000008004e48       0x24 zephyr/drivers/gpio/libdrivers__gpio.a(gpio_stm32.c.obj)
 .rodata.uart_pins_0
                0x0000000008004e6c       0x10 zephyr/drivers/serial/libdrivers__serial.a(uart_stm32.c.obj)
 .rodata.uart_stm32_cfg_0
                0x0000000008004e7c       0x20 zephyr/drivers/serial/libdrivers__serial.a(uart_stm32.c.obj)
 .rodata.uart_stm32_driver_api
                0x0000000008004e9c       0x14 zephyr/drivers/serial/libdrivers__serial.a(uart_stm32.c.obj)
 .rodata.AHBPrescTable
                0x0000000008004eb0       0x40 modules/stm32/stm32cube/lib..__modules__hal__stm32__stm32cube.a(system_stm32wlxx.c.obj)
                0x0000000008004eb0                AHBPrescTable
 .rodata.levels.0
                0x0000000008004ef0       0x14 zephyr/kernel/libkernel.a(device.c.obj)
 .rodata._k_neg_eagain
                0x0000000008004f04        0x4 zephyr/kernel/libkernel.a(errno.c.obj)
                0x0000000008004f04                _k_neg_eagain
 .rodata.CSWTCH.424
                0x0000000008004f08       0x14 zephyr/kernel/libkernel.a(fatal.c.obj)
 .rodata.CSWTCH.212
                0x0000000008004f1c        0x6 zephyr/drivers/serial/libdrivers__serial.a(uart_stm32.c.obj)
 .rodata.main.str1.1
                0x0000000008004f22       0x22 app/libapp.a(main.c.obj)
 .rodata.str1.1
                0x0000000008004f44        0x7 app/libapp.a(main.c.obj)
 .rodata.cbvprintf.str1.1
                0x0000000008004f4b        0x6 zephyr/libzephyr.a(cbprintf_complete.c.obj)
 .rodata.enable_logger.str1.1
                0x0000000008004f51        0x8 zephyr/libzephyr.a(log_core.c.obj)
 .rodata.z_log_strdup.str1.1
                0x0000000008004f59       0x1a zephyr/libzephyr.a(log_core.c.obj)
 .rodata.z_impl_log_process.str1.1
                0x0000000008004f73       0x3f zephyr/libzephyr.a(log_core.c.obj)
 .rodata.str1.1
                0x0000000008004fb2        0x4 zephyr/libzephyr.a(log_core.c.obj)
 .rodata.hexdump_line_print.str1.1
                0x0000000008004fb6        0xf zephyr/libzephyr.a(log_output.c.obj)
                                         0x16 (size before relaxing)
 .rodata.prefix_print.str1.1
                0x0000000008004fc5       0x3c zephyr/libzephyr.a(log_output.c.obj)
 .rodata.log_output_msg_process.str1.1
                0x0000000008005001        0x2 zephyr/libzephyr.a(log_output.c.obj)
 .rodata.log_output_dropped_process.str1.1
                0x0000000008005003        0x2 zephyr/libzephyr.a(log_output.c.obj)
                                          0x3 (size before relaxing)
 .rodata.str1.1
                0x0000000008005003       0x20 zephyr/libzephyr.a(log_output.c.obj)
 .rodata.postfix.0
                0x0000000008005023       0x1c zephyr/libzephyr.a(log_output.c.obj)
 .rodata.prefix.1
                0x000000000800503f        0xc zephyr/libzephyr.a(log_output.c.obj)
 .rodata.log_backend_uart_init.str1.1
                0x000000000800504b        0x9 zephyr/libzephyr.a(log_backend_uart.c.obj)
 .rodata.str1.1
                0x0000000008005054       0x11 zephyr/libzephyr.a(log_backend_uart.c.obj)
 .rodata.uart_console_init.str1.1
                0x0000000008005065        0x9 zephyr/libzephyr.a(uart_console.c.obj)
 .rodata.str1.1
                0x0000000008005065       0x1e zephyr/libzephyr.a(intc_exti_stm32.c.obj)
 .rodata.exti_irq_table
                0x0000000008005083       0x10 zephyr/libzephyr.a(intc_exti_stm32.c.obj)
                0x0000000008005083                exti_irq_table
 .rodata.str1.1
                0x0000000008005093        0xe zephyr/libzephyr.a(clock_stm32_ll_common.c.obj)
 .rodata.str1.1
                0x00000000080050a1        0xa zephyr/libzephyr.a(sys_clock_init.c.obj)
 .rodata.stm32_ipcc_mailbox_ipm_send.str1.1
                0x00000000080050ab       0x45 zephyr/libzephyr.a(ipm_stm32_ipcc.c.obj)
 .rodata.str1.1
                0x00000000080050f0       0x14 zephyr/libzephyr.a(ipm_stm32_ipcc.c.obj)
 .rodata.z_arm_fatal_error.str1.1
                0x0000000008005104       0x9b zephyr/arch/arch/arm/core/aarch32/libarch__arm__core__aarch32.a(fatal.c.obj)
 .rodata.mem_manage_fault.str1.1
                0x000000000800519f       0xd8 zephyr/arch/arch/arm/core/aarch32/cortex_m/libarch__arm__core__aarch32__cortex_m.a(fault.c.obj)
 .rodata.usage_fault.constprop.0.str1.1
                0x0000000008005277       0xcd zephyr/arch/arch/arm/core/aarch32/cortex_m/libarch__arm__core__aarch32__cortex_m.a(fault.c.obj)
 .rodata.bus_fault.constprop.0.str1.1
                0x0000000008005344       0x88 zephyr/arch/arch/arm/core/aarch32/cortex_m/libarch__arm__core__aarch32__cortex_m.a(fault.c.obj)
 .rodata.z_arm_fault.str1.1
                0x00000000080053cc       0xe7 zephyr/arch/arch/arm/core/aarch32/cortex_m/libarch__arm__core__aarch32__cortex_m.a(fault.c.obj)
 .rodata.str1.1
                0x00000000080054b3        0x4 zephyr/arch/arch/arm/core/aarch32/cortex_m/mpu/libarch__arm__core__aarch32__cortex_m__mpu.a(arm_core_mpu.c.obj)
 .rodata.mpu_configure_regions.str1.1
                0x00000000080054b7       0x49 zephyr/arch/arch/arm/core/aarch32/cortex_m/mpu/libarch__arm__core__aarch32__cortex_m__mpu.a(arm_mpu.c.obj)
 .rodata.str1.1
                0x0000000008005500        0xf zephyr/soc/arm/common/cortex_m/libsoc__arm__common__cortex_m.a(arm_mpu_regions.c.obj)
 .rodata.str1.1
                0x000000000800550f       0x18 zephyr/drivers/gpio/libdrivers__gpio.a(gpio_stm32.c.obj)
 .rodata.uart_stm32_set_baudrate.str1.1
                0x0000000008005527       0x23 zephyr/drivers/serial/libdrivers__serial.a(uart_stm32.c.obj)
 .rodata.uart_stm32_init.str1.1
                0x000000000800554a       0x32 zephyr/drivers/serial/libdrivers__serial.a(uart_stm32.c.obj)
 .rodata.str1.1
                0x000000000800557c        0xb zephyr/drivers/serial/libdrivers__serial.a(uart_stm32.c.obj)
                                         0x14 (size before relaxing)
 .rodata.k_sys_fatal_error_handler.str1.1
                0x0000000008005587        0xf zephyr/kernel/libkernel.a(fatal.c.obj)
 .rodata.z_fatal_error.str1.1
                0x0000000008005596       0x77 zephyr/kernel/libkernel.a(fatal.c.obj)
 .rodata.str1.1
                0x000000000800560d       0x4a zephyr/kernel/libkernel.a(fatal.c.obj)
 .rodata.z_cstart.str1.1
                0x0000000008005657        0x5 zephyr/kernel/libkernel.a(init.c.obj)
 .rodata.str1.1
                0x000000000800565c        0x3 zephyr/kernel/libkernel.a(init.c.obj)
 .rodata.boot_banner.str1.1
                0x000000000800565f       0x48 zephyr/kernel/libkernel.a(banner.c.obj)
                                         0x49 (size before relaxing)
 .rodata._ctype_
                0x00000000080056a7      0x101 /usr/local/arm-none-eabi/lib/thumb/v7e-m/nofp/libc_nano.a(lib_a-ctype_.o)
                0x00000000080056a7                _ctype_
 *(SORT_BY_ALIGNMENT(.gnu.linkonce.r.*))
                0x00000000080057a8                . = ALIGN (0x4)
                0x00000000080057a8                _image_rodata_end = .
                0x00000000080057c0                . = ALIGN (_region_min_align)
                0x0000000008008000                . = ALIGN ((0x1 << LOG2CEIL ((_image_rodata_end - _image_rom_start))))
                0x0000000008008000                _image_rom_end = .
                0x0000000020000000                . = 0x20000000
                0x0000000020000000                . = ALIGN (_region_min_align)
                0x0000000020000000                _image_ram_start = .

.ramfunc        0x0000000020000000        0x0 load address 0x00000000080057a8
                0x0000000020000000                . = ALIGN (_region_min_align)
                0x0000000020000000                . = ALIGN ((0x1 << LOG2CEIL (_ramfunc_ram_size)))
                0x0000000020000000                _ramfunc_ram_start = .
 *(SORT_BY_ALIGNMENT(.ramfunc))
 *(SORT_BY_ALIGNMENT(.ramfunc.*))
                0x0000000020000000                . = ALIGN (_region_min_align)
                0x0000000020000000                . = ALIGN ((0x1 << LOG2CEIL (_ramfunc_ram_size)))
                0x0000000020000000                _ramfunc_ram_end = .
                0x0000000000000000                _ramfunc_ram_size = (_ramfunc_ram_end - _ramfunc_ram_start)
                0x00000000080057a8                _ramfunc_rom_start = LOADADDR (.ramfunc)

datas           0x0000000020000000       0x34 load address 0x00000000080057a8
                0x0000000020000000                __data_ram_start = .
 *(SORT_BY_ALIGNMENT(.data))
 *(SORT_BY_ALIGNMENT(.data.*))
 .data._char_out
                0x0000000020000000        0x4 zephyr/libzephyr.a(printk.c.obj)
                0x0000000020000000                _char_out
 .data.timestamp_func
                0x0000000020000004        0x4 zephyr/libzephyr.a(log_core.c.obj)
 .data.stm32_clock_control_api
                0x0000000020000008       0x14 zephyr/libzephyr.a(clock_stm32_ll_common.c.obj)
 .data._stdout_hook
                0x000000002000001c        0x4 zephyr/lib/libc/newlib/liblib__libc__newlib.a(libc-hooks.c.obj)
 .data.uart_stm32_data_0
                0x0000000020000020        0x8 zephyr/drivers/serial/libdrivers__serial.a(uart_stm32.c.obj)
 .data.SystemCoreClock
                0x0000000020000028        0x4 modules/stm32/stm32cube/lib..__modules__hal__stm32__stm32cube.a(system_stm32wlxx.c.obj)
                0x0000000020000028                SystemCoreClock
 .data.timeout_list
                0x000000002000002c        0x8 zephyr/kernel/libkernel.a(timeout.c.obj)
 *(SORT_BY_ALIGNMENT(.kernel.*))
                0x00000000080057a8                __data_rom_start = LOADADDR (datas)

devices         0x0000000020000034       0xd8 load address 0x00000000080057dc
                0x0000000020000034                __device_start = .
                0x0000000020000034                __device_PRE_KERNEL_1_start = .
 *(SORT_BY_NAME(SORT_BY_ALIGNMENT(.z_device_PRE_KERNEL_1[0-9]_*)))
 .z_device_PRE_KERNEL_11_
                0x0000000020000034       0x18 zephyr/libzephyr.a(clock_stm32_ll_common.c.obj)
                0x0000000020000034                __device_dts_ord_16
 *(SORT_BY_NAME(SORT_BY_ALIGNMENT(.z_device_PRE_KERNEL_1[1-9][0-9]_*)))
 .z_device_PRE_KERNEL_150_
                0x000000002000004c       0x18 zephyr/libzephyr.a(intc_exti_stm32.c.obj)
                0x000000002000004c                __device_dts_ord_33
 .z_device_PRE_KERNEL_150_
                0x0000000020000064       0x18 zephyr/drivers/serial/libdrivers__serial.a(uart_stm32.c.obj)
                0x0000000020000064                __device_dts_ord_38
                0x000000002000007c                __device_PRE_KERNEL_2_start = .
 *(SORT_BY_NAME(SORT_BY_ALIGNMENT(.z_device_PRE_KERNEL_2[0-9]_*)))
 .z_device_PRE_KERNEL_20_
                0x000000002000007c       0x18 zephyr/libzephyr.a(sys_clock_init.c.obj)
 *(SORT_BY_NAME(SORT_BY_ALIGNMENT(.z_device_PRE_KERNEL_2[1-9][0-9]_*)))
                0x0000000020000094                __device_POST_KERNEL_start = .
 *(SORT_BY_NAME(SORT_BY_ALIGNMENT(.z_device_POST_KERNEL[0-9]_*)))
 *(SORT_BY_NAME(SORT_BY_ALIGNMENT(.z_device_POST_KERNEL[1-9][0-9]_*)))
 .z_device_POST_KERNEL40_
                0x0000000020000094       0x18 zephyr/libzephyr.a(ipm_stm32_ipcc.c.obj)
                0x0000000020000094                __device_dts_ord_34
 .z_device_POST_KERNEL40_
                0x00000000200000ac       0x60 zephyr/drivers/gpio/libdrivers__gpio.a(gpio_stm32.c.obj)
                0x00000000200000ac                __device_dts_ord_62
                0x00000000200000c4                __device_dts_ord_20
                0x00000000200000dc                __device_dts_ord_23
                0x00000000200000f4                __device_dts_ord_17
                0x000000002000010c                __device_APPLICATION_start = .
 *(SORT_BY_NAME(SORT_BY_ALIGNMENT(.z_device_APPLICATION[0-9]_*)))
 *(SORT_BY_NAME(SORT_BY_ALIGNMENT(.z_device_APPLICATION[1-9][0-9]_*)))
                0x000000002000010c                __device_SMP_start = .
 *(SORT_BY_NAME(SORT_BY_ALIGNMENT(.z_device_SMP[0-9]_*)))
 *(SORT_BY_NAME(SORT_BY_ALIGNMENT(.z_device_SMP[1-9][0-9]_*)))
                0x000000002000010c                __device_end = .

initshell       0x000000002000010c        0x0 load address 0x00000000080058b4
                0x000000002000010c                __shell_module_start = .
 *(SORT_BY_ALIGNMENT(.shell_module_*))
                0x000000002000010c                __shell_module_end = .
                0x000000002000010c                __shell_cmd_start = .
 *(SORT_BY_ALIGNMENT(.shell_cmd_*))
                0x000000002000010c                __shell_cmd_end = .

log_dynamic_sections
                0x000000002000010c        0x0 load address 0x00000000080058b4
                0x000000002000010c                __log_dynamic_start = .
 *(SORT_BY_NAME(SORT_BY_ALIGNMENT(.log_dynamic_*)))
                0x000000002000010c                __log_dynamic_end = .

_static_thread_data_area
                0x000000002000010c        0x0 load address 0x00000000080058b4
                0x000000002000010c                __static_thread_data_list_start = .
 *(SORT_BY_NAME(SORT_BY_ALIGNMENT(.__static_thread_data.static.*)))
                0x000000002000010c                __static_thread_data_list_end = .

k_timer_area    0x000000002000010c        0x0 load address 0x00000000080058b4
                0x000000002000010c                _k_timer_list_start = .
 *(SORT_BY_NAME(SORT_BY_ALIGNMENT(._k_timer.static.*)))
                0x000000002000010c                _k_timer_list_end = .

k_mem_slab_area
                0x000000002000010c        0x0 load address 0x00000000080058b4
                0x000000002000010c                _k_mem_slab_list_start = .
 *(SORT_BY_NAME(SORT_BY_ALIGNMENT(._k_mem_slab.static.*)))
                0x000000002000010c                _k_mem_slab_list_end = .

k_mem_pool_area
                0x000000002000010c        0x0 load address 0x00000000080058b4
                0x000000002000010c                _k_mem_pool_list_start = .
 *(SORT_BY_NAME(SORT_BY_ALIGNMENT(._k_mem_pool.static.*)))
                0x000000002000010c                _k_mem_pool_list_end = .

k_heap_area     0x000000002000010c        0x0 load address 0x00000000080058b4
                0x000000002000010c                _k_heap_list_start = .
 *(SORT_BY_NAME(SORT_BY_ALIGNMENT(._k_heap.static.*)))
                0x000000002000010c                _k_heap_list_end = .

k_mutex_area    0x000000002000010c        0x0 load address 0x00000000080058b4
                0x000000002000010c                _k_mutex_list_start = .
 *(SORT_BY_NAME(SORT_BY_ALIGNMENT(._k_mutex.static.*)))
                0x000000002000010c                _k_mutex_list_end = .

k_stack_area    0x000000002000010c        0x0 load address 0x00000000080058b4
                0x000000002000010c                _k_stack_list_start = .
 *(SORT_BY_NAME(SORT_BY_ALIGNMENT(._k_stack.static.*)))
                0x000000002000010c                _k_stack_list_end = .

k_msgq_area     0x000000002000010c        0x0 load address 0x00000000080058b4
                0x000000002000010c                _k_msgq_list_start = .
 *(SORT_BY_NAME(SORT_BY_ALIGNMENT(._k_msgq.static.*)))
                0x000000002000010c                _k_msgq_list_end = .

k_mbox_area     0x000000002000010c        0x0 load address 0x00000000080058b4
                0x000000002000010c                _k_mbox_list_start = .
 *(SORT_BY_NAME(SORT_BY_ALIGNMENT(._k_mbox.static.*)))
                0x000000002000010c                _k_mbox_list_end = .

k_pipe_area     0x000000002000010c        0x0 load address 0x00000000080058b4
                0x000000002000010c                _k_pipe_list_start = .
 *(SORT_BY_NAME(SORT_BY_ALIGNMENT(._k_pipe.static.*)))
                0x000000002000010c                _k_pipe_list_end = .

k_sem_area      0x000000002000010c       0x10 load address 0x00000000080058b4
                0x000000002000010c                _k_sem_list_start = .
 *(SORT_BY_NAME(SORT_BY_ALIGNMENT(._k_sem.static.*)))
 ._k_sem.static.log_process_thread_sem
                0x000000002000010c       0x10 zephyr/libzephyr.a(log_core.c.obj)
                0x000000002000010c                log_process_thread_sem
                0x000000002000011c                _k_sem_list_end = .

k_queue_area    0x000000002000011c        0x0 load address 0x00000000080058c4
                0x000000002000011c                _k_queue_list_start = .
 *(SORT_BY_NAME(SORT_BY_ALIGNMENT(._k_queue.static.*)))
                0x000000002000011c                _k_queue_list_end = .

k_condvar_area  0x000000002000011c        0x0 load address 0x00000000080058c4
                0x000000002000011c                _k_condvar_list_start = .
 *(SORT_BY_NAME(SORT_BY_ALIGNMENT(._k_condvar.static.*)))
                0x000000002000011c                _k_condvar_list_end = .

_net_buf_pool_area
                0x000000002000011c        0x0 load address 0x00000000080058c4
                0x000000002000011c                _net_buf_pool_list = .
 *(SORT_BY_NAME(SORT_BY_ALIGNMENT(._net_buf_pool.static.*)))
                0x000000002000011c                __data_ram_end = .

bss             0x0000000020000120      0x371
                0x0000000020000120                . = ALIGN (0x4)
                0x0000000020000120                __bss_start = .
                0x0000000020000120                __kernel_ram_start = .
 *(SORT_BY_ALIGNMENT(.bss))
 *(SORT_BY_ALIGNMENT(.bss.*))
 .bss.log_process_thread_timer
                0x0000000020000120       0x38 zephyr/libzephyr.a(log_core.c.obj)
 .bss.logging_thread
                0x0000000020000158       0x80 zephyr/libzephyr.a(log_core.c.obj)
                0x0000000020000158                logging_thread
 .bss.z_idle_threads
                0x00000000200001d8       0x80 zephyr/kernel/libkernel.a(init.c.obj)
                0x00000000200001d8                z_idle_threads
 .bss.z_main_thread
                0x0000000020000258       0x80 zephyr/kernel/libkernel.a(init.c.obj)
                0x0000000020000258                z_main_thread
 .bss.curr_tick
                0x00000000200002d8        0x8 zephyr/kernel/libkernel.a(timeout.c.obj)
 .bss.buffered_cnt
                0x00000000200002e0        0x4 zephyr/libzephyr.a(log_core.c.obj)
 .bss.dropped_cnt
                0x00000000200002e4        0x4 zephyr/libzephyr.a(log_core.c.obj)
 .bss.initialized
                0x00000000200002e8        0x4 zephyr/libzephyr.a(log_core.c.obj)
 .bss.list      0x00000000200002ec        0x8 zephyr/libzephyr.a(log_core.c.obj)
 .bss.log_strdup_pool
                0x00000000200002f4       0x1c zephyr/libzephyr.a(log_core.c.obj)
                0x00000000200002f4                log_strdup_pool
 .bss.proc_tid  0x0000000020000310        0x4 zephyr/libzephyr.a(log_core.c.obj)
 .bss.log_msg_pool
                0x0000000020000314       0x1c zephyr/libzephyr.a(log_msg.c.obj)
                0x0000000020000314                log_msg_pool
 .bss.freq      0x0000000020000330        0x4 zephyr/libzephyr.a(log_output.c.obj)
 .bss.timestamp_div
                0x0000000020000334        0x4 zephyr/libzephyr.a(log_output.c.obj)
 .bss.backend_cb_log_backend_uart
                0x0000000020000338        0x8 zephyr/libzephyr.a(log_backend_uart.c.obj)
 .bss.log_output_uart_control_block
                0x0000000020000340        0xc zephyr/libzephyr.a(log_backend_uart.c.obj)
 .bss.uart_dev  0x000000002000034c        0x4 zephyr/libzephyr.a(log_backend_uart.c.obj)
 .bss.uart_console_dev
                0x0000000020000350        0x4 zephyr/libzephyr.a(uart_console.c.obj)
 .bss.__devstate_dts_ord_33
                0x0000000020000354        0x4 zephyr/libzephyr.a(intc_exti_stm32.c.obj)
 .bss.exti_data
                0x0000000020000358       0x80 zephyr/libzephyr.a(intc_exti_stm32.c.obj)
 .bss.__devstate_dts_ord_16
                0x00000000200003d8        0x4 zephyr/libzephyr.a(clock_stm32_ll_common.c.obj)
 .bss.__devstate_sys_init_sys_clock_driver_init0
                0x00000000200003dc        0x4 zephyr/libzephyr.a(sys_clock_init.c.obj)
 .bss.announced_cycles
                0x00000000200003e0        0x4 zephyr/libzephyr.a(cortex_m_systick.c.obj)
 .bss.cycle_count
                0x00000000200003e4        0x4 zephyr/libzephyr.a(cortex_m_systick.c.obj)
 .bss.last_load
                0x00000000200003e8        0x4 zephyr/libzephyr.a(cortex_m_systick.c.obj)
 .bss.overflow_cyc
                0x00000000200003ec        0x4 zephyr/libzephyr.a(cortex_m_systick.c.obj)
 .bss.__devstate_dts_ord_34
                0x00000000200003f0        0x4 zephyr/libzephyr.a(ipm_stm32_ipcc.c.obj)
 .bss.stm32_IPCC_data
                0x00000000200003f4        0xc zephyr/libzephyr.a(ipm_stm32_ipcc.c.obj)
 .bss.dynamic_regions.0
                0x0000000020000400        0xc zephyr/arch/arch/arm/core/aarch32/cortex_m/mpu/libarch__arm__core__aarch32__cortex_m__mpu.a(arm_core_mpu.c.obj)
 .bss.__devstate_dts_ord_17
                0x000000002000040c        0x4 zephyr/drivers/gpio/libdrivers__gpio.a(gpio_stm32.c.obj)
 .bss.__devstate_dts_ord_20
                0x0000000020000410        0x4 zephyr/drivers/gpio/libdrivers__gpio.a(gpio_stm32.c.obj)
 .bss.__devstate_dts_ord_23
                0x0000000020000414        0x4 zephyr/drivers/gpio/libdrivers__gpio.a(gpio_stm32.c.obj)
 .bss.__devstate_dts_ord_62
                0x0000000020000418        0x4 zephyr/drivers/gpio/libdrivers__gpio.a(gpio_stm32.c.obj)
 .bss.gpio_stm32_data_a
                0x000000002000041c       0x10 zephyr/drivers/gpio/libdrivers__gpio.a(gpio_stm32.c.obj)
 .bss.gpio_stm32_data_b
                0x000000002000042c       0x10 zephyr/drivers/gpio/libdrivers__gpio.a(gpio_stm32.c.obj)
 .bss.gpio_stm32_data_c
                0x000000002000043c       0x10 zephyr/drivers/gpio/libdrivers__gpio.a(gpio_stm32.c.obj)
 .bss.gpio_stm32_data_h
                0x000000002000044c       0x10 zephyr/drivers/gpio/libdrivers__gpio.a(gpio_stm32.c.obj)
 .bss.__devstate_dts_ord_38
                0x000000002000045c        0x4 zephyr/drivers/serial/libdrivers__serial.a(uart_stm32.c.obj)
 .bss._kernel   0x0000000020000460       0x28 zephyr/kernel/libkernel.a(init.c.obj)
                0x0000000020000460                _kernel
 .bss.announce_remaining
                0x0000000020000488        0x4 zephyr/kernel/libkernel.a(timeout.c.obj)
 .bss.backend_attached
                0x000000002000048c        0x1 zephyr/libzephyr.a(log_core.c.obj)
 .bss.panic_mode
                0x000000002000048d        0x1 zephyr/libzephyr.a(log_core.c.obj)
 .bss.uart_output_buf
                0x000000002000048e        0x1 zephyr/libzephyr.a(log_backend_uart.c.obj)
 .bss.static_regions_num
                0x000000002000048f        0x1 zephyr/arch/arch/arm/core/aarch32/cortex_m/mpu/libarch__arm__core__aarch32__cortex_m__mpu.a(arm_mpu.c.obj)
 .bss.z_sys_post_kernel
                0x0000000020000490        0x1 zephyr/kernel/libkernel.a(init.c.obj)
                0x0000000020000490                z_sys_post_kernel
 .bss.lock      0x0000000020000491        0x0 zephyr/kernel/libkernel.a(sem.c.obj)
 .bss.sched_spinlock
                0x0000000020000491        0x0 zephyr/kernel/libkernel.a(sched.c.obj)
                0x0000000020000491                sched_spinlock
 *(SORT_BY_ALIGNMENT(COMMON))
 *(SORT_BY_ALIGNMENT(.kernel_bss.*))
                0x0000000020000494                __bss_end = ALIGN (0x4)

noinit          0x00000000200004a0     0x1d60
 *(SORT_BY_ALIGNMENT(.noinit))
 *(SORT_BY_ALIGNMENT(.noinit.*))
 .noinit."WEST_TOPDIR/zephyr/subsys/logging/log_core.c".1
                0x00000000200004a0      0x320 zephyr/libzephyr.a(log_core.c.obj)
                0x00000000200004a0                logging_stack
 .noinit."WEST_TOPDIR/zephyr/kernel/init.c".2
                0x00000000200007c0      0x820 zephyr/kernel/libkernel.a(init.c.obj)
                0x00000000200007c0                z_main_stack
 .noinit."WEST_TOPDIR/zephyr/kernel/init.c".3
                0x0000000020000fe0      0x160 zephyr/kernel/libkernel.a(init.c.obj)
 .noinit."WEST_TOPDIR/zephyr/kernel/init.c".4
                0x0000000020001140      0x820 zephyr/kernel/libkernel.a(init.c.obj)
                0x0000000020001140                z_interrupt_stacks
 .noinit."WEST_TOPDIR/zephyr/subsys/logging/log_core.c".0
                0x0000000020001960       0xa0 zephyr/libzephyr.a(log_core.c.obj)
 .noinit."WEST_TOPDIR/zephyr/subsys/logging/log_msg.c".0
                0x0000000020001a00      0x800 zephyr/libzephyr.a(log_msg.c.obj)
 *(SORT_BY_ALIGNMENT(.kernel_noinit.*))
                0x0000000020002200                _image_ram_end = .
                0x0000000020002200                _end = .
                0x0000000020008000                __kernel_ram_end = 0x20008000
                0x0000000000007ee0                __kernel_ram_size = (__kernel_ram_end - __kernel_ram_start)

.stab
 *(SORT_BY_ALIGNMENT(.stab))

.stabstr
 *(SORT_BY_ALIGNMENT(.stabstr))

.stab.excl
 *(SORT_BY_ALIGNMENT(.stab.excl))

.stab.exclstr
 *(SORT_BY_ALIGNMENT(.stab.exclstr))

.stab.index
 *(SORT_BY_ALIGNMENT(.stab.index))

.stab.indexstr
 *(SORT_BY_ALIGNMENT(.stab.indexstr))

.gnu.build.attributes
 *(SORT_BY_ALIGNMENT(.gnu.build.attributes) SORT_BY_ALIGNMENT(.gnu.build.attributes.*))

.comment        0x0000000000000000       0x4d
 *(SORT_BY_ALIGNMENT(.comment))
 .comment       0x0000000000000000       0x4d zephyr/CMakeFiles/zephyr_final.dir/isr_tables.c.obj
                                         0x4e (size before relaxing)
 .comment       0x000000000000004d       0x4e zephyr/CMakeFiles/zephyr_final.dir/dev_handles.c.obj
 .comment       0x000000000000004d       0x4e app/libapp.a(main.c.obj)
 .comment       0x000000000000004d       0x4e zephyr/libzephyr.a(printk.c.obj)
 .comment       0x000000000000004d       0x4e zephyr/libzephyr.a(thread_entry.c.obj)
 .comment       0x000000000000004d       0x4e zephyr/libzephyr.a(cbprintf_complete.c.obj)
 .comment       0x000000000000004d       0x4e zephyr/libzephyr.a(configs.c.obj)
 .comment       0x000000000000004d       0x4e zephyr/libzephyr.a(soc.c.obj)
 .comment       0x000000000000004d       0x4e zephyr/libzephyr.a(log_list.c.obj)
 .comment       0x000000000000004d       0x4e zephyr/libzephyr.a(log_core.c.obj)
 .comment       0x000000000000004d       0x4e zephyr/libzephyr.a(log_msg.c.obj)
 .comment       0x000000000000004d       0x4e zephyr/libzephyr.a(log_output.c.obj)
 .comment       0x000000000000004d       0x4e zephyr/libzephyr.a(log_backend_uart.c.obj)
 .comment       0x000000000000004d       0x4e zephyr/libzephyr.a(uart_console.c.obj)
 .comment       0x000000000000004d       0x4e zephyr/libzephyr.a(intc_exti_stm32.c.obj)
 .comment       0x000000000000004d       0x4e zephyr/libzephyr.a(clock_stm32_ll_common.c.obj)
 .comment       0x000000000000004d       0x4e zephyr/libzephyr.a(clock_stm32l4_l5_wb_wl.c.obj)
 .comment       0x000000000000004d       0x4e zephyr/libzephyr.a(pinmux_stm32.c.obj)
 .comment       0x000000000000004d       0x4e zephyr/libzephyr.a(sys_clock_init.c.obj)
 .comment       0x000000000000004d       0x4e zephyr/libzephyr.a(cortex_m_systick.c.obj)
 .comment       0x000000000000004d       0x4e zephyr/libzephyr.a(ipm_stm32_ipcc.c.obj)
 .comment       0x000000000000004d       0x4e zephyr/arch/arch/arm/core/aarch32/libarch__arm__core__aarch32.a(swap.c.obj)
 .comment       0x000000000000004d       0x4e zephyr/arch/arch/arm/core/aarch32/libarch__arm__core__aarch32.a(irq_manage.c.obj)
 .comment       0x000000000000004d       0x4e zephyr/arch/arch/arm/core/aarch32/libarch__arm__core__aarch32.a(thread.c.obj)
 .comment       0x000000000000004d       0x4e zephyr/arch/arch/arm/core/aarch32/libarch__arm__core__aarch32.a(fatal.c.obj)
 .comment       0x000000000000004d       0x4e zephyr/arch/arch/arm/core/aarch32/libarch__arm__core__aarch32.a(nmi.c.obj)
 .comment       0x000000000000004d       0x4e zephyr/arch/arch/arm/core/aarch32/libarch__arm__core__aarch32.a(prep_c.c.obj)
 .comment       0x000000000000004d       0x4e zephyr/arch/arch/arm/core/aarch32/cortex_m/libarch__arm__core__aarch32__cortex_m.a(fault.c.obj)
 .comment       0x000000000000004d       0x4e zephyr/arch/arch/arm/core/aarch32/cortex_m/libarch__arm__core__aarch32__cortex_m.a(irq_init.c.obj)
 .comment       0x000000000000004d       0x4e zephyr/arch/arch/arm/core/aarch32/cortex_m/libarch__arm__core__aarch32__cortex_m.a(thread_abort.c.obj)
 .comment       0x000000000000004d       0x4e zephyr/arch/arch/arm/core/aarch32/cortex_m/mpu/libarch__arm__core__aarch32__cortex_m__mpu.a(arm_core_mpu.c.obj)
 .comment       0x000000000000004d       0x4e zephyr/arch/arch/arm/core/aarch32/cortex_m/mpu/libarch__arm__core__aarch32__cortex_m__mpu.a(arm_mpu.c.obj)
 .comment       0x000000000000004d       0x4e zephyr/lib/libc/newlib/liblib__libc__newlib.a(libc-hooks.c.obj)
 .comment       0x000000000000004d       0x4e zephyr/soc/arm/common/cortex_m/libsoc__arm__common__cortex_m.a(arm_mpu_regions.c.obj)
 .comment       0x000000000000004d       0x4e zephyr/drivers/gpio/libdrivers__gpio.a(gpio_stm32.c.obj)
 .comment       0x000000000000004d       0x4e zephyr/drivers/serial/libdrivers__serial.a(uart_stm32.c.obj)
 .comment       0x000000000000004d       0x4e modules/stm32/stm32cube/lib..__modules__hal__stm32__stm32cube.a(system_stm32wlxx.c.obj)
 .comment       0x000000000000004d       0x4e modules/stm32/stm32cube/lib..__modules__hal__stm32__stm32cube.a(stm32wlxx_hal_pwr_ex.c.obj)
 .comment       0x000000000000004d       0x4e modules/stm32/stm32cube/lib..__modules__hal__stm32__stm32cube.a(stm32wlxx_ll_utils.c.obj)
 .comment       0x000000000000004d       0x4e zephyr/kernel/libkernel.a(device.c.obj)
 .comment       0x000000000000004d       0x4e zephyr/kernel/libkernel.a(errno.c.obj)
 .comment       0x000000000000004d       0x4e zephyr/kernel/libkernel.a(fatal.c.obj)
 .comment       0x000000000000004d       0x4e zephyr/kernel/libkernel.a(init.c.obj)
 .comment       0x000000000000004d       0x4e zephyr/kernel/libkernel.a(mem_slab.c.obj)
 .comment       0x000000000000004d       0x4e zephyr/kernel/libkernel.a(thread.c.obj)
 .comment       0x000000000000004d       0x4e zephyr/kernel/libkernel.a(idle.c.obj)
 .comment       0x000000000000004d       0x4e zephyr/kernel/libkernel.a(sem.c.obj)
 .comment       0x000000000000004d       0x4e zephyr/kernel/libkernel.a(sched.c.obj)
 .comment       0x000000000000004d       0x4e zephyr/kernel/libkernel.a(xip.c.obj)
 .comment       0x000000000000004d       0x4e zephyr/kernel/libkernel.a(timeout.c.obj)
 .comment       0x000000000000004d       0x4e zephyr/kernel/libkernel.a(timer.c.obj)
 .comment       0x000000000000004d       0x4e zephyr/kernel/libkernel.a(banner.c.obj)
 .comment       0x000000000000004d       0x4e zephyr/CMakeFiles/offsets.dir/./arch/arm/core/offsets/offsets.c.obj

.debug
 *(SORT_BY_ALIGNMENT(.debug))

.line
 *(SORT_BY_ALIGNMENT(.line))

.debug_srcinfo
 *(SORT_BY_ALIGNMENT(.debug_srcinfo))

.debug_sfnames
 *(SORT_BY_ALIGNMENT(.debug_sfnames))

.debug_aranges  0x0000000000000000     0x1298
 *(SORT_BY_ALIGNMENT(.debug_aranges))
 .debug_aranges
                0x0000000000000000       0x28 zephyr/arch/arch/arm/core/aarch32/libarch__arm__core__aarch32.a(swap_helper.S.obj)
 .debug_aranges
                0x0000000000000028       0x30 zephyr/arch/arch/arm/core/aarch32/libarch__arm__core__aarch32.a(cpu_idle.S.obj)
 .debug_aranges
                0x0000000000000058       0x20 zephyr/arch/arch/arm/core/aarch32/libarch__arm__core__aarch32.a(nmi_on_reset.S.obj)
 .debug_aranges
                0x0000000000000078       0x20 zephyr/arch/arch/arm/core/aarch32/libarch__arm__core__aarch32.a(isr_wrapper.S.obj)
 .debug_aranges
                0x0000000000000098       0x20 zephyr/arch/arch/arm/core/aarch32/cortex_m/libarch__arm__core__aarch32__cortex_m.a(reset.S.obj)
 .debug_aranges
                0x00000000000000b8       0x20 zephyr/arch/arch/arm/core/aarch32/cortex_m/libarch__arm__core__aarch32__cortex_m.a(fault_s.S.obj)
 .debug_aranges
                0x00000000000000d8       0x20 zephyr/arch/arch/arm/core/aarch32/cortex_m/libarch__arm__core__aarch32__cortex_m.a(exc_exit.S.obj)
 .debug_aranges
                0x00000000000000f8       0x18 zephyr/CMakeFiles/zephyr_final.dir/isr_tables.c.obj
 .debug_aranges
                0x0000000000000110       0x18 zephyr/CMakeFiles/zephyr_final.dir/dev_handles.c.obj
 .debug_aranges
                0x0000000000000128       0x20 app/libapp.a(main.c.obj)
 .debug_aranges
                0x0000000000000148       0x68 zephyr/libzephyr.a(printk.c.obj)
 .debug_aranges
                0x00000000000001b0       0x20 zephyr/libzephyr.a(thread_entry.c.obj)
 .debug_aranges
                0x00000000000001d0       0x38 zephyr/libzephyr.a(cbprintf_complete.c.obj)
 .debug_aranges
                0x0000000000000208       0x20 zephyr/libzephyr.a(configs.c.obj)
 .debug_aranges
                0x0000000000000228       0x20 zephyr/libzephyr.a(soc.c.obj)
 .debug_aranges
                0x0000000000000248       0x38 zephyr/libzephyr.a(log_list.c.obj)
 .debug_aranges
                0x0000000000000280      0x1d0 zephyr/libzephyr.a(log_core.c.obj)
 .debug_aranges
                0x0000000000000450       0x88 zephyr/libzephyr.a(log_msg.c.obj)
 .debug_aranges
                0x00000000000004d8       0x98 zephyr/libzephyr.a(log_output.c.obj)
 .debug_aranges
                0x0000000000000570       0x40 zephyr/libzephyr.a(log_backend_uart.c.obj)
 .debug_aranges
                0x00000000000005b0       0x28 zephyr/libzephyr.a(uart_console.c.obj)
 .debug_aranges
                0x00000000000005d8       0x88 zephyr/libzephyr.a(intc_exti_stm32.c.obj)
 .debug_aranges
                0x0000000000000660       0x38 zephyr/libzephyr.a(clock_stm32_ll_common.c.obj)
 .debug_aranges
                0x0000000000000698       0x28 zephyr/libzephyr.a(clock_stm32l4_l5_wb_wl.c.obj)
 .debug_aranges
                0x00000000000006c0       0x30 zephyr/libzephyr.a(pinmux_stm32.c.obj)
 .debug_aranges
                0x00000000000006f0       0x40 zephyr/libzephyr.a(sys_clock_init.c.obj)
 .debug_aranges
                0x0000000000000730       0x58 zephyr/libzephyr.a(cortex_m_systick.c.obj)
 .debug_aranges
                0x0000000000000788       0x60 zephyr/libzephyr.a(ipm_stm32_ipcc.c.obj)
 .debug_aranges
                0x00000000000007e8       0x20 zephyr/arch/arch/arm/core/aarch32/libarch__arm__core__aarch32.a(swap.c.obj)
 .debug_aranges
                0x0000000000000808       0x40 zephyr/arch/arch/arm/core/aarch32/libarch__arm__core__aarch32.a(irq_manage.c.obj)
 .debug_aranges
                0x0000000000000848       0x30 zephyr/arch/arch/arm/core/aarch32/libarch__arm__core__aarch32.a(thread.c.obj)
 .debug_aranges
                0x0000000000000878       0x30 zephyr/arch/arch/arm/core/aarch32/libarch__arm__core__aarch32.a(fatal.c.obj)
 .debug_aranges
                0x00000000000008a8       0x20 zephyr/arch/arch/arm/core/aarch32/libarch__arm__core__aarch32.a(nmi.c.obj)
 .debug_aranges
                0x00000000000008c8       0x20 zephyr/arch/arch/arm/core/aarch32/libarch__arm__core__aarch32.a(prep_c.c.obj)
 .debug_aranges
                0x00000000000008e8       0x40 zephyr/arch/arch/arm/core/aarch32/cortex_m/libarch__arm__core__aarch32__cortex_m.a(fault.c.obj)
 .debug_aranges
                0x0000000000000928       0x20 zephyr/arch/arch/arm/core/aarch32/cortex_m/libarch__arm__core__aarch32__cortex_m.a(irq_init.c.obj)
 .debug_aranges
                0x0000000000000948       0x20 zephyr/arch/arch/arm/core/aarch32/cortex_m/libarch__arm__core__aarch32__cortex_m.a(thread_abort.c.obj)
 .debug_aranges
                0x0000000000000968       0x28 zephyr/arch/arch/arm/core/aarch32/cortex_m/mpu/libarch__arm__core__aarch32__cortex_m__mpu.a(arm_core_mpu.c.obj)
 .debug_aranges
                0x0000000000000990       0x48 zephyr/arch/arch/arm/core/aarch32/cortex_m/mpu/libarch__arm__core__aarch32__cortex_m__mpu.a(arm_mpu.c.obj)
 .debug_aranges
                0x00000000000009d8       0xb0 zephyr/lib/libc/newlib/liblib__libc__newlib.a(libc-hooks.c.obj)
 .debug_aranges
                0x0000000000000a88       0x18 zephyr/soc/arm/common/cortex_m/libsoc__arm__common__cortex_m.a(arm_mpu_regions.c.obj)
 .debug_aranges
                0x0000000000000aa0       0x78 zephyr/drivers/gpio/libdrivers__gpio.a(gpio_stm32.c.obj)
 .debug_aranges
                0x0000000000000b18       0x50 zephyr/drivers/serial/libdrivers__serial.a(uart_stm32.c.obj)
 .debug_aranges
                0x0000000000000b68       0x28 modules/stm32/stm32cube/lib..__modules__hal__stm32__stm32cube.a(system_stm32wlxx.c.obj)
 .debug_aranges
                0x0000000000000b90      0x160 modules/stm32/stm32cube/lib..__modules__hal__stm32__stm32cube.a(stm32wlxx_hal_pwr_ex.c.obj)
 .debug_aranges
                0x0000000000000cf0       0x68 modules/stm32/stm32cube/lib..__modules__hal__stm32__stm32cube.a(stm32wlxx_ll_utils.c.obj)
 .debug_aranges
                0x0000000000000d58       0x50 zephyr/kernel/libkernel.a(device.c.obj)
 .debug_aranges
                0x0000000000000da8       0x20 zephyr/kernel/libkernel.a(errno.c.obj)
 .debug_aranges
                0x0000000000000dc8       0x58 zephyr/kernel/libkernel.a(fatal.c.obj)
 .debug_aranges
                0x0000000000000e20       0x38 zephyr/kernel/libkernel.a(init.c.obj)
 .debug_aranges
                0x0000000000000e58       0x38 zephyr/kernel/libkernel.a(mem_slab.c.obj)
 .debug_aranges
                0x0000000000000e90       0xa0 zephyr/kernel/libkernel.a(thread.c.obj)
 .debug_aranges
                0x0000000000000f30       0x28 zephyr/kernel/libkernel.a(idle.c.obj)
 .debug_aranges
                0x0000000000000f58       0x38 zephyr/kernel/libkernel.a(sem.c.obj)
 .debug_aranges
                0x0000000000000f90      0x1c8 zephyr/kernel/libkernel.a(sched.c.obj)
 .debug_aranges
                0x0000000000001158       0x20 zephyr/kernel/libkernel.a(xip.c.obj)
 .debug_aranges
                0x0000000000001178       0x98 zephyr/kernel/libkernel.a(timeout.c.obj)
 .debug_aranges
                0x0000000000001210       0x48 zephyr/kernel/libkernel.a(timer.c.obj)
 .debug_aranges
                0x0000000000001258       0x20 zephyr/kernel/libkernel.a(banner.c.obj)
 .debug_aranges
                0x0000000000001278       0x20 zephyr/CMakeFiles/offsets.dir/./arch/arm/core/offsets/offsets.c.obj

.debug_pubnames
 *(SORT_BY_ALIGNMENT(.debug_pubnames))

.debug_info     0x0000000000000000    0x3e5ac
 *(SORT_BY_ALIGNMENT(.debug_info) SORT_BY_ALIGNMENT(.gnu.linkonce.wi.*))
 .debug_info    0x0000000000000000      0x177 zephyr/CMakeFiles/zephyr_final.dir/isr_tables.c.obj
 .debug_info    0x0000000000000177      0x272 zephyr/CMakeFiles/zephyr_final.dir/dev_handles.c.obj
 .debug_info    0x00000000000003e9      0xbec app/libapp.a(main.c.obj)
 .debug_info    0x0000000000000fd5      0x558 zephyr/libzephyr.a(printk.c.obj)
 .debug_info    0x000000000000152d      0x669 zephyr/libzephyr.a(thread_entry.c.obj)
 .debug_info    0x0000000000001b96      0xf90 zephyr/libzephyr.a(cbprintf_complete.c.obj)
 .debug_info    0x0000000000002b26       0x38 zephyr/libzephyr.a(configs.c.obj)
 .debug_info    0x0000000000002b5e      0x37f zephyr/libzephyr.a(soc.c.obj)
 .debug_info    0x0000000000002edd      0x4f7 zephyr/libzephyr.a(log_list.c.obj)
 .debug_info    0x00000000000033d4     0x4ca9 zephyr/libzephyr.a(log_core.c.obj)
 .debug_info    0x000000000000807d     0x1695 zephyr/libzephyr.a(log_msg.c.obj)
 .debug_info    0x0000000000009712     0x27d0 zephyr/libzephyr.a(log_output.c.obj)
 .debug_info    0x000000000000bee2     0x10c4 zephyr/libzephyr.a(log_backend_uart.c.obj)